###############################################################################
#
# IAR ELF Linker V8.32.1.169/W32 for ARM                  26/Nov/2021  14:21:51
# Copyright 2007-2018 IAR Systems AB.
#
#    Output file  =  
#        D:\TSBrowserDownloads\JD-TOUCH\EWARM\Seed_STM32L471RE\Exe\Seed_STM32L471RE.out
#    Map file     =  
#        D:\TSBrowserDownloads\JD-TOUCH\EWARM\Seed_STM32L471RE\List\Seed_STM32L471RE.map
#    Command line =  
#        -f C:\Users\KOSON~1.GON\AppData\Local\Temp\EWFE01.tmp
#        (D:\TSBrowserDownloads\JD-TOUCH\EWARM\Seed_STM32L471RE\Obj\adc.o
#        D:\TSBrowserDownloads\JD-TOUCH\EWARM\Seed_STM32L471RE\Obj\aes.o
#        D:\TSBrowserDownloads\JD-TOUCH\EWARM\Seed_STM32L471RE\Obj\aes_cbc.o
#        D:\TSBrowserDownloads\JD-TOUCH\EWARM\Seed_STM32L471RE\Obj\asn1parse.o
#        D:\TSBrowserDownloads\JD-TOUCH\EWARM\Seed_STM32L471RE\Obj\asn1write.o
#        D:\TSBrowserDownloads\JD-TOUCH\EWARM\Seed_STM32L471RE\Obj\Backlight.o
#        D:\TSBrowserDownloads\JD-TOUCH\EWARM\Seed_STM32L471RE\Obj\base64.o
#        D:\TSBrowserDownloads\JD-TOUCH\EWARM\Seed_STM32L471RE\Obj\bb0906.o
#        D:\TSBrowserDownloads\JD-TOUCH\EWARM\Seed_STM32L471RE\Obj\bb0906_protocol.o
#        D:\TSBrowserDownloads\JD-TOUCH\EWARM\Seed_STM32L471RE\Obj\beep.o
#        D:\TSBrowserDownloads\JD-TOUCH\EWARM\Seed_STM32L471RE\Obj\bignum.o
#        D:\TSBrowserDownloads\JD-TOUCH\EWARM\Seed_STM32L471RE\Obj\BleDataHandle.o
#        D:\TSBrowserDownloads\JD-TOUCH\EWARM\Seed_STM32L471RE\Obj\BleProtocol.pb.o
#        D:\TSBrowserDownloads\JD-TOUCH\EWARM\Seed_STM32L471RE\Obj\bsp_gpio.o
#        D:\TSBrowserDownloads\JD-TOUCH\EWARM\Seed_STM32L471RE\Obj\bsp_rtc.o
#        D:\TSBrowserDownloads\JD-TOUCH\EWARM\Seed_STM32L471RE\Obj\btTask.o
#        D:\TSBrowserDownloads\JD-TOUCH\EWARM\Seed_STM32L471RE\Obj\buletooth.o
#        D:\TSBrowserDownloads\JD-TOUCH\EWARM\Seed_STM32L471RE\Obj\card.o
#        D:\TSBrowserDownloads\JD-TOUCH\EWARM\Seed_STM32L471RE\Obj\chipFlash.o
#        D:\TSBrowserDownloads\JD-TOUCH\EWARM\Seed_STM32L471RE\Obj\cJSON.o
#        D:\TSBrowserDownloads\JD-TOUCH\EWARM\Seed_STM32L471RE\Obj\cm_backtrace.o
#        D:\TSBrowserDownloads\JD-TOUCH\EWARM\Seed_STM32L471RE\Obj\cmb_fault.o
#        D:\TSBrowserDownloads\JD-TOUCH\EWARM\Seed_STM32L471RE\Obj\cmd_pb.o
#        D:\TSBrowserDownloads\JD-TOUCH\EWARM\Seed_STM32L471RE\Obj\cmsis_os.o
#        D:\TSBrowserDownloads\JD-TOUCH\EWARM\Seed_STM32L471RE\Obj\component.o
#        D:\TSBrowserDownloads\JD-TOUCH\EWARM\Seed_STM32L471RE\Obj\config_key.o
#        D:\TSBrowserDownloads\JD-TOUCH\EWARM\Seed_STM32L471RE\Obj\console.o
#        D:\TSBrowserDownloads\JD-TOUCH\EWARM\Seed_STM32L471RE\Obj\cpu_utils.o
#        D:\TSBrowserDownloads\JD-TOUCH\EWARM\Seed_STM32L471RE\Obj\crc16.o
#        D:\TSBrowserDownloads\JD-TOUCH\EWARM\Seed_STM32L471RE\Obj\crc32.o
#        D:\TSBrowserDownloads\JD-TOUCH\EWARM\Seed_STM32L471RE\Obj\croutine.o
#        D:\TSBrowserDownloads\JD-TOUCH\EWARM\Seed_STM32L471RE\Obj\des.o
#        D:\TSBrowserDownloads\JD-TOUCH\EWARM\Seed_STM32L471RE\Obj\door_key.o
#        D:\TSBrowserDownloads\JD-TOUCH\EWARM\Seed_STM32L471RE\Obj\ecdsa.o
#        D:\TSBrowserDownloads\JD-TOUCH\EWARM\Seed_STM32L471RE\Obj\ecp.o
#        D:\TSBrowserDownloads\JD-TOUCH\EWARM\Seed_STM32L471RE\Obj\ecp_curves.o
#        D:\TSBrowserDownloads\JD-TOUCH\EWARM\Seed_STM32L471RE\Obj\EncryDecry.o
#        D:\TSBrowserDownloads\JD-TOUCH\EWARM\Seed_STM32L471RE\Obj\err_log.o
#        D:\TSBrowserDownloads\JD-TOUCH\EWARM\Seed_STM32L471RE\Obj\esp12s.o
#        D:\TSBrowserDownloads\JD-TOUCH\EWARM\Seed_STM32L471RE\Obj\event_groups.o
#        D:\TSBrowserDownloads\JD-TOUCH\EWARM\Seed_STM32L471RE\Obj\fkCard.o
#        D:\TSBrowserDownloads\JD-TOUCH\EWARM\Seed_STM32L471RE\Obj\flash_sector.o
#        D:\TSBrowserDownloads\JD-TOUCH\EWARM\Seed_STM32L471RE\Obj\fm1208.o
#        D:\TSBrowserDownloads\JD-TOUCH\EWARM\Seed_STM32L471RE\Obj\freertos.o
#        D:\TSBrowserDownloads\JD-TOUCH\EWARM\Seed_STM32L471RE\Obj\gpio.o
#        D:\TSBrowserDownloads\JD-TOUCH\EWARM\Seed_STM32L471RE\Obj\hal_spi.o
#        D:\TSBrowserDownloads\JD-TOUCH\EWARM\Seed_STM32L471RE\Obj\heap_4.o
#        D:\TSBrowserDownloads\JD-TOUCH\EWARM\Seed_STM32L471RE\Obj\hmac_drbg.o
#        D:\TSBrowserDownloads\JD-TOUCH\EWARM\Seed_STM32L471RE\Obj\i2c.o
#        D:\TSBrowserDownloads\JD-TOUCH\EWARM\Seed_STM32L471RE\Obj\iso14443a.o
#        D:\TSBrowserDownloads\JD-TOUCH\EWARM\Seed_STM32L471RE\Obj\iso14443a_3.o
#        D:\TSBrowserDownloads\JD-TOUCH\EWARM\Seed_STM32L471RE\Obj\iso14443b.o
#        D:\TSBrowserDownloads\JD-TOUCH\EWARM\Seed_STM32L471RE\Obj\iso14443b_st25tb.o
#        D:\TSBrowserDownloads\JD-TOUCH\EWARM\Seed_STM32L471RE\Obj\iso14443bRead.o
#        D:\TSBrowserDownloads\JD-TOUCH\EWARM\Seed_STM32L471RE\Obj\iso15693_3.o
#        D:\TSBrowserDownloads\JD-TOUCH\EWARM\Seed_STM32L471RE\Obj\iso15693Read.o
#        D:\TSBrowserDownloads\JD-TOUCH\EWARM\Seed_STM32L471RE\Obj\iwdg.o
#        D:\TSBrowserDownloads\JD-TOUCH\EWARM\Seed_STM32L471RE\Obj\key_task.o
#        D:\TSBrowserDownloads\JD-TOUCH\EWARM\Seed_STM32L471RE\Obj\list.o
#        D:\TSBrowserDownloads\JD-TOUCH\EWARM\Seed_STM32L471RE\Obj\m_list.o
#        D:\TSBrowserDownloads\JD-TOUCH\EWARM\Seed_STM32L471RE\Obj\magnet.o
#        D:\TSBrowserDownloads\JD-TOUCH\EWARM\Seed_STM32L471RE\Obj\main.o
#        D:\TSBrowserDownloads\JD-TOUCH\EWARM\Seed_STM32L471RE\Obj\mcc.o
#        D:\TSBrowserDownloads\JD-TOUCH\EWARM\Seed_STM32L471RE\Obj\mcc_crypto.o
#        D:\TSBrowserDownloads\JD-TOUCH\EWARM\Seed_STM32L471RE\Obj\mcc_crypto_card.o
#        D:\TSBrowserDownloads\JD-TOUCH\EWARM\Seed_STM32L471RE\Obj\mcc_crypto_reader.o
#        D:\TSBrowserDownloads\JD-TOUCH\EWARM\Seed_STM32L471RE\Obj\mcc_macros.o
#        D:\TSBrowserDownloads\JD-TOUCH\EWARM\Seed_STM32L471RE\Obj\mcc_raw_request.o
#        D:\TSBrowserDownloads\JD-TOUCH\EWARM\Seed_STM32L471RE\Obj\md.o
#        D:\TSBrowserDownloads\JD-TOUCH\EWARM\Seed_STM32L471RE\Obj\md5.o
#        D:\TSBrowserDownloads\JD-TOUCH\EWARM\Seed_STM32L471RE\Obj\md_wrap.o
#        D:\TSBrowserDownloads\JD-TOUCH\EWARM\Seed_STM32L471RE\Obj\modules_init.o
#        D:\TSBrowserDownloads\JD-TOUCH\EWARM\Seed_STM32L471RE\Obj\mqtt_client.o
#        D:\TSBrowserDownloads\JD-TOUCH\EWARM\Seed_STM32L471RE\Obj\mqtt_ota.o
#        D:\TSBrowserDownloads\JD-TOUCH\EWARM\Seed_STM32L471RE\Obj\mqtt_task.o
#        D:\TSBrowserDownloads\JD-TOUCH\EWARM\Seed_STM32L471RE\Obj\MQTTConnectClient.o
#        D:\TSBrowserDownloads\JD-TOUCH\EWARM\Seed_STM32L471RE\Obj\MQTTConnectServer.o
#        D:\TSBrowserDownloads\JD-TOUCH\EWARM\Seed_STM32L471RE\Obj\MQTTDeserializePublish.o
#        D:\TSBrowserDownloads\JD-TOUCH\EWARM\Seed_STM32L471RE\Obj\MQTTFormat.o
#        D:\TSBrowserDownloads\JD-TOUCH\EWARM\Seed_STM32L471RE\Obj\MQTTFreeRTOS.o
#        D:\TSBrowserDownloads\JD-TOUCH\EWARM\Seed_STM32L471RE\Obj\MQTTPacket.o
#        D:\TSBrowserDownloads\JD-TOUCH\EWARM\Seed_STM32L471RE\Obj\MQTTSerializePublish.o
#        D:\TSBrowserDownloads\JD-TOUCH\EWARM\Seed_STM32L471RE\Obj\MQTTSubscribeClient.o
#        D:\TSBrowserDownloads\JD-TOUCH\EWARM\Seed_STM32L471RE\Obj\MQTTSubscribeServer.o
#        D:\TSBrowserDownloads\JD-TOUCH\EWARM\Seed_STM32L471RE\Obj\MQTTUnsubscribeClient.o
#        D:\TSBrowserDownloads\JD-TOUCH\EWARM\Seed_STM32L471RE\Obj\MQTTUnsubscribeServer.o
#        D:\TSBrowserDownloads\JD-TOUCH\EWARM\Seed_STM32L471RE\Obj\oid.o
#        D:\TSBrowserDownloads\JD-TOUCH\EWARM\Seed_STM32L471RE\Obj\open_door.o
#        D:\TSBrowserDownloads\JD-TOUCH\EWARM\Seed_STM32L471RE\Obj\open_log.o
#        D:\TSBrowserDownloads\JD-TOUCH\EWARM\Seed_STM32L471RE\Obj\pb_common.o
#        D:\TSBrowserDownloads\JD-TOUCH\EWARM\Seed_STM32L471RE\Obj\pb_decode.o
#        D:\TSBrowserDownloads\JD-TOUCH\EWARM\Seed_STM32L471RE\Obj\pb_encode.o
#        D:\TSBrowserDownloads\JD-TOUCH\EWARM\Seed_STM32L471RE\Obj\pem.o
#        D:\TSBrowserDownloads\JD-TOUCH\EWARM\Seed_STM32L471RE\Obj\permi_list.o
#        D:\TSBrowserDownloads\JD-TOUCH\EWARM\Seed_STM32L471RE\Obj\pk.o
#        D:\TSBrowserDownloads\JD-TOUCH\EWARM\Seed_STM32L471RE\Obj\pk_wrap.o
#        D:\TSBrowserDownloads\JD-TOUCH\EWARM\Seed_STM32L471RE\Obj\pkparse.o
#        D:\TSBrowserDownloads\JD-TOUCH\EWARM\Seed_STM32L471RE\Obj\port.o
#        D:\TSBrowserDownloads\JD-TOUCH\EWARM\Seed_STM32L471RE\Obj\portasm.o
#        D:\TSBrowserDownloads\JD-TOUCH\EWARM\Seed_STM32L471RE\Obj\pwm.o
#        D:\TSBrowserDownloads\JD-TOUCH\EWARM\Seed_STM32L471RE\Obj\queue.o
#        D:\TSBrowserDownloads\JD-TOUCH\EWARM\Seed_STM32L471RE\Obj\relay.o
#        D:\TSBrowserDownloads\JD-TOUCH\EWARM\Seed_STM32L471RE\Obj\rfal_analogConfig.o
#        D:\TSBrowserDownloads\JD-TOUCH\EWARM\Seed_STM32L471RE\Obj\rfal_crc.o
#        D:\TSBrowserDownloads\JD-TOUCH\EWARM\Seed_STM32L471RE\Obj\rfal_iso15693_2.o
#        D:\TSBrowserDownloads\JD-TOUCH\EWARM\Seed_STM32L471RE\Obj\rfal_isoDep.o
#        D:\TSBrowserDownloads\JD-TOUCH\EWARM\Seed_STM32L471RE\Obj\rfal_nfca.o
#        D:\TSBrowserDownloads\JD-TOUCH\EWARM\Seed_STM32L471RE\Obj\rfal_nfcb.o
#        D:\TSBrowserDownloads\JD-TOUCH\EWARM\Seed_STM32L471RE\Obj\rfal_nfcDep.o
#        D:\TSBrowserDownloads\JD-TOUCH\EWARM\Seed_STM32L471RE\Obj\rfal_nfcf.o
#        D:\TSBrowserDownloads\JD-TOUCH\EWARM\Seed_STM32L471RE\Obj\rfal_nfcv.o
#        D:\TSBrowserDownloads\JD-TOUCH\EWARM\Seed_STM32L471RE\Obj\rfal_rfst25r3911.o
#        D:\TSBrowserDownloads\JD-TOUCH\EWARM\Seed_STM32L471RE\Obj\rfal_st25tb.o
#        D:\TSBrowserDownloads\JD-TOUCH\EWARM\Seed_STM32L471RE\Obj\rfal_t1t.o
#        D:\TSBrowserDownloads\JD-TOUCH\EWARM\Seed_STM32L471RE\Obj\ripemd160.o
#        D:\TSBrowserDownloads\JD-TOUCH\EWARM\Seed_STM32L471RE\Obj\rsa.o
#        D:\TSBrowserDownloads\JD-TOUCH\EWARM\Seed_STM32L471RE\Obj\rtc.o
#        D:\TSBrowserDownloads\JD-TOUCH\EWARM\Seed_STM32L471RE\Obj\serial.o
#        D:\TSBrowserDownloads\JD-TOUCH\EWARM\Seed_STM32L471RE\Obj\sha1.o
#        D:\TSBrowserDownloads\JD-TOUCH\EWARM\Seed_STM32L471RE\Obj\sha256.o
#        D:\TSBrowserDownloads\JD-TOUCH\EWARM\Seed_STM32L471RE\Obj\sha512.o
#        D:\TSBrowserDownloads\JD-TOUCH\EWARM\Seed_STM32L471RE\Obj\sim800c.o
#        D:\TSBrowserDownloads\JD-TOUCH\EWARM\Seed_STM32L471RE\Obj\socket.o
#        D:\TSBrowserDownloads\JD-TOUCH\EWARM\Seed_STM32L471RE\Obj\spi.o
#        D:\TSBrowserDownloads\JD-TOUCH\EWARM\Seed_STM32L471RE\Obj\spi_flash.o
#        D:\TSBrowserDownloads\JD-TOUCH\EWARM\Seed_STM32L471RE\Obj\st25_spi.o
#        D:\TSBrowserDownloads\JD-TOUCH\EWARM\Seed_STM32L471RE\Obj\st25_timer.o
#        D:\TSBrowserDownloads\JD-TOUCH\EWARM\Seed_STM32L471RE\Obj\st25Drv.o
#        D:\TSBrowserDownloads\JD-TOUCH\EWARM\Seed_STM32L471RE\Obj\st25r3911.o
#        D:\TSBrowserDownloads\JD-TOUCH\EWARM\Seed_STM32L471RE\Obj\st25r3911_com.o
#        D:\TSBrowserDownloads\JD-TOUCH\EWARM\Seed_STM32L471RE\Obj\st25r3911_interrupt.o
#        D:\TSBrowserDownloads\JD-TOUCH\EWARM\Seed_STM32L471RE\Obj\startup_stm32l471xx.o
#        D:\TSBrowserDownloads\JD-TOUCH\EWARM\Seed_STM32L471RE\Obj\stm32l4xx_hal.o
#        D:\TSBrowserDownloads\JD-TOUCH\EWARM\Seed_STM32L471RE\Obj\stm32l4xx_hal_adc.o
#        D:\TSBrowserDownloads\JD-TOUCH\EWARM\Seed_STM32L471RE\Obj\stm32l4xx_hal_adc_ex.o
#        D:\TSBrowserDownloads\JD-TOUCH\EWARM\Seed_STM32L471RE\Obj\stm32l4xx_hal_cortex.o
#        D:\TSBrowserDownloads\JD-TOUCH\EWARM\Seed_STM32L471RE\Obj\stm32l4xx_hal_dma.o
#        D:\TSBrowserDownloads\JD-TOUCH\EWARM\Seed_STM32L471RE\Obj\stm32l4xx_hal_dma_ex.o
#        D:\TSBrowserDownloads\JD-TOUCH\EWARM\Seed_STM32L471RE\Obj\stm32l4xx_hal_flash.o
#        D:\TSBrowserDownloads\JD-TOUCH\EWARM\Seed_STM32L471RE\Obj\stm32l4xx_hal_flash_ex.o
#        D:\TSBrowserDownloads\JD-TOUCH\EWARM\Seed_STM32L471RE\Obj\stm32l4xx_hal_flash_ramfunc.o
#        D:\TSBrowserDownloads\JD-TOUCH\EWARM\Seed_STM32L471RE\Obj\stm32l4xx_hal_gpio.o
#        D:\TSBrowserDownloads\JD-TOUCH\EWARM\Seed_STM32L471RE\Obj\stm32l4xx_hal_i2c.o
#        D:\TSBrowserDownloads\JD-TOUCH\EWARM\Seed_STM32L471RE\Obj\stm32l4xx_hal_i2c_ex.o
#        D:\TSBrowserDownloads\JD-TOUCH\EWARM\Seed_STM32L471RE\Obj\stm32l4xx_hal_iwdg.o
#        D:\TSBrowserDownloads\JD-TOUCH\EWARM\Seed_STM32L471RE\Obj\stm32l4xx_hal_msp.o
#        D:\TSBrowserDownloads\JD-TOUCH\EWARM\Seed_STM32L471RE\Obj\stm32l4xx_hal_pwr.o
#        D:\TSBrowserDownloads\JD-TOUCH\EWARM\Seed_STM32L471RE\Obj\stm32l4xx_hal_pwr_ex.o
#        D:\TSBrowserDownloads\JD-TOUCH\EWARM\Seed_STM32L471RE\Obj\stm32l4xx_hal_rcc.o
#        D:\TSBrowserDownloads\JD-TOUCH\EWARM\Seed_STM32L471RE\Obj\stm32l4xx_hal_rcc_ex.o
#        D:\TSBrowserDownloads\JD-TOUCH\EWARM\Seed_STM32L471RE\Obj\stm32l4xx_hal_rtc.o
#        D:\TSBrowserDownloads\JD-TOUCH\EWARM\Seed_STM32L471RE\Obj\stm32l4xx_hal_rtc_ex.o
#        D:\TSBrowserDownloads\JD-TOUCH\EWARM\Seed_STM32L471RE\Obj\stm32l4xx_hal_spi.o
#        D:\TSBrowserDownloads\JD-TOUCH\EWARM\Seed_STM32L471RE\Obj\stm32l4xx_hal_spi_ex.o
#        D:\TSBrowserDownloads\JD-TOUCH\EWARM\Seed_STM32L471RE\Obj\stm32l4xx_hal_tim.o
#        D:\TSBrowserDownloads\JD-TOUCH\EWARM\Seed_STM32L471RE\Obj\stm32l4xx_hal_tim_ex.o
#        D:\TSBrowserDownloads\JD-TOUCH\EWARM\Seed_STM32L471RE\Obj\stm32l4xx_hal_uart.o
#        D:\TSBrowserDownloads\JD-TOUCH\EWARM\Seed_STM32L471RE\Obj\stm32l4xx_hal_uart_ex.o
#        D:\TSBrowserDownloads\JD-TOUCH\EWARM\Seed_STM32L471RE\Obj\stm32l4xx_it.o
#        D:\TSBrowserDownloads\JD-TOUCH\EWARM\Seed_STM32L471RE\Obj\swipeTag.o
#        D:\TSBrowserDownloads\JD-TOUCH\EWARM\Seed_STM32L471RE\Obj\sys_led.o
#        D:\TSBrowserDownloads\JD-TOUCH\EWARM\Seed_STM32L471RE\Obj\sysCfg.o
#        D:\TSBrowserDownloads\JD-TOUCH\EWARM\Seed_STM32L471RE\Obj\sysCntSave.o
#        D:\TSBrowserDownloads\JD-TOUCH\EWARM\Seed_STM32L471RE\Obj\system_stm32l4xx.o
#        D:\TSBrowserDownloads\JD-TOUCH\EWARM\Seed_STM32L471RE\Obj\tagComponent.o
#        D:\TSBrowserDownloads\JD-TOUCH\EWARM\Seed_STM32L471RE\Obj\tasks.o
#        D:\TSBrowserDownloads\JD-TOUCH\EWARM\Seed_STM32L471RE\Obj\tim.o
#        D:\TSBrowserDownloads\JD-TOUCH\EWARM\Seed_STM32L471RE\Obj\timer.o
#        D:\TSBrowserDownloads\JD-TOUCH\EWARM\Seed_STM32L471RE\Obj\timers.o
#        D:\TSBrowserDownloads\JD-TOUCH\EWARM\Seed_STM32L471RE\Obj\tsl_mqtt.o
#        D:\TSBrowserDownloads\JD-TOUCH\EWARM\Seed_STM32L471RE\Obj\tslDatahand.o
#        D:\TSBrowserDownloads\JD-TOUCH\EWARM\Seed_STM32L471RE\Obj\twinkle.o
#        D:\TSBrowserDownloads\JD-TOUCH\EWARM\Seed_STM32L471RE\Obj\unit.o
#        D:\TSBrowserDownloads\JD-TOUCH\EWARM\Seed_STM32L471RE\Obj\usart.o
#        D:\TSBrowserDownloads\JD-TOUCH\EWARM\Seed_STM32L471RE\Obj\variable.o
#        --printf_multibytes --redirect _Scanf=_ScanfFull --no_out_extension -o
#        D:\TSBrowserDownloads\JD-TOUCH\EWARM\Seed_STM32L471RE\Exe\Seed_STM32L471RE.out
#        --map
#        D:\TSBrowserDownloads\JD-TOUCH\EWARM\Seed_STM32L471RE\List\Seed_STM32L471RE.map
#        --config D:\TSBrowserDownloads\JD-TOUCH\EWARM\stm32l471xx_flash.icf
#        --semihosting --entry __iar_program_start --vfe --text_out locale)
#
###############################################################################

*******************************************************************************
*** RUNTIME MODEL ATTRIBUTES
***

CppFlavor       = *
__Heap_Handler  = DLMalloc
__SystemLibrary = DLib
__dlib_version  = 6


*******************************************************************************
*** HEAP SELECTION
***

The advanced heap was selected because the application calls memory
allocation functions outside of system library functions, and there
are calls to deallocation functions in the application.


*******************************************************************************
*** PLACEMENT SUMMARY
***

"A0":  place at 0x800'a000 { ro section .intvec };
"P1":  place in [from 0x800'a000 to 0x80f'ffff] { ro section u_boot_cmd };
"P2":  place in [from 0x800'a000 to 0x80f'ffff] { ro section __conmonent_init };
"P3":  place in [from 0x800'a000 to 0x80f'ffff] {
          ro section __bluetooth_command };
"P4":  place in [from 0x800'a000 to 0x80f'ffff] { ro section __modules_init };
"P5":  place in [from 0x800'a000 to 0x80f'ffff] { ro };
"P6":  place in [from 0x2000'0000 to 0x2001'7fff] { rw };
define block CSTACK with size = 4K, alignment = 8 { };
define block HEAP with size = 8K, alignment = 8 { };
"P7":  place in [from 0x1000'0000 to 0x1000'7fff] { block CSTACK, block HEAP };
initialize by copy { rw };

No sections matched the following patterns:

  ro section __bluetooth_command  in "P1-P5"
  ro section __conmonent_init     in "P1-P5"
  ro section __modules_init       in "P1-P5"
  ro section u_boot_cmd           in "P1-P5"


  Section               Kind         Address     Size  Object
  -------               ----         -------     ----  ------
"A0":                                           0x188
  .intvec               ro code   0x800'a000    0x188  startup_stm32l471xx.o [1]
                                - 0x800'a188    0x188

"P1-P5":                                      0x26b0a
  .text                           0x800'a188  0x22604  <Block>
    .text               ro code   0x800'a188    0x290  adc.o [1]
    .text               ro code   0x800'a418    0xce8  stm32l4xx_hal_adc.o [1]
    .text               ro code   0x800'b100    0x314  stm32l4xx_hal_gpio.o [1]
    .text               ro code   0x800'b414     0x8a  stm32l4xx_hal_adc_ex.o [1]
    .text               ro code   0x800'b49e      0xa  xsprout.o [2]
    .text               ro code   0x800'b4a8    0x348  main.o [1]
    .text               ro code   0x800'b7f0     0x28  printf.o [2]
    .text               ro code   0x800'b818     0x44  cpu_utils.o [1]
    .text               ro code   0x800'b85c    0x4f8  unit.o [1]
    .text               ro code   0x800'bd54      0xc  stm32l4xx_hal.o [1]
    .text               ro code   0x800'bd60      0x2  stm32l4xx_hal_adc_ex.o [1]
    .text               ro code   0x800'bd62      0x2  stm32l4xx_hal_adc.o [1]
    .text               ro code   0x800'bd64      0x2  stm32l4xx_hal_adc_ex.o [1]
    .text               ro code   0x800'bd66      0x2  stm32l4xx_hal_adc_ex.o [1]
    .text               ro code   0x800'bd68      0x2  stm32l4xx_hal_adc.o [1]
    .text               ro code   0x800'bd6a      0x2  stm32l4xx_hal_adc_ex.o [1]
    .text               ro code   0x800'bd6c     0x18  ABImemcpy_small.o [4]
    .text               ro code   0x800'bd84    0x84c  cm_backtrace.o [1]
    .text               ro code   0x800'c5d0     0x16  stm32l4xx_hal.o [1]
    .text               ro code   0x800'c5e6     0x1e  xsscin.o [2]
    .text               ro code   0x800'c604    0x128  gpio.o [1]
    .text               ro code   0x800'c72c    0x1bc  rtc.o [1]
    .text               ro code   0x800'c8e8    0x1bc  spi.o [1]
    .text               ro code   0x800'caa4    0x424  usart.o [1]
    .text               ro code   0x800'cec8     0x38  iwdg.o [1]
    .text               ro code   0x800'cf00    0x12c  tim.o [1]
    .text               ro code   0x800'd02c     0xe8  stm32l4xx_hal_cortex.o [1]
    .text               ro code   0x800'd114    0x134  console.o [1]
    .text               ro code   0x800'd248    0x4e8  freertos.o [1]
    .text               ro code   0x800'd730     0x66  cmsis_os.o [1]
    .text               ro code   0x800'd796     0x26  xencoding_8859_1.o [2]
    .text               ro code   0x800'd7bc    0x6c4  stm32l4xx_hal_rcc.o [1]
    .text               ro code   0x800'de80    0x500  stm32l4xx_hal_rcc_ex.o [1]
    .text               ro code   0x800'e380     0x7c  stm32l4xx_hal_pwr_ex.o [1]
    .text               ro code   0x800'e3fc    0xf46  xprintffull.o [2]
    .text               ro code   0x800'f342     0x3a  zero_init3.o [4]
    .text               ro code   0x800'f37c    0xa24  tasks.o [1]
    .text               ro code   0x800'fda0      0x6  ABImemclr4.o [4]
    .text               ro code   0x800'fda6     0x7a  lz77_init_single.o [4]
    .text               ro code   0x800'fe20     0x34  vsprintf.o [2]
    .text               ro code   0x800'fe54    0x21c  err_log.o [1]
    .text               ro code   0x801'0070     0x22  I64Shl.o [4]
    .text               ro code   0x801'0092     0x5c  stm32l4xx_hal_iwdg.o [1]
    .text               ro code   0x801'00ee     0x30  strstr.o [2]
    .text               ro code   0x801'0120     0x28  sscanf.o [2]
    .text               ro code   0x801'0148     0x1e  strncpy_small.o [4]
    .text               ro code   0x801'0168     0x40  sprintf.o [2]
    .text               ro code   0x801'01a8     0x28  stm32l4xx_hal.o [1]
    .text               ro code   0x801'01d0     0x8c  stm32l4xx_hal_msp.o [1]
    .text               ro code   0x801'025c    0x594  stm32l4xx_hal_rtc.o [1]
    .text               ro code   0x801'07f0     0x1c  stm32l4xx_hal_rtc_ex.o [1]
    .text               ro code   0x801'080c    0x852  stm32l4xx_hal_spi.o [1]
    .text               ro code   0x801'1060    0x72c  stm32l4xx_hal_uart.o [1]
    .text               ro code   0x801'178c     0x54  stm32l4xx_hal_tim_ex.o [1]
    .text               ro code   0x801'17e0    0x74c  stm32l4xx_hal_tim.o [1]
    .text               ro code   0x801'1f2c     0xfc  timer.o [1]
    .text               ro code   0x801'2028     0x10  stm32l4xx_hal.o [1]
    .text               ro code   0x801'2038     0xf4  beep.o [1]
    .text               ro code   0x801'212c    0x724  queue.o [1]
    .text               ro code   0x801'2850      0xc  putchar.o [2]
    .text               ro code   0x801'285c    0x270  event_groups.o [1]
    .text               ro code   0x801'2acc    0x374  spi_flash.o [1]
    .text               ro code   0x801'2e40   0x17c4  sysCfg.o [1]
    .text               ro code   0x801'4604    0x304  bsp_gpio.o [1]
    .text               ro code   0x801'4908     0xe8  modules_init.o [1]
    .text               ro code   0x801'49f0     0xec  component.o [1]
    .text               ro code   0x801'4adc    0x180  buletooth.o [1]
    .text               ro code   0x801'4c5c     0x80  tagComponent.o [1]
    .text               ro code   0x801'4cdc    0x8f0  socket.o [1]
    .text               ro code   0x801'55cc    0x1b8  btTask.o [1]
    .text               ro code   0x801'5784    0x21c  key_task.o [1]
    .text               ro code   0x801'59a0     0xec  card.o [1]
    .text               ro code   0x801'5a8c    0xc74  open_log.o [1]
    .text               ro code   0x801'6700    0x9b4  mqtt_ota.o [1]
    .text               ro code   0x801'70b4    0x504  mqtt_task.o [1]
    .text               ro code   0x801'75b8    0x294  port.o [1]
    .text               ro code   0x801'784c    0x104  xlocale_c.o [2]
    .text               ro code   0x801'7950     0x16  strchr.o [4]
    .text               ro code   0x801'7968     0x40  xfail_s.o [2]
    .text               ro code   0x801'79a8     0x14  strlen_small.o [4]
    .text               ro code   0x801'79bc     0x58  memchr.o [4]
    .text               ro code   0x801'7a14      0xa  xmbcurmax.o [2]
    .text               ro code   0x801'7a20    0x106  I64DivMod_small.o [4]
    .text               ro code   0x801'7b28    0x1a2  DblMul.o [3]
    .text               ro code   0x801'7ccc     0x70  frexp.o [3]
    .text               ro code   0x801'7d3c     0x2e  DblCmpLe.o [3]
    .text               ro code   0x801'7d6c     0x2e  DblCmpGe.o [3]
    .text               ro code   0x801'7d9c    0x13a  ldexp.o [3]
    .text               ro code   0x801'7ed8     0x3a  DblToS32.o [3]
    .text               ro code   0x801'7f14     0x22  S32ToDbl.o [3]
    .text               ro code   0x801'7f38     0xe2  DblSub.o [3]
    .text               ro code   0x801'801c    0x246  DblDiv.o [3]
    .text               ro code   0x801'8264     0x28  DblToU32.o [3]
    .text               ro code   0x801'828c     0x1a  U32ToDbl.o [3]
    .text               ro code   0x801'82a8    0x20c  heap_4.o [1]
    .text               ro code   0x801'84b4     0x3a  ABImemset48.o [4]
    .text               ro code   0x801'84ee     0x90  list.o [1]
    .text               ro code   0x801'8580    0xe58  xscanffull.o [2]
    .text               ro code   0x801'93d8     0x12  ABImemset_small.o [4]
    .text               ro code   0x801'93ea      0x2  stm32l4xx_hal_rtc_ex.o [1]
    .text               ro code   0x801'93ec    0x3b8  bsp_rtc.o [1]
    .text               ro code   0x801'97a4     0x44  stm32l4xx_hal_dma.o [1]
    .text               ro code   0x801'97e8      0x2  stm32l4xx_hal_spi.o [1]
    .text               ro code   0x801'97ea      0x2  stm32l4xx_hal_uart_ex.o [1]
    .text               ro code   0x801'97ec      0x2  stm32l4xx_hal_uart.o [1]
    .text               ro code   0x801'97ee      0x2  stm32l4xx_hal_tim.o [1]
    .text               ro code   0x801'97f0      0x2  stm32l4xx_hal_tim.o [1]
    .text               ro code   0x801'97f2      0x2  stm32l4xx_hal_tim.o [1]
    .text               ro code   0x801'97f4      0x2  stm32l4xx_hal_tim_ex.o [1]
    .text               ro code   0x801'97f6      0x2  stm32l4xx_hal_tim.o [1]
    .text               ro code   0x801'97f8      0x2  stm32l4xx_hal_tim_ex.o [1]
    .text               ro code   0x801'97fa      0x2  stm32l4xx_hal_tim.o [1]
    .text               ro code   0x801'97fc   0x1d24  dlmalloc.o [2]
    .text               ro code   0x801'b520      0x6  ABImemclr.o [4]
    .text               ro code   0x801'b528     0x90  twinkle.o [1]
    .text               ro code   0x801'b5b8    0x180  flash_sector.o [1]
    .text               ro code   0x801'b738    0x2a0  chipFlash.o [1]
    .text               ro code   0x801'b9d8     0x2c  crc16.o [1]
    .text               ro code   0x801'ba04    0x93c  permi_list.o [1]
    .text               ro code   0x801'c340     0x28  strncat.o [2]
    .text               ro code   0x801'c368    0xd48  bb0906.o [1]
    .text               ro code   0x801'd0b0    0x2d8  BleDataHandle.o [1]
    .text               ro code   0x801'd388    0x384  bb0906_protocol.o [1]
    .text               ro code   0x801'd70c     0xb8  open_door.o [1]
    .text               ro code   0x801'd7c4    0xf2c  swipeTag.o [1]
    .text               ro code   0x801'e6f0   0x1a44  tsl_mqtt.o [1]
    .text               ro code   0x802'0134    0x9b4  md5.o [1]
    .text               ro code   0x802'0ae8    0x1ba  iar_Stoullx.o [2]
    .text               ro code   0x802'0ca4   0x101c  mqtt_client.o [1]
    .text               ro code   0x802'1cc0    0x290  MQTTFreeRTOS.o [1]
    .text               ro code   0x802'1f50      0x6  abort.o [2]
    .text               ro code   0x802'1f58      0x2  I64DivZer.o [4]
    .text               ro code   0x802'1f5c    0x17a  DblAdd.o [3]
    .text               ro code   0x802'20d8     0x3c  wctob.o [2]
    .text               ro code   0x802'2114     0x14  isspace.o [2]
    .text               ro code   0x802'2128     0x9e  iar_Stollx.o [2]
    .text               ro code   0x802'21c8    0x51a  strto64.o [3]
    .text               ro code   0x802'26e2     0x14  isalpha.o [2]
    .text               ro code   0x802'26f8     0x68  DblToFlt.o [3]
    .text               ro code   0x802'2760     0x2c  xgetmemchunk.o [2]
    .text               ro code   0x802'278c    0x238  stm32l4xx_hal_flash.o [1]
    .text               ro code   0x802'29c4    0x198  stm32l4xx_hal_flash_ex.o [1]
    .text               ro code   0x802'2b5c    0x1ac  sysCntSave.o [1]
    .text               ro code   0x802'2d08     0x2c  crc32.o [1]
    .text               ro code   0x802'2d34     0x1e  stm32l4xx_hal.o [1]
    .text               ro code   0x802'2d54    0x14c  iar_Stoulx.o [2]
    .text               ro code   0x802'2ea0    0x278  EncryDecry.o [1]
    .text               ro code   0x802'3118    0x21c  tslDatahand.o [1]
    .text               ro code   0x802'3334      0x8  heaptramp0.o [2]
    .text               ro code   0x802'333c    0xe48  cJSON.o [1]
    .text               ro code   0x802'4184     0x14  tolower.o [2]
    .text               ro code   0x802'4198    0x134  MQTTSerializePublish.o [1]
    .text               ro code   0x802'42cc    0x1ce  MQTTPacket.o [1]
    .text               ro code   0x802'449c     0x12  strcmp.o [4]
    .text               ro code   0x802'44b0    0x294  MQTTConnectClient.o [1]
    .text               ro code   0x802'4744     0xf0  MQTTDeserializePublish.o [1]
    .text               ro code   0x802'4834    0x148  MQTTSubscribeClient.o [1]
    .text               ro code   0x802'497c     0x14  exit.o [5]
    .text               ro code   0x802'4990    0x122  iar_Stopfx.o [2]
    .text               ro code   0x802'4ab4    0x1c4  iar_Stoflt.o [2]
    .text               ro code   0x802'4c78    0x21c  iar_Stoxflt.o [2]
    .text               ro code   0x802'4e94      0xe  math_wrappers64.o [3]
    .text               ro code   0x802'4ea4     0x20  DblCmpEq.o [3]
    .text               ro code   0x802'4ec4     0x28  strncmp.o [2]
    .text               ro code   0x802'4eec     0x30  iarttio.o [5]
    .text               ro code   0x802'4f1c      0xc  XShttio.o [2]
    .text               ro code   0x802'4f28     0x2c  Backlight.o [1]
    .text               ro code   0x802'4f54    0x13c  pwm.o [1]
    .text               ro code   0x802'5090      0xc  cmb_fault.o [1]
    .text               ro code   0x802'509c    0x10c  config_key.o [1]
    .text               ro code   0x802'51a8     0x9c  door_key.o [1]
    .text               ro code   0x802'5244   0x19c8  esp12s.o [1]
    .text               ro code   0x802'6c0c    0x1d8  fkCard.o [1]
    .text               ro code   0x802'6de4     0x7a  iso14443a.o [1]
    .text               ro code   0x802'6e60    0x306  mcc.o [1]
    .text               ro code   0x802'7168    0x1d4  rfal_nfca.o [1]
    .text               ro code   0x802'733c   0x1286  rfal_rfst25r3911.o [1]
    .text               ro code   0x802'85c4    0x1e6  st25r3911_com.o [1]
    .text               ro code   0x802'87ac    0x268  mcc_crypto.o [1]
    .text               ro code   0x802'8a14     0x2c  rfal_crc.o [1]
    .text               ro code   0x802'8a40    0x148  mcc_raw_request.o [1]
    .text               ro code   0x802'8b88    0x17a  mcc_crypto_reader.o [1]
    .text               ro code   0x802'8d02     0x5a  mcc_macros.o [1]
    .text               ro code   0x802'8d5c    0x130  st25r3911_interrupt.o [1]
    .text               ro code   0x802'8e8c    0x5aa  st25r3911.o [1]
    .text               ro code   0x802'9438     0xd4  rfal_analogConfig.o [1]
    .text               ro code   0x802'950c    0x380  rfal_iso15693_2.o [1]
    .text               ro code   0x802'988c     0x1a  st25_timer.o [1]
    .text               ro code   0x802'98a8     0x48  st25_spi.o [1]
    .text               ro code   0x802'98f0     0x1e  U64Shr.o [4]
    .text               ro code   0x802'9910      0x6  fm1208.o [1]
    .text               ro code   0x802'9918     0xac  hal_spi.o [1]
    .text               ro code   0x802'99c4     0xc8  iso14443a_3.o [1]
    .text               ro code   0x802'9a8c    0x110  iso14443b.o [1]
    .text               ro code   0x802'9b9c    0x2ea  rfal_nfcb.o [1]
    .text               ro code   0x802'9e88    0x164  rfal_isoDep.o [1]
    .text               ro code   0x802'9fec     0x9c  iso14443bRead.o [1]
    .text               ro code   0x802'a088    0x4d0  iso15693_3.o [1]
    .text               ro code   0x802'a558    0x13c  iso15693Read.o [1]
    .text               ro code   0x802'a694    0x23c  magnet.o [1]
    .text               ro code   0x802'a8d0     0x5c  relay.o [1]
    .text               ro code   0x802'a92c     0x54  serial.o [1]
    .text               ro code   0x802'a980   0x19a8  sim800c.o [1]
    .text               ro code   0x802'c328     0xe8  st25Drv.o [1]
    .text               ro code   0x802'c410     0x10  startup_stm32l471xx.o [1]
    .text               ro code   0x802'c420     0x74  stm32l4xx_it.o [1]
    .text               ro code   0x802'c494    0x100  sys_led.o [1]
    .text               ro code   0x802'c594     0x60  system_stm32l4xx.o [1]
    .text               ro code   0x802'c5f4     0x22  fpinit_M.o [3]
    .text               ro code   0x802'c618     0x1e  cmain.o [4]
    .text               ro code   0x802'c636      0x4  low_level_init.o [2]
    .text               ro code   0x802'c63c     0x28  data_init.o [4]
    .text               ro code   0x802'c664      0x4  exit.o [2]
    .text               ro code   0x802'c668      0xa  cexit.o [4]
    .text               ro code   0x802'c672      0x4  startup_stm32l471xx.o [1]
    .text               ro code   0x802'c676      0x4  startup_stm32l471xx.o [1]
    .text               ro code   0x802'c67a      0x4  startup_stm32l471xx.o [1]
    .text               ro code   0x802'c67e      0x4  startup_stm32l471xx.o [1]
    .text               ro code   0x802'c682      0x4  startup_stm32l471xx.o [1]
    .text               ro code   0x802'c686      0x4  startup_stm32l471xx.o [1]
    .text               ro code   0x802'c68a      0x4  startup_stm32l471xx.o [1]
    .text               ro code   0x802'c68e      0x4  startup_stm32l471xx.o [1]
    .text               ro code   0x802'c692      0x4  startup_stm32l471xx.o [1]
    .text               ro code   0x802'c696      0x4  startup_stm32l471xx.o [1]
    .text               ro code   0x802'c69a      0x4  startup_stm32l471xx.o [1]
    .text               ro code   0x802'c69e      0x4  startup_stm32l471xx.o [1]
    .text               ro code   0x802'c6a2      0x4  startup_stm32l471xx.o [1]
    .text               ro code   0x802'c6a6      0x4  startup_stm32l471xx.o [1]
    .text               ro code   0x802'c6aa      0x4  startup_stm32l471xx.o [1]
    .text               ro code   0x802'c6ae      0x4  startup_stm32l471xx.o [1]
    .text               ro code   0x802'c6b2      0x4  startup_stm32l471xx.o [1]
    .text               ro code   0x802'c6b6      0x4  startup_stm32l471xx.o [1]
    .text               ro code   0x802'c6ba      0x4  startup_stm32l471xx.o [1]
    .text               ro code   0x802'c6be      0x4  startup_stm32l471xx.o [1]
    .text               ro code   0x802'c6c2      0x4  startup_stm32l471xx.o [1]
    .text               ro code   0x802'c6c6      0x4  startup_stm32l471xx.o [1]
    .text               ro code   0x802'c6ca      0x4  startup_stm32l471xx.o [1]
    .text               ro code   0x802'c6ce      0x4  startup_stm32l471xx.o [1]
    .text               ro code   0x802'c6d2      0x4  startup_stm32l471xx.o [1]
    .text               ro code   0x802'c6d6      0x4  startup_stm32l471xx.o [1]
    .text               ro code   0x802'c6da      0x4  startup_stm32l471xx.o [1]
    .text               ro code   0x802'c6de      0x4  startup_stm32l471xx.o [1]
    .text               ro code   0x802'c6e2      0x4  startup_stm32l471xx.o [1]
    .text               ro code   0x802'c6e6      0x4  startup_stm32l471xx.o [1]
    .text               ro code   0x802'c6ea      0x4  startup_stm32l471xx.o [1]
    .text               ro code   0x802'c6ee      0x4  startup_stm32l471xx.o [1]
    .text               ro code   0x802'c6f2      0x4  startup_stm32l471xx.o [1]
    .text               ro code   0x802'c6f6      0x4  startup_stm32l471xx.o [1]
    .text               ro code   0x802'c6fa      0x4  startup_stm32l471xx.o [1]
    .text               ro code   0x802'c6fe      0x4  startup_stm32l471xx.o [1]
    .text               ro code   0x802'c702      0x4  startup_stm32l471xx.o [1]
    .text               ro code   0x802'c706      0x4  startup_stm32l471xx.o [1]
    .text               ro code   0x802'c70a      0x4  startup_stm32l471xx.o [1]
    .text               ro code   0x802'c70e      0x4  startup_stm32l471xx.o [1]
    .text               ro code   0x802'c712      0x4  startup_stm32l471xx.o [1]
    .text               ro code   0x802'c716      0x4  startup_stm32l471xx.o [1]
    .text               ro code   0x802'c71a      0x4  startup_stm32l471xx.o [1]
    .text               ro code   0x802'c71e      0x4  startup_stm32l471xx.o [1]
    .text               ro code   0x802'c722      0x4  startup_stm32l471xx.o [1]
    .text               ro code   0x802'c726      0x4  startup_stm32l471xx.o [1]
    .text               ro code   0x802'c72a      0x4  startup_stm32l471xx.o [1]
    .text               ro code   0x802'c72e      0x4  startup_stm32l471xx.o [1]
    .text               ro code   0x802'c732      0x4  startup_stm32l471xx.o [1]
    .text               ro code   0x802'c736      0x4  startup_stm32l471xx.o [1]
    .text               ro code   0x802'c73a      0x4  startup_stm32l471xx.o [1]
    .text               ro code   0x802'c73e      0x4  startup_stm32l471xx.o [1]
    .text               ro code   0x802'c742      0x4  startup_stm32l471xx.o [1]
    .text               ro code   0x802'c746      0x4  startup_stm32l471xx.o [1]
    .text               ro code   0x802'c74a      0x4  startup_stm32l471xx.o [1]
    .text               ro code   0x802'c74e      0x4  startup_stm32l471xx.o [1]
    .text               ro code   0x802'c752      0x4  startup_stm32l471xx.o [1]
    .text               ro code   0x802'c756      0x4  startup_stm32l471xx.o [1]
    .text               ro code   0x802'c75a      0x4  startup_stm32l471xx.o [1]
    .text               ro code   0x802'c75e      0x4  startup_stm32l471xx.o [1]
    .text               ro code   0x802'c762      0x4  startup_stm32l471xx.o [1]
    .text               ro code   0x802'c766      0x4  startup_stm32l471xx.o [1]
    .text               ro code   0x802'c76a      0xc  cstartup_M.o [4]
    .text               ro code   0x802'c776     0x16  xprout.o [2]
  CODE                  ro code   0x802'c78c     0xa8  portasm.o [1]
  .rodata               const     0x802'c834    0x400  crc32.o [1]
  .rodata               const     0x802'cc34    0x3d8  cm_backtrace.o [1]
  .rodata               const     0x802'd00c    0x230  tsl_mqtt.o [1]
  .rodata               const     0x802'd23c    0x200  crc16.o [1]
  .rodata               const     0x802'd43c    0x200  EncryDecry.o [1]
  .rodata               const     0x802'd63c    0x1d4  esp12s.o [1]
  .rodata               const     0x802'd810    0x190  bsp_gpio.o [1]
  .rodata               const     0x802'd9a0    0x190  bsp_rtc.o [1]
  .rodata               const     0x802'db30    0x190  mqtt_task.o [1]
  .rodata               const     0x802'dcc0    0x180  rfal_analogConfig.o [1]
  .rodata               const     0x802'de40    0x140  flash_sector.o [1]
  .rodata               const     0x802'df80    0x134  sysCfg.o [1]
  .rodata               const     0x802'e0b4    0x128  sim800c.o [1]
  .rodata               const     0x802'e1dc    0x11c  mqtt_ota.o [1]
  .rodata               const     0x802'e2f8    0x104  BleDataHandle.o [1]
  .rodata               const     0x802'e3fc     0xe8  swipeTag.o [1]
  .rodata               const     0x802'e4e4     0xd4  mqtt_client.o [1]
  .rodata               const     0x802'e5b8     0xc0  permi_list.o [1]
  .rodata               const     0x802'e678     0xbc  open_log.o [1]
  .rodata               const     0x802'e734     0xb0  sysCfg.o [1]
  .rodata               const     0x802'e7e4     0xac  cm_backtrace.o [1]
  .rodata               const     0x802'e890     0xa8  sysCfg.o [1]
  .rodata               const     0x802'e938     0xa8  sysCfg.o [1]
  .rodata               const     0x802'e9e0     0x9c  esp12s.o [1]
  .rodata               const     0x802'ea7c     0x8c  bb0906_protocol.o [1]
  .rodata               const     0x802'eb08     0x84  mqtt_client.o [1]
  .rodata               const     0x802'eb8c     0x80  cm_backtrace.o [1]
  .rodata               const     0x802'ec0c     0x80  sysCfg.o [1]
  .rodata               const     0x802'ec8c     0x80  tsl_mqtt.o [1]
  .rodata               const     0x802'ed0c     0x7c  swipeTag.o [1]
  .rodata               const     0x802'ed88     0x78  tsl_mqtt.o [1]
  .rodata               const     0x802'ee00     0x74  sim800c.o [1]
  .rodata               const     0x802'ee74     0x68  open_log.o [1]
  .rodata               const     0x802'eedc     0x68  permi_list.o [1]
  .rodata               const     0x802'ef44     0x68  permi_list.o [1]
  .rodata               const     0x802'efac     0x68  sim800c.o [1]
  .rodata               const     0x802'f014     0x68  swipeTag.o [1]
  .rodata               const     0x802'f07c     0x64  open_log.o [1]
  .rodata               const     0x802'f0e0     0x60  tslDatahand.o [1]
  .rodata               const     0x802'f140     0x5c  magnet.o [1]
  .rodata               const     0x802'f19c     0x5c  mqtt_ota.o [1]
  .rodata               const     0x802'f1f8     0x5c  sysCfg.o [1]
  .rodata               const     0x802'f254     0x58  bb0906.o [1]
  .rodata               const     0x802'f2ac     0x58  bb0906.o [1]
  .rodata               const     0x802'f304     0x58  sysCfg.o [1]
  .rodata               const     0x802'f35c     0x54  BleDataHandle.o [1]
  .rodata               const     0x802'f3b0     0x54  esp12s.o [1]
  .rodata               const     0x802'f404     0x54  permi_list.o [1]
  .rodata               const     0x802'f458     0x54  tasks.o [1]
  .rodata               const     0x802'f4ac     0x50  cm_backtrace.o [1]
  .rodata               const     0x802'f4fc     0x50  permi_list.o [1]
  .rodata               const     0x802'f54c     0x50  tslDatahand.o [1]
  .rodata               const     0x802'f59c     0x50  iar_Stoulx.o [2]
  .rodata               const     0x802'f5ec     0x50  iar_Stoullx.o [2]
  .rodata               const     0x802'f63c     0x4c  bb0906.o [1]
  .rodata               const     0x802'f688     0x4c  mqtt_ota.o [1]
  .rodata               const     0x802'f6d4     0x4c  st25Drv.o [1]
  .rodata               const     0x802'f720     0x4c  sysCntSave.o [1]
  .rodata               const     0x802'f76c     0x4c  xscanffull.o [2]
  .rodata               const     0x802'f7b8     0x48  mqtt_ota.o [1]
  .rodata               const     0x802'f800     0x48  swipeTag.o [1]
  .rodata               const     0x802'f848     0x48  strto64.o [3]
  .rodata               const     0x802'f890     0x40  bb0906.o [1]
  .rodata               const     0x802'f8d0     0x40  EncryDecry.o [1]
  .rodata               const     0x802'f910     0x40  md5.o [1]
  .rodata               const     0x802'f950     0x40  mqtt_ota.o [1]
  .rodata               const     0x802'f990     0x40  open_door.o [1]
  .rodata               const     0x802'f9d0     0x40  tslDatahand.o [1]
  .rodata               const     0x802'fa10     0x3c  bsp_rtc.o [1]
  .rodata               const     0x802'fa4c     0x3c  sysCfg.o [1]
  .rodata               const     0x802'fa88     0x38  main.o [1]
  .rodata               const     0x802'fac0     0x38  MQTTFreeRTOS.o [1]
  .rodata               const     0x802'faf8     0x34  bb0906.o [1]
  .rodata               const     0x802'fb2c     0x34  bb0906.o [1]
  .rodata               const     0x802'fb60     0x34  freertos.o [1]
  .rodata               const     0x802'fb94     0x34  iso15693Read.o [1]
  .rodata               const     0x802'fbc8     0x34  mqtt_ota.o [1]
  .rodata               const     0x802'fbfc     0x34  sim800c.o [1]
  .rodata               const     0x802'fc30     0x30  btTask.o [1]
  .rodata               const     0x802'fc60     0x30  card.o [1]
  .rodata               const     0x802'fc90     0x30  cm_backtrace.o [1]
  .rodata               const     0x802'fcc0     0x30  component.o [1]
  .rodata               const     0x802'fcf0     0x30  esp12s.o [1]
  .rodata               const     0x802'fd20     0x30  event_groups.o [1]
  .rodata               const     0x802'fd50     0x30  freertos.o [1]
  .rodata               const     0x802'fd80     0x30  freertos.o [1]
  .rodata               const     0x802'fdb0     0x30  heap_4.o [1]
  .rodata               const     0x802'fde0     0x30  key_task.o [1]
  .rodata               const     0x802'fe10     0x30  modules_init.o [1]
  .rodata               const     0x802'fe40     0x30  mqtt_client.o [1]
  .rodata               const     0x802'fe70     0x30  mqtt_ota.o [1]
  .rodata               const     0x802'fea0     0x30  mqtt_task.o [1]
  .rodata               const     0x802'fed0     0x30  open_log.o [1]
  .rodata               const     0x802'ff00     0x30  port.o [1]
  .rodata               const     0x802'ff30     0x30  pwm.o [1]
  .rodata               const     0x802'ff60     0x30  queue.o [1]
  .rodata               const     0x802'ff90     0x30  sim800c.o [1]
  .rodata               const     0x802'ffc0     0x30  socket.o [1]
  .rodata               const     0x802'fff0     0x30  swipeTag.o [1]
  .rodata               const     0x803'0020     0x30  system_stm32l4xx.o [1]
  .rodata               const     0x803'0050     0x30  tsl_mqtt.o [1]
  .rodata               const     0x803'0080     0x2c  adc.o [1]
  .rodata               const     0x803'00ac     0x2c  iwdg.o [1]
  .rodata               const     0x803'00d8     0x2c  mqtt_client.o [1]
  .rodata               const     0x803'0104     0x2c  MQTTSerializePublish.o [1]
  .rodata               const     0x803'0130     0x2c  rtc.o [1]
  .rodata               const     0x803'015c     0x2c  spi.o [1]
  .rodata               const     0x803'0188     0x2c  tim.o [1]
  .rodata               const     0x803'01b4     0x2c  usart.o [1]
  .rodata               const     0x803'01e0     0x28  bb0906.o [1]
  .rodata               const     0x803'0208     0x28  serial.o [1]
  .rodata               const     0x803'0230     0x28  socket.o [1]
  .rodata               const     0x803'0258     0x28  swipeTag.o [1]
  .rodata               const     0x803'0280     0x28  xscanffull.o [2]
  .rodata               const     0x803'02a8     0x24  chipFlash.o [1]
  .rodata               const     0x803'02cc     0x24  config_key.o [1]
  .rodata               const     0x803'02f0     0x24  esp12s.o [1]
  .rodata               const     0x803'0314     0x24  esp12s.o [1]
  .rodata               const     0x803'0338     0x24  esp12s.o [1]
  .rodata               const     0x803'035c     0x24  mqtt_client.o [1]
  .rodata               const     0x803'0380     0x24  open_log.o [1]
  .rodata               const     0x803'03a4     0x24  open_log.o [1]
  .rodata               const     0x803'03c8     0x24  permi_list.o [1]
  .rodata               const     0x803'03ec     0x24  sim800c.o [1]
  .rodata               const     0x803'0410     0x24  sim800c.o [1]
  .rodata               const     0x803'0434     0x24  socket.o [1]
  .rodata               const     0x803'0458     0x24  socket.o [1]
  .rodata               const     0x803'047c     0x24  sysCfg.o [1]
  .rodata               const     0x803'04a0     0x24  tsl_mqtt.o [1]
  .iar.init_table       const     0x803'04c4     0x60  - Linker created -
  .rodata               const     0x803'0524     0x20  cm_backtrace.o [1]
  .rodata               const     0x803'0544     0x18  hal_spi.o [1]
  .rodata               const     0x803'055c     0x14  bsp_gpio.o [1]
  .rodata               const     0x803'0570     0x10  magnet.o [1]
  .rodata               const     0x803'0580      0xc  Backlight.o [1]
  .rodata               const     0x803'058c      0xc  config_key.o [1]
  .rodata               const     0x803'0598      0xc  door_key.o [1]
  .rodata               const     0x803'05a4      0xc  mqtt_client.o [1]
  .rodata               const     0x803'05b0      0xc  tsl_mqtt.o [1]
  .rodata               const     0x803'05bc      0x8  beep.o [1]
  .rodata               const     0x803'05c4      0x8  card.o [1]
  .rodata               const     0x803'05cc      0x8  esp12s.o [1]
  .rodata               const     0x803'05d4      0x8  freertos.o [1]
  .rodata               const     0x803'05dc      0x8  relay.o [1]
  .rodata               const     0x803'05e4      0x8  sys_led.o [1]
  .rodata               const     0x803'05ec      0x8  sysCntSave.o [1]
  .rodata               const     0x803'05f4      0x8  system_stm32l4xx.o [1]
  .rodata               const     0x803'05fc      0x6  xlocale_c.o [2]
  .rodata               const     0x803'0604      0x4  btTask.o [1]
  .rodata               const     0x803'0608      0x4  key_task.o [1]
  .rodata               const     0x803'060c      0x4  mqtt_ota.o [1]
  .rodata               const     0x803'0610      0x4  mqtt_task.o [1]
  .rodata               const     0x803'0614      0x4  open_log.o [1]
  .rodata               const     0x803'0618      0x4  sim800c.o [1]
  .rodata               const     0x803'061c      0x0  zero_init3.o [4]
  .rodata               const     0x803'061c      0x0  lz77_init_single.o [4]
  Initializer bytes     const     0x803'061c    0x632  <for P6-1>
  Initializer bytes     const     0x803'0c4e     0x22  <for __component_init-1>
  Initializer bytes     const     0x803'0c70     0x22  <for __modules_init-1>
                                - 0x803'0c92  0x26b0a

Absolute sections, part 1 of 4:                  0x88
  .bss                  zero     0x1000'0000     0x88  variable.o [1]
                               - 0x1000'0088     0x88

Absolute sections, part 2 of 4:                0x1ffc
  .bss                  zero     0x1000'0800    0x800  variable.o [1]
  .bss                  zero     0x1000'1000   0x1000  variable.o [1]
  .bss                  zero     0x1000'2000    0x7fc  variable.o [1]
                               - 0x1000'27fc   0x1ffc

Absolute sections, part 3 of 4:                 0x1a4
  .bss                  zero     0x1000'2800    0x1a4  variable.o [1]
                               - 0x1000'29a4    0x1a4

Absolute sections, part 4 of 4:                0x1a84
  .bss                  zero     0x1000'3000   0x1000  variable.o [1]
  .bss                  zero     0x1000'4000    0x800  variable.o [1]
  .bss                  zero     0x1000'4800    0x284  variable.o [1]
                               - 0x1000'4a84   0x1a84

"P7":                                          0x3000
  CSTACK                         0x1000'4a88   0x1000  <Block>
    CSTACK              uninit   0x1000'4a88   0x1000  <Block tail>
  HEAP                           0x1000'5a88   0x2000  <Block>
    HEAP                uninit   0x1000'5a88   0x2000  <Block tail>
                               - 0x1000'7a88   0x3000

"P6", part 1 of 2:                              0x9c0
  P6-1                           0x2000'0000    0x97d  <Init block>
    .data               inited   0x2000'0000     0x14  bb0906.o [1]
    .data               inited   0x2000'0014     0x20  bb0906.o [1]
    .data               inited   0x2000'0034     0x68  bb0906.o [1]
    .data               inited   0x2000'009c     0x14  bb0906.o [1]
    .data               inited   0x2000'00b0      0x8  beep.o [1]
    .data               inited   0x2000'00b8     0x10  beep.o [1]
    .data               inited   0x2000'00c8     0x10  beep.o [1]
    .data               inited   0x2000'00d8     0x20  BleDataHandle.o [1]
    .data               inited   0x2000'00f8     0xc0  bsp_gpio.o [1]
    .data               inited   0x2000'01b8     0x18  bsp_rtc.o [1]
    .data               inited   0x2000'01d0     0x1c  buletooth.o [1]
    .data               inited   0x2000'01ec     0x14  cJSON.o [1]
    .data               inited   0x2000'0200      0x8  component.o [1]
    .data               inited   0x2000'0208      0x8  config_key.o [1]
    .data               inited   0x2000'0210      0x8  door_key.o [1]
    .data               inited   0x2000'0218     0x48  esp12s.o [1]
    .data               inited   0x2000'0260     0x18  esp12s.o [1]
    .data               inited   0x2000'0278     0x20  fkCard.o [1]
    .data               inited   0x2000'0298     0x18  hal_spi.o [1]
    .data               inited   0x2000'02b0     0x14  hal_spi.o [1]
    .data               inited   0x2000'02c4      0xc  magnet.o [1]
    .data               inited   0x2000'02d0      0x4  mcc.o [1]
    .data               inited   0x2000'02d4      0x8  modules_init.o [1]
    .data               inited   0x2000'02dc     0x70  mqtt_task.o [1]
    .data               inited   0x2000'034c      0xc  open_log.o [1]
    .data               inited   0x2000'0358     0x10  open_log.o [1]
    .data               inited   0x2000'0368     0x14  permi_list.o [1]
    .data               inited   0x2000'037c      0xc  port.o [1]
    .data               inited   0x2000'0388    0x2b2  pwm.o [1]
    .data               inited   0x2000'063c      0xc  relay.o [1]
    .data               inited   0x2000'0648      0x6  rfal_iso15693_2.o [1]
    .data               inited   0x2000'0650     0x28  serial.o [1]
    .data               inited   0x2000'0678     0x10  serial.o [1]
    .data               inited   0x2000'0688     0x44  sim800c.o [1]
    .data               inited   0x2000'06cc     0x18  sim800c.o [1]
    .data               inited   0x2000'06e4     0x1c  socket.o [1]
    .data               inited   0x2000'0700     0x1c  spi_flash.o [1]
    .data               inited   0x2000'071c     0x20  st25Drv.o [1]
    .data               inited   0x2000'073c     0x30  swipeTag.o [1]
    .data               inited   0x2000'076c      0x8  swipeTag.o [1]
    .data               inited   0x2000'0774      0x8  sys_led.o [1]
    .data               inited   0x2000'077c     0x10  sys_led.o [1]
    .data               inited   0x2000'078c      0x8  sysCfg.o [1]
    .data               inited   0x2000'0794      0x4  system_stm32l4xx.o [1]
    .data               inited   0x2000'0798      0xc  timer.o [1]
    .data               inited   0x2000'07a4      0x4  unit.o [1]
    .data               inited   0x2000'07a8     0x24  unit.o [1]
    .data               inited   0x2000'07cc     0x38  unit.o [1]
    .data               inited   0x2000'0804     0x38  unit.o [1]
    .data               inited   0x2000'083c     0x38  unit.o [1]
    .data               inited   0x2000'0874     0x38  unit.o [1]
    .data               inited   0x2000'08ac     0x38  xlocale_c.o [2]
    .data               inited   0x2000'08e4     0x48  xlocale_c.o [2]
    .data               inited   0x2000'092c     0x48  xfiles.o [2]
    .data               inited   0x2000'0974      0x8  XShttio.o [2]
    .data               inited   0x2000'097c      0x1  mqtt_client.o [1]
  __component_init               0x2000'0980     0x20  <Block>
    __component_init-1           0x2000'0980     0x20  <Init block>
      __component_init  inited   0x2000'0980      0x8  Backlight.o [1]
      __component_init  inited   0x2000'0988      0x8  beep.o [1]
      __component_init  inited   0x2000'0990      0x8  sys_led.o [1]
      __component_init  inited   0x2000'0998      0x8  sysCntSave.o [1]
  __modules_init                 0x2000'09a0     0x20  <Block>
    __modules_init-1             0x2000'09a0     0x20  <Init block>
      __modules_init    inited   0x2000'09a0      0x8  config_key.o [1]
      __modules_init    inited   0x2000'09a8      0x8  door_key.o [1]
      __modules_init    inited   0x2000'09b0      0x8  magnet.o [1]
      __modules_init    inited   0x2000'09b8      0x8  relay.o [1]
                               - 0x2000'09c0    0x9c0

"P6", part 2 of 2:                            0x131d8
  .bss                  zero     0x2000'09c0  0x11818  heap_4.o [1]
  .bss                  zero     0x2001'21d8    0x408  rfal_analogConfig.o [1]
  .bss                  zero     0x2001'25e0    0x294  rfal_rfst25r3911.o [1]
  .bss                  zero     0x2001'2874    0x204  st25_spi.o [1]
  .bss                  zero     0x2001'2a78    0x1d8  dlmalloc.o [2]
  .bss                  zero     0x2001'2c50    0x13c  bb0906.o [1]
  .bss                  zero     0x2001'2d8c    0x10c  iso15693_3.o [1]
  .bss                  zero     0x2001'2e98     0xa0  tasks.o [1]
  .bss                  zero     0x2001'2f38     0x90  cm_backtrace.o [1]
  .bss                  zero     0x2001'2fc8     0x8c  tasks.o [1]
  .bss                  zero     0x2001'3054     0x80  mcc.o [1]
  .bss                  zero     0x2001'30d4     0x7c  usart.o [1]
  .bss                  zero     0x2001'3150     0x7c  usart.o [1]
  .bss                  zero     0x2001'31cc     0x7c  usart.o [1]
  .bss                  zero     0x2001'3248     0x7c  usart.o [1]
  .bss                  zero     0x2001'32c4     0x7c  usart.o [1]
  .bss                  zero     0x2001'3340     0x78  rfal_isoDep.o [1]
  .bss                  zero     0x2001'33b8     0x74  cm_backtrace.o [1]
  .bss                  zero     0x2001'342c     0x68  adc.o [1]
  .bss                  zero     0x2001'3494     0x68  adc.o [1]
  .bss                  zero     0x2001'34fc     0x64  spi.o [1]
  .bss                  zero     0x2001'3560     0x64  spi.o [1]
  .bss                  zero     0x2001'35c4     0x64  spi.o [1]
  .bss                  zero     0x2001'3628     0x5c  pwm.o [1]
  .bss                  zero     0x2001'3684     0x50  freertos.o [1]
  .bss                  zero     0x2001'36d4     0x50  xfiles.o [2]
  .bss                  zero     0x2001'3724     0x48  mcc_raw_request.o [1]
  .bss                  zero     0x2001'376c     0x48  mqtt_ota.o [1]
  .bss                  zero     0x2001'37b4     0x44  cm_backtrace.o [1]
  .bss                  zero     0x2001'37f8     0x40  iso15693_3.o [1]
  .bss                  zero     0x2001'3838     0x40  tim.o [1]
  .bss                  zero     0x2001'3878     0x40  tim.o [1]
  .bss                  zero     0x2001'38b8     0x3c  bb0906_protocol.o [1]
  .bss                  zero     0x2001'38f4     0x3c  socket.o [1]
  .bss                  zero     0x2001'3930     0x38  console.o [1]
  .bss                  zero     0x2001'3968     0x28  tsl_mqtt.o [1]
  .bss                  zero     0x2001'3990     0x24  iso14443a.o [1]
  .bss                  zero     0x2001'39b4     0x24  rtc.o [1]
  .bss                  zero     0x2001'39d8     0x20  Backlight.o [1]
  .bss                  zero     0x2001'39f8     0x20  beep.o [1]
  .bss                  zero     0x2001'3a18     0x20  relay.o [1]
  .bss                  zero     0x2001'3a38     0x20  stm32l4xx_hal_flash.o [1]
  .bss                  zero     0x2001'3a58     0x20  sys_led.o [1]
  .bss                  zero     0x2001'3a78     0x18  cpu_utils.o [1]
  .bss                  zero     0x2001'3a90     0x18  dlmalloc.o [2]
  .bss                  zero     0x2001'3aa8     0x14  flash_sector.o [1]
  .bss                  zero     0x2001'3abc     0x14  swipeTag.o [1]
  .bss                  zero     0x2001'3ad0     0x14  sysCntSave.o [1]
  .bss                  zero     0x2001'3ae4     0x10  iwdg.o [1]
  .bss                  zero     0x2001'3af4     0x10  st25r3911_interrupt.o [1]
  .bss                  zero     0x2001'3b04      0xc  iso15693Read.o [1]
  .bss                  zero     0x2001'3b10      0xc  mcc.o [1]
  .bss                  zero     0x2001'3b1c      0x8  err_log.o [1]
  .bss                  zero     0x2001'3b24      0x8  open_log.o [1]
  .bss                  zero     0x2001'3b2c      0x8  socket.o [1]
  .bss                  zero     0x2001'3b34      0x8  st25r3911.o [1]
  .bss                  zero     0x2001'3b3c      0x8  sysCfg.o [1]
  .bss                  zero     0x2001'3b44      0x8  timer.o [1]
  .bss                  zero     0x2001'3b4c      0x4  bb0906.o [1]
  .bss                  zero     0x2001'3b50      0x4  btTask.o [1]
  .bss                  zero     0x2001'3b54      0x4  buletooth.o [1]
  .bss                  zero     0x2001'3b58      0x4  buletooth.o [1]
  .bss                  zero     0x2001'3b5c      0x4  console.o [1]
  .bss                  zero     0x2001'3b60      0x4  mqtt_client.o [1]
  .bss                  zero     0x2001'3b64      0x4  mqtt_task.o [1]
  .bss                  zero     0x2001'3b68      0x4  MQTTPacket.o [1]
  .bss                  zero     0x2001'3b6c      0x4  sim800c.o [1]
  .bss                  zero     0x2001'3b70      0x4  spi_flash.o [1]
  .bss                  zero     0x2001'3b74      0x4  stm32l4xx_hal.o [1]
  .bss                  zero     0x2001'3b78      0x4  tagComponent.o [1]
  .bss                  zero     0x2001'3b7c      0x4  tsl_mqtt.o [1]
  .bss                  zero     0x2001'3b80      0x4  xgetmemchunk.o [2]
  .bss                  zero     0x2001'3b84      0x4  xfail_s.o [2]
  .bss                  zero     0x2001'3b88      0x3  swipeTag.o [1]
  .bss                  zero     0x2001'3b8b      0x1  mqtt_client.o [1]
  .bss                  zero     0x2001'3b8c      0x2  adc.o [1]
  .bss                  zero     0x2001'3b8e      0x2  bb0906_protocol.o [1]
  .bss                  zero     0x2001'3b90      0x2  mqtt_ota.o [1]
  .bss                  zero     0x2001'3b92      0x2  rfal_nfcb.o [1]
  .bss                  zero     0x2001'3b94      0x1  mqtt_task.o [1]
  .bss                  zero     0x2001'3b95      0x1  MQTTFreeRTOS.o [1]
                               - 0x2001'3b96  0x131d6

Unused ranges:

         From           To      Size
         ----           --      ----
   0x803'0c92   0x80f'ffff  0xc'f36e
  0x1000'0088  0x1000'07ff     0x778
  0x1000'27fc  0x1000'27ff       0x4
  0x1000'29a4  0x1000'2fff     0x65c
  0x1000'4a84  0x1000'4a87       0x4
  0x1000'7a88  0x1000'7fff     0x578
  0x2001'3b98  0x2001'7fff    0x4468


*******************************************************************************
*** INIT TABLE
***

          Address      Size
          -------      ----
Zero (__iar_zero_init3)
    5 destination ranges, total size 0x16e82:
          0x1000'0000     0x88
          0x1000'0800   0x1ffc
          0x1000'2800    0x1a4
          0x1000'3000   0x1a84
          0x2000'09c0  0x131d6

Copy/lz77 (__iar_lz77_init_single3)
    1 source range, total size 0x632 (65% of destination):
           0x803'061c    0x632
    1 destination range, total size 0x97d:
          0x2000'0000    0x97d

Copy/lz77 (__iar_lz77_init_single3)
    1 source range, total size 0x22 (106% of destination):
           0x803'0c4e     0x22
    1 destination range, total size 0x20:
          0x2000'0980     0x20

Copy/lz77 (__iar_lz77_init_single3)
    1 source range, total size 0x22 (106% of destination):
           0x803'0c70     0x22
    1 destination range, total size 0x20:
          0x2000'09a0     0x20



*******************************************************************************
*** MODULE SUMMARY
***

    Module                    ro code  ro data  rw data  rw data
                                                          (abs)
    ------                    -------  -------  -------  -------
command line/config:
    ------------------------------------------------------------
    Total:

D:\TSBrowserDownloads\JD-TOUCH\EWARM\Seed_STM32L471RE\Obj: [1]
    Backlight.o                    44       20       40
    BleDataHandle.o               728      364       32
    EncryDecry.o                  632      576
    MQTTConnectClient.o           660
    MQTTDeserializePublish.o      240
    MQTTFreeRTOS.o                656       56        1
    MQTTPacket.o                  462                 4
    MQTTSerializePublish.o        308       44
    MQTTSubscribeClient.o         328
    adc.o                         656       44      210
    bb0906.o                    3 400      574      496
    bb0906_protocol.o             900      140       62
    beep.o                        244       44       80
    bsp_gpio.o                    772      546      192
    bsp_rtc.o                     952      475       24
    btTask.o                      440       52        4
    buletooth.o                   384       19       36
    cJSON.o                     3 656       13       20
    card.o                        236       56
    chipFlash.o                   672       36
    cm_backtrace.o              2 124    1 444      328
    cmb_fault.o                    12
    cmsis_os.o                    102
    component.o                   236       53        8
    config_key.o                  268       61       16
    console.o                     308                60
    cpu_utils.o                    68                24
    crc16.o                        44      512
    crc32.o                        44    1 024
    door_key.o                    156       26       16
    err_log.o                     540                 8
    esp12s.o                    6 600      935       96
    event_groups.o                624       48
    fkCard.o                      472       21       32
    flash_sector.o                384      320       20
    fm1208.o                        6
    freertos.o                  1 256      156       80
    gpio.o                        296
    hal_spi.o                     172       53       44
    heap_4.o                      524       48   71 704
    iso14443a.o                   122                36
    iso14443a_3.o                 200
    iso14443b.o                   272
    iso14443bRead.o               156
    iso15693Read.o                316       52       12
    iso15693_3.o                1 232               332
    iwdg.o                         56       44       16
    key_task.o                    540       52
    list.o                        144
    magnet.o                      572      124       20
    main.o                        840       56
    mcc.o                         774        2      144
    mcc_crypto.o                  616
    mcc_crypto_reader.o           378
    mcc_macros.o                   90
    mcc_raw_request.o             328                72
    md5.o                       2 484       64
    modules_init.o                232       53        8
    mqtt_client.o               4 124      485        6
    mqtt_ota.o                  2 484      692       74
    mqtt_task.o                 1 284      526      117
    open_door.o                   184       64
    open_log.o                  3 188      534       36
    permi_list.o                2 364      613       20
    port.o                        660       56       12
    portasm.o                     168
    pwm.o                         316      498      782
    queue.o                     1 828       48
    relay.o                        92       26       52
    rfal_analogConfig.o           212      384    1 032
    rfal_crc.o                     44
    rfal_iso15693_2.o             896        4        6
    rfal_isoDep.o                 356               120
    rfal_nfca.o                   468
    rfal_nfcb.o                   746                 2
    rfal_rfst25r3911.o          4 742               660
    rtc.o                         444       44       36
    serial.o                       84       78       56
    sim800c.o                   6 568      752       96
    socket.o                    2 288      179       96
    spi.o                         444       44      300
    spi_flash.o                   884       18       32
    st25Drv.o                     232       97       32
    st25_spi.o                     72               516
    st25_timer.o                   26
    st25r3911.o                 1 450                 8
    st25r3911_com.o               486
    st25r3911_interrupt.o         304                16
    startup_stm32l471xx.o         656
    stm32l4xx_hal.o               120                 4
    stm32l4xx_hal_adc.o         3 308
    stm32l4xx_hal_adc_ex.o        146
    stm32l4xx_hal_cortex.o        232
    stm32l4xx_hal_dma.o            68
    stm32l4xx_hal_flash.o         568                32
    stm32l4xx_hal_flash_ex.o      408
    stm32l4xx_hal_gpio.o          788
    stm32l4xx_hal_iwdg.o           92
    stm32l4xx_hal_msp.o           140
    stm32l4xx_hal_pwr_ex.o        124
    stm32l4xx_hal_rcc.o         1 732
    stm32l4xx_hal_rcc_ex.o      1 280
    stm32l4xx_hal_rtc.o         1 428
    stm32l4xx_hal_rtc_ex.o         30
    stm32l4xx_hal_spi.o         2 132
    stm32l4xx_hal_tim.o         1 878
    stm32l4xx_hal_tim_ex.o         88
    stm32l4xx_hal_uart.o        1 838
    stm32l4xx_hal_uart_ex.o         2
    stm32l4xx_it.o                116
    swipeTag.o                  3 884      656       79
    sysCfg.o                    6 084    1 229       16
    sysCntSave.o                  428       93       28
    sys_led.o                     256       32       64
    system_stm32l4xx.o             96       59        4
    tagComponent.o                128                 4
    tasks.o                     2 596       84      300
    tim.o                         300       44      128
    timer.o                       252        8       20
    tslDatahand.o                 540      240
    tsl_mqtt.o                  6 724      904       44
    twinkle.o                     144
    unit.o                      1 272      172      264
    usart.o                     1 060       44      620
    variable.o                                            15 532
    ------------------------------------------------------------
    Total:                    118 334   16 914   79 991   15 532

dl7M_tlf.a: [2]
    XShttio.o                      12        5        8
    abort.o                         6
    dlmalloc.o                  7 460               496
    exit.o                          4
    heaptramp0.o                    8
    iar_Stoflt.o                  452
    iar_Stollx.o                  158
    iar_Stopfx.o                  290
    iar_Stoullx.o                 442       80
    iar_Stoulx.o                  332       80
    iar_Stoxflt.o                 540
    isalpha.o                      20
    isspace.o                      20
    low_level_init.o                4
    printf.o                       40
    putchar.o                      12
    sprintf.o                      64
    sscanf.o                       40
    strncat.o                      40
    strncmp.o                      40
    strstr.o                       48
    tolower.o                      20
    vsprintf.o                     52
    wctob.o                        60
    xencoding_8859_1.o             38
    xfail_s.o                      64                 4
    xfiles.o                                47      152
    xgetmemchunk.o                 44                 4
    xlocale_c.o                   260       90      128
    xmbcurmax.o                    10
    xprintffull.o               3 910
    xprout.o                       22
    xscanffull.o                3 672      116
    xsprout.o                      10
    xsscin.o                       30
    ------------------------------------------------------------
    Total:                     18 224      418      792

m7M_tls.a: [3]
    DblAdd.o                      378
    DblCmpEq.o                     32
    DblCmpGe.o                     46
    DblCmpLe.o                     46
    DblDiv.o                      582
    DblMul.o                      418
    DblSub.o                      226
    DblToFlt.o                    104
    DblToS32.o                     58
    DblToU32.o                     40
    S32ToDbl.o                     34
    U32ToDbl.o                     26
    fpinit_M.o                     34
    frexp.o                       112
    ldexp.o                       314
    math_wrappers64.o              14
    strto64.o                   1 306       72
    ------------------------------------------------------------
    Total:                      3 770       72

rt7M_tl.a: [4]
    ABImemclr.o                     6
    ABImemclr4.o                    6
    ABImemcpy_small.o              24
    ABImemset48.o                  58
    ABImemset_small.o              18
    I64DivMod_small.o             262
    I64DivZer.o                     2
    I64Shl.o                       34
    U64Shr.o                       30
    cexit.o                        10
    cmain.o                        30
    cstartup_M.o                   12
    data_init.o                    40
    lz77_init_single.o            122
    memchr.o                       88
    strchr.o                       22
    strcmp.o                       18
    strlen_small.o                 20
    strncpy_small.o                30
    zero_init3.o                   58
    ------------------------------------------------------------
    Total:                        890

shb_l.a: [5]
    exit.o                         20
    iarttio.o                      48
    ------------------------------------------------------------
    Total:                         68

    Gaps                           78        2        4
    Linker created                          96   12 288
----------------------------------------------------------------
    Grand Total:              141 364   17 502   93 075   15 532


*******************************************************************************
*** ENTRY LIST
***

Entry                       Address     Size  Type      Object
-----                       -------     ----  ----      ------
.iar.init_table$$Base    0x803'04c4            --   Gb  - Linker created -
.iar.init_table$$Limit   0x803'0524            --   Gb  - Linker created -
.text$$Base              0x800'a188            --   Gb  - Linker created -
.text$$Limit             0x802'c78c            --   Gb  - Linker created -
?main                    0x802'c619           Code  Gb  cmain.o [4]
ADC1_2_IRQHandler        0x802'c465      0x6  Code  Gb  stm32l4xx_it.o [1]
ADC_ConversionStop       0x800'af43     0xa6  Code  Gb  stm32l4xx_hal_adc.o [1]
ADC_Disable              0x800'b07b     0x4e  Code  Gb  stm32l4xx_hal_adc.o [1]
ADC_Enable               0x800'afe9     0x60  Code  Gb  stm32l4xx_hal_adc.o [1]
AHBPrescTable            0x802'c5e4     0x10  Data  Gb  system_stm32l4xx.o [1]
APBPrescTable            0x803'05f4      0x8  Data  Gb  system_stm32l4xx.o [1]
BB0906Drv               0x2000'009c     0x14  Data  Gb  bb0906.o [1]
BLUE_keep_alive          0x801'71fd      0x6  Code  Gb  mqtt_task.o [1]
BitCP                    0x802'f8d0     0x40  Data  Gb  EncryDecry.o [1]
BitPMC                   0x802'd43c    0x200  Data  Gb  EncryDecry.o [1]
BleApplicationHandle     0x801'd0b1     0x82  Code  Gb  BleDataHandle.o [1]
BleDataProcess           0x801'd13b     0x34  Code  Gb  BleDataHandle.o [1]
BleModuleAppData        0x2001'38b8     0x3c  Data  Gb  bb0906_protocol.o [1]
BleReceiveUsartByteHandle
                         0x801'd3c1    0x2c4  Code  Gb  bb0906_protocol.o [1]
BleReceiveUsartByteHandle::Rlen
                        0x2001'3b8f      0x1  Data  Lc  bb0906_protocol.o [1]
BleReceiveUsartByteHandle::__func__
                         0x801'd6bc     0x1c  Data  Lc  bb0906_protocol.o [1]
BleReceiveUsartByteHandle::ch
                        0x2001'3b8e      0x1  Data  Lc  bb0906_protocol.o [1]
BtHandle                0x2001'3b50      0x4  Data  Gb  btTask.o [1]
BusFault_Handler         0x802'c425      0x2  Code  Gb  stm32l4xx_it.o [1]
CRC16_CCITT              0x800'b8c3     0x34  Code  Gb  unit.o [1]
CSTACK$$Base            0x1000'4a88            --   Gb  - Linker created -
CSTACK$$Limit           0x1000'5a88            --   Gb  - Linker created -
CURTOPIC                0x2000'097c      0x1  Data  Gb  mqtt_client.o [1]
CacheMore                0x801'788d     0x24  Code  Lc  xlocale_c.o [2]
DebugMon_Handler         0x802'c429      0x2  Code  Gb  stm32l4xx_it.o [1]
DecryStr                 0x802'2ea1     0x20  Code  Gb  EncryDecry.o [1]
Decryptionr              0x802'2ff5    0x112  Code  Gb  EncryDecry.o [1]
Dtentox                  0x802'2365    0x190  Code  Lc  strto64.o [3]
EXTI0_IRQHandler         0x801'4769     0x18  Code  Gb  bsp_gpio.o [1]
EXTI15_10_IRQHandler     0x801'483d     0x74  Code  Gb  bsp_gpio.o [1]
EXTI1_IRQHandler         0x801'4781     0x18  Code  Gb  bsp_gpio.o [1]
EXTI2_IRQHandler         0x801'4799     0x18  Code  Gb  bsp_gpio.o [1]
EXTI3_IRQHandler         0x801'47b1     0x18  Code  Gb  bsp_gpio.o [1]
EXTI4_IRQHandler         0x801'47c9     0x18  Code  Gb  bsp_gpio.o [1]
EXTI9_5_IRQHandler       0x801'47e1     0x5c  Code  Gb  bsp_gpio.o [1]
EndIdleMonitor           0x800'b82f     0x20  Code  Gb  cpu_utils.o [1]
ExchangeBytes            0x800'b4cb     0x20  Code  Gb  main.o [1]
FLASH_FlushCaches        0x802'2aef     0x52  Code  Gb  stm32l4xx_hal_flash_ex.o [1]
FLASH_MassErase          0x802'2a95     0x24  Code  Lc  stm32l4xx_hal_flash_ex.o [1]
FLASH_PageErase          0x802'2ab9     0x36  Code  Gb  stm32l4xx_hal_flash_ex.o [1]
FLASH_Program_DoubleWord
                         0x802'2973     0x14  Code  Lc  stm32l4xx_hal_flash.o [1]
FLASH_Program_Fast       0x802'2987     0x1e  Code  Lc  stm32l4xx_hal_flash.o [1]
FLASH_SetErrorCode       0x802'28c5     0xae  Code  Lc  stm32l4xx_hal_flash.o [1]
FLASH_WaitForLastOperation
                         0x802'2847     0x7e  Code  Gb  stm32l4xx_hal_flash.o [1]
FLASH_Write              0x801'b739     0x6c  Code  Gb  chipFlash.o [1]
FTSLBLEDeviceInfoRequest
                         0x801'd16f     0x2a  Code  Gb  BleDataHandle.o [1]
FTSLBLEDeviceInfoRequest::__FUNCTION__
                         0x801'd310     0x1c  Data  Lc  BleDataHandle.o [1]
FTSLBLEDeviceSetLOCKPWDRequest
                         0x801'd1f3     0x2a  Code  Gb  BleDataHandle.o [1]
FTSLBLEDeviceSetLOCKPWDRequest::__FUNCTION__
                         0x801'd348     0x20  Data  Lc  BleDataHandle.o [1]
FTSLBLEDeviceSetMQTTNETRequest
                         0x801'd247     0x50  Code  Gb  BleDataHandle.o [1]
FTSLBLEDeviceSetMQTTNETRequest::__FUNCTION__
                         0x801'd368     0x20  Data  Lc  BleDataHandle.o [1]
FTSLBLEDeviceSetPWDRequest
                         0x801'd1ad     0x28  Code  Gb  BleDataHandle.o [1]
FTSLBLEDeviceSetPWDRequest::__FUNCTION__
                         0x801'd32c     0x1c  Data  Lc  BleDataHandle.o [1]
FreeRTOS_disconnect      0x802'1dd1      0xc  Code  Gb  MQTTFreeRTOS.o [1]
FreeRTOS_read            0x802'1cff     0x34  Code  Gb  MQTTFreeRTOS.o [1]
FreeRTOS_recv_buffer     0x802'1ce9     0x16  Code  Gb  MQTTFreeRTOS.o [1]
FreeRTOS_send            0x802'1d39     0x14  Code  Gb  MQTTFreeRTOS.o [1]
FreeRTOS_write           0x802'1d51     0x74  Code  Gb  MQTTFreeRTOS.o [1]
GIPStringtoarry          0x800'bc49     0x38  Code  Gb  unit.o [1]
G_1byteTo2str            0x800'b881     0x42  Code  Gb  unit.o [1]
G_strTobyte              0x800'bbcd     0x30  Code  Gb  unit.o [1]
G_strsTobytes            0x800'bbfd     0x48  Code  Gb  unit.o [1]
Gequal                   0x800'b86d     0x12  Code  Gb  unit.o [1]
GetReadCardType          0x801'd8f3     0x18  Code  Gb  swipeTag.o [1]
GettopicNo               0x802'1a07     0x58  Code  Gb  mqtt_client.o [1]
[...]
stm32_pin_write          0x801'4627     0x22  Code  Gb  bsp_gpio.o [1]
str_to_hex               0x800'bb01     0x18  Code  Gb  unit.o [1]
strchr                   0x801'7951           Code  Gb  strchr.o [4]
strcmp                   0x802'449d           Code  Gb  strcmp.o [4]
stream_config           0x2000'0648      0x4  Data  Lc  rfal_iso15693_2.o [1]
strncat                  0x801'c341     0x28  Code  Gb  strncat.o [2]
strncmp                  0x802'4ec5     0x28  Code  Gb  strncmp.o [2]
strstr                   0x801'00ef     0x30  Code  Gb  strstr.o [2]
strtod                   0x802'26dd      0x6  Code  Gb  strto64.o [3]
strtold                  0x802'26dd      0x6  Code  Gb  strto64.o [3]
strtoll                  0x802'21c1      0x2  Code  Gb  iar_Stollx.o [2]
strtoull                 0x802'0c9d      0x2  Code  Gb  iar_Stoullx.o [2]
suball                   0x801'70b5     0x5e  Code  Gb  mqtt_task.o [1]
sw_ver                  0x2001'340c     0x20  Data  Lc  cm_backtrace.o [1]
swipe_task               0x801'59a1     0x6e  Code  Gb  card.o [1]
swipe_task::__func__     0x801'5a58      0xc  Data  Lc  card.o [1]
sysCfgAddr              0x2001'3aa8      0x4  Data  Gb  flash_sector.o [1]
sysCfg_init              0x801'4021    0x250  Code  Gb  sysCfg.o [1]
sysCfg_init::__func__    0x801'4568      0xc  Data  Lc  sysCfg.o [1]
sysCfg_load              0x801'306d     0xd8  Code  Gb  sysCfg.o [1]
sysCfg_print             0x801'382d    0x40a  Code  Gb  sysCfg.o [1]
sysCfg_save              0x801'302d     0x3e  Code  Gb  sysCfg.o [1]
sysCfg_set_ble_default   0x801'32f5     0xa4  Code  Gb  sysCfg.o [1]
sysCfg_set_default       0x801'343d    0x220  Code  Gb  sysCfg.o [1]
sysCfg_set_default::__FUNCTION__
                         0x801'3678     0x14  Data  Lc  sysCfg.o [1]
sysCnt                  0x2001'3ad0     0x10  Data  Gb  sysCntSave.o [1]
sysDebugFlag            0x2000'07a4      0x4  Data  Gb  unit.o [1]
sysLed                  0x2000'077c     0x10  Data  Gb  sys_led.o [1]
sysLedOpenAlarmCnt      0x2000'0775      0x1  Data  Lc  sys_led.o [1]
sysLedOpenAlarmTime     0x2000'0778      0x4  Data  Gb  sys_led.o [1]
sysLedOpenNormalCnt     0x2000'0774      0x1  Data  Lc  sys_led.o [1]
sysLed_config            0x802'c4af     0x18  Code  Gb  sys_led.o [1]
sysLed_init              0x802'c55b     0x22  Code  Lc  sys_led.o [1]
sysLed_timer_isr         0x802'c557      0x4  Code  Gb  sys_led.o [1]
sysLed_write             0x802'c4c7     0x42  Code  Gb  sys_led.o [1]
sysLed_write_base        0x802'c495     0x12  Code  Gb  sys_led.o [1]
sys_alloc                0x801'9dbd    0x164  Code  Lc  dlmalloc.o [2]
sys_cfg_clear            0x801'2e55     0x94  Code  Gb  sysCfg.o [1]
sys_cfg_write            0x801'2f11     0xcc  Code  Gb  sysCfg.o [1]
sys_delay                0x800'bb19     0x56  Code  Gb  unit.o [1]
sys_info_read_device_module
                         0x801'3179    0x14c  Code  Gb  sysCfg.o [1]
sys_trim                 0x801'9f21     0x64  Code  Lc  dlmalloc.o [2]
syscnt_clear_all         0x802'2ba1     0x60  Code  Gb  sysCntSave.o [1]
syscnt_erase_flash       0x802'2b81     0x1c  Code  Lc  sysCntSave.o [1]
syscnt_init              0x802'2c01     0xaa  Code  Gb  sysCntSave.o [1]
syscnt_write_flash       0x802'2b5d     0x24  Code  Lc  sysCntSave.o [1]
tagComp                 0x2001'3b78      0x4  Data  Gb  tagComponent.o [1]
tag_calc_crc16           0x801'd8d3     0x20  Code  Gb  swipeTag.o [1]
tag_clear_beforeUid      0x801'd7e9     0x18  Code  Gb  swipeTag.o [1]
tag_compare_uid          0x801'd801     0x22  Code  Gb  swipeTag.o [1]
tag_component_init       0x801'4c5d     0x48  Code  Gb  tagComponent.o [1]
tag_data_process         0x801'e1c5     0x8e  Code  Gb  swipeTag.o [1]
tag_find_class           0x801'd949     0xc6  Code  Gb  swipeTag.o [1]
tag_hunting              0x801'd90b     0x3e  Code  Gb  swipeTag.o [1]
tag_interaction_buzzer   0x801'e255    0x124  Code  Gb  swipeTag.o [1]
tag_read_15693_data      0x801'dc5d    0x142  Code  Gb  swipeTag.o [1]
tag_read_data            0x801'df51     0xde  Code  Gb  swipeTag.o [1]
tag_read_data::__func__
                         0x801'e5f0     0x10  Data  Lc  swipeTag.o [1]
tag_read_fk_card         0x801'ddaf    0x13a  Code  Gb  swipeTag.o [1]
tag_shanghai_card_process
                         0x802'3249     0x2e  Code  Gb  tslDatahand.o [1]
tag_shanghai_user_process
                         0x802'31f9     0x50  Code  Gb  tslDatahand.o [1]
tag_shanghai_user_process::__FUNCTION__
                         0x802'32d0     0x1c  Data  Lc  tslDatahand.o [1]
tag_updata_beforeUid     0x801'd7c5     0x24  Code  Gb  swipeTag.o [1]
taskID                  0x2001'396c     0x24  Data  Lc  tsl_mqtt.o [1]
task_keep_alive          0x800'd60d      0xa  Code  Gb  freertos.o [1]
test_crc8                0x800'b4ed     0x5a  Code  Gb  main.o [1]
tim_pwm_mspinit          0x802'4fa5     0x38  Code  Gb  pwm.o [1]
time                    0x2001'3b48      0x4  Data  Gb  timer.o [1]
time_to_stamp            0x801'9447     0x76  Code  Gb  bsp_rtc.o [1]
timer                   0x2000'0798      0xc  Data  Gb  timer.o [1]
timerCalculateTimer      0x802'988d      0xc  Code  Gb  st25_timer.o [1]
timerHandle             0x2000'034c      0x1  Data  Lc  open_log.o [1]
timerIsExpired           0x802'9899      0xe  Code  Gb  st25_timer.o [1]
timerTaskId             0x2001'3b44      0x1  Data  Gb  timer.o [1]
timer_isr                0x801'1f2d     0x2a  Code  Gb  timer.o [1]
timer_malloc             0x801'1f59     0x28  Code  Gb  timer.o [1]
timer_malloc::__func__   0x801'2004     0x10  Data  Lc  timer.o [1]
timer_register_isr       0x801'1fbd     0x42  Code  Gb  timer.o [1]
timer_start_time         0x801'1f9f     0x1e  Code  Gb  timer.o [1]
timer_stop_time          0x801'1f81     0x1e  Code  Gb  timer.o [1]
tmalloc_large            0x801'a437    0x386  Code  Lc  dlmalloc.o [2]
tmalloc_small            0x801'a7bd    0x200  Code  Lc  dlmalloc.o [2]
tolower                  0x802'4185     0x14  Code  Gb  tolower.o [2]
topicPath0              0x2000'07a8     0x24  Data  Gb  unit.o [1]
topicPath1              0x2000'07cc     0x38  Data  Gb  unit.o [1]
topicPath2              0x2000'0804     0x38  Data  Gb  unit.o [1]
topicPath3              0x2000'083c     0x38  Data  Gb  unit.o [1]
topicPath4              0x2000'0874     0x38  Data  Gb  unit.o [1]
try_realloc_chunk        0x801'b177    0x318  Code  Lc  dlmalloc.o [2]
tslMqttTask             0x2001'3b7c      0x4  Data  Gb  tsl_mqtt.o [1]
tsl_mqtt_recv_message    0x801'fe91     0x74  Code  Gb  tsl_mqtt.o [1]
twinkle_set              0x801'b529     0x24  Code  Gb  twinkle.o [1]
twinkle_timer_isr        0x801'b54d     0x68  Code  Gb  twinkle.o [1]
twinkle_timer_isr_led    0x802'c509     0x4e  Code  Gb  sys_led.o [1]
txBuf                   0x2001'2878    0x100  Data  Lc  st25_spi.o [1]
ucHeap                  0x2000'09d8  0x11800  Data  Lc  heap_4.o [1]
ucMaxSysCallPriority    0x2000'037c      0x1  Data  Lc  port.o [1]
uhADCxConvertedValue    0x2001'3b8c      0x2  Data  Gb  adc.o [1]
ulMaxPRIGROUPValue      0x2000'0384      0x4  Data  Lc  port.o [1]
update_offset            0x802'3523     0x1a  Code  Lc  cJSON.o [1]
upfilterRequest          0x801'f1f1     0x88  Code  Gb  tsl_mqtt.o [1]
upfilterRequest::__FUNCTION__
                         0x801'f278     0x10  Data  Lc  tsl_mqtt.o [1]
upkeepAlive              0x801'f341     0xb8  Code  Gb  tsl_mqtt.o [1]
upkeepAlive::__FUNCTION__
                         0x801'f404      0xc  Data  Lc  tsl_mqtt.o [1]
upuploadAccessLog_card   0x801'efd5     0xc2  Code  Gb  tsl_mqtt.o [1]
upuploadAccessLog_card::__FUNCTION__
                         0x801'f09c     0x18  Data  Lc  tsl_mqtt.o [1]
upuploadAccessLog_indoor
                         0x801'f135     0x54  Code  Gb  tsl_mqtt.o [1]
upuploadAccessLog_indoor::__FUNCTION__
                         0x801'f188     0x1c  Data  Lc  tsl_mqtt.o [1]
upuploadAccessLog_pwd    0x801'f0bd     0x54  Code  Gb  tsl_mqtt.o [1]
upuploadAccessLog_pwd::__FUNCTION__
                         0x801'f110     0x18  Data  Lc  tsl_mqtt.o [1]
upuploadAccessSensor     0x801'f1ef      0x2  Code  Gb  tsl_mqtt.o [1]
upuploadDeviceInfo       0x801'ee1d    0x120  Code  Gb  tsl_mqtt.o [1]
upuploadDeviceInfo::__FUNCTION__
                         0x801'ef3c     0x14  Data  Lc  tsl_mqtt.o [1]
upuploadDevicever        0x801'ece1     0xfa  Code  Gb  tsl_mqtt.o [1]
upuploadDevicever::__FUNCTION__
                         0x801'eddc     0x14  Data  Lc  tsl_mqtt.o [1]
utf16_literal_to_utf8    0x802'3635     0xd4  Code  Lc  cJSON.o [1]
uwTick                  0x2001'3b74      0x4  Data  Gb  stm32l4xx_hal.o [1]
uxCriticalNesting       0x2000'0380      0x4  Data  Lc  port.o [1]
uxCurrentNumberOfTasks  0x2001'2ee4      0x4  Data  Lc  tasks.o [1]
uxDeletedTasksWaitingCleanUp
                        0x2001'2ecc      0x4  Data  Lc  tasks.o [1]
uxListRemove             0x801'855b     0x24  Code  Gb  list.o [1]
uxPendedTicks           0x2001'2ef4      0x4  Data  Lc  tasks.o [1]
uxSchedulerSuspended    0x2001'2f08      0x4  Data  Lc  tasks.o [1]
uxTaskNumber            0x2001'2f00      0x4  Data  Lc  tasks.o [1]
uxTaskResetEventItemValue
                         0x800'fbc5     0x16  Code  Gb  tasks.o [1]
uxTopReadyPriority      0x2001'2eec      0x4  Data  Lc  tasks.o [1]
vApplicationTickHook::tick
                        0x2001'3a8c      0x4  Data  Lc  cpu_utils.o [1]
vListInitialise          0x801'84ef     0x1a  Code  Gb  list.o [1]
vListInitialiseItem      0x801'8509      0x6  Code  Gb  list.o [1]
vListInsert              0x801'8529     0x32  Code  Gb  list.o [1]
vListInsertEnd           0x801'850f     0x1a  Code  Gb  list.o [1]
vPortEnableVFP           0x802'c819           Code  Gb  portasm.o [1]
vPortEnterCritical       0x801'76bd     0x3a  Code  Gb  port.o [1]
vPortEnterCritical::__func__
                         0x801'77e4     0x14  Data  Lc  port.o [1]
vPortExitCritical        0x801'76fd     0x24  Code  Gb  port.o [1]
vPortExitCritical::__func__
                         0x801'77f8     0x14  Data  Lc  port.o [1]
vPortFree                0x801'83e1     0x5a  Code  Gb  heap_4.o [1]
vPortFree::__func__      0x801'84a8      0xc  Data  Lc  heap_4.o [1]
vPortStartFirstTask      0x802'c801           Code  Gb  portasm.o [1]
vPortValidateInterruptPriority
                         0x801'773d     0x48  Code  Gb  port.o [1]
vPortValidateInterruptPriority::__func__
                         0x801'780c     0x20  Data  Lc  port.o [1]
vTaskDelay               0x800'f505     0x38  Code  Gb  tasks.o [1]
vTaskDelay::__func__     0x800'f53c      0xc  Data  Lc  tasks.o [1]
vTaskMissedYield         0x800'f9ef      0xa  Code  Gb  tasks.o [1]
vTaskName                0x800'fc93      0xa  Code  Gb  tasks.o [1]
vTaskPlaceOnEventList    0x800'f7ed     0x32  Code  Gb  tasks.o [1]
vTaskPlaceOnEventList::__func__
                         0x800'fd04     0x18  Data  Lc  tasks.o [1]
vTaskPlaceOnUnorderedEventList
                         0x800'f833     0x56  Code  Gb  tasks.o [1]
vTaskPlaceOnUnorderedEventList::__func__
                         0x800'fd1c     0x20  Data  Lc  tasks.o [1]
vTaskPriorityInherit     0x800'fa99     0x72  Code  Gb  tasks.o [1]
vTaskSetTimeOutState     0x800'f94f     0x28  Code  Gb  tasks.o [1]
vTaskSetTimeOutState::__func__
                         0x800'fd58     0x18  Data  Lc  tasks.o [1]
vTaskStackAddr           0x800'fc83      0x8  Code  Gb  tasks.o [1]
vTaskStackSize           0x800'fc8b      0x8  Code  Gb  tasks.o [1]
vTaskStartScheduler      0x800'f587     0x60  Code  Gb  tasks.o [1]
vTaskStartScheduler::__func__
                         0x800'fcb0     0x14  Data  Lc  tasks.o [1]
vTaskSuspendAll          0x800'f5ef      0xc  Code  Gb  tasks.o [1]
vTaskSwitchContext       0x800'f789     0x64  Code  Gb  tasks.o [1]
vTaskSwitchContext::__func__
                         0x800'fcf0     0x14  Data  Lc  tasks.o [1]
vsprintf                 0x800'fe21     0x34  Code  Gb  vsprintf.o [2]
wctob                    0x802'20d9     0x32  Code  Gb  wctob.o [2]
wifi                    0x2000'0260     0x18  Data  Gb  esp12s.o [1]
wifiReceiveMode         0x2000'021b      0x1  Data  Lc  esp12s.o [1]
wifiRun                 0x2000'0218      0x1  Data  Gb  esp12s.o [1]
wifiRunStatus           0x2000'0219      0x1  Data  Gb  esp12s.o [1]
wifi_check_power_on      0x802'5add     0x7a  Code  Gb  esp12s.o [1]
wifi_module_receive      0x802'6265     0x52  Code  Gb  esp12s.o [1]
wifi_rx_data_analisys    0x802'5f4f    0x2d2  Code  Lc  esp12s.o [1]
wifi_send_command        0x802'54a9     0x9c  Code  Gb  esp12s.o [1]
wifi_send_data           0x802'5429     0x18  Code  Gb  esp12s.o [1]
wifi_send_receive        0x802'5441     0x66  Code  Gb  esp12s.o [1]
wifi_send_receive_repeat
                         0x802'55bb     0x30  Code  Gb  esp12s.o [1]
wifi_set_connect_ap      0x802'55ed     0xd0  Code  Gb  esp12s.o [1]
wifi_set_default         0x802'56fd    0x260  Code  Gb  esp12s.o [1]
wifi_wait_data           0x802'5561     0x4e  Code  Gb  esp12s.o [1]
writeCString             0x802'43c9     0x28  Code  Gb  MQTTPacket.o [1]
writeChar                0x802'439f      0xc  Code  Gb  MQTTPacket.o [1]
writeInt                 0x802'43ab     0x1e  Code  Gb  MQTTPacket.o [1]
writeMQTTString          0x802'43f1     0x36  Code  Gb  MQTTPacket.o [1]
writePos                0x2001'3ae0      0x4  Data  Gb  sysCntSave.o [1]
xBleUpdateNetSemaphore  0x2001'36b8      0x4  Data  Gb  freertos.o [1]
xBlockAllocatedBit      0x2000'09d4      0x4  Data  Lc  heap_4.o [1]
xBtSemaphore            0x2001'3698      0x4  Data  Gb  freertos.o [1]
xChipFlashSemaphore     0x2001'3694      0x4  Data  Gb  freertos.o [1]
xConsoleSemaphore       0x2001'368c      0x4  Data  Gb  freertos.o [1]
xDelayedTaskList1       0x2001'2f0c     0x14  Data  Lc  tasks.o [1]
xDelayedTaskList2       0x2001'2f20     0x14  Data  Lc  tasks.o [1]
xEventGroupClearBits     0x801'2985     0x4c  Code  Gb  event_groups.o [1]
xEventGroupClearBits::__func__
                         0x801'2aa0     0x18  Data  Lc  event_groups.o [1]
xEventGroupCreate        0x801'285d     0x1a  Code  Gb  event_groups.o [1]
xEventGroupSetBits       0x801'29e1     0x90  Code  Gb  event_groups.o [1]
xEventGroupSetBits::__func__
                         0x801'2ab8     0x14  Data  Lc  event_groups.o [1]
xEventGroupWaitBits      0x801'2879     0xfa  Code  Gb  event_groups.o [1]
xEventGroupWaitBits::__func__
                         0x801'2a8c     0x14  Data  Lc  event_groups.o [1]
xFlashSemaphore         0x2001'3690      0x4  Data  Gb  freertos.o [1]
xFreeBytesRemaining     0x2000'09cc      0x4  Data  Lc  heap_4.o [1]
xHigherPriorityTaskWoken
                        0x2000'0224      0x4  Data  Lc  esp12s.o [1]
xHigherPriorityTaskWoken
                        0x2000'0690      0x4  Data  Gb  sim800c.o [1]
xIdleHandle             0x2001'3a78      0x4  Data  Gb  cpu_utils.o [1]
xIdleTaskHandle         0x2001'2f34      0x4  Data  Lc  tasks.o [1]
xKeyQueue               0x2001'36c4      0x4  Data  Gb  freertos.o [1]
xLogQueue               0x2001'36c0      0x4  Data  Gb  freertos.o [1]
xMinimumEverFreeBytesRemaining
                        0x2000'09d0      0x4  Data  Lc  heap_4.o [1]
xMqttOtaSemaphore       0x2001'36b4      0x4  Data  Gb  freertos.o [1]
xMqttRecvQueue          0x2001'36cc      0x4  Data  Gb  freertos.o [1]
xMqttRecvSemaphore      0x2001'36b0      0x4  Data  Gb  freertos.o [1]
xMqttSendQueue          0x2001'36c8      0x4  Data  Gb  freertos.o [1]
xNextTaskUnblockTime    0x2001'2f04      0x4  Data  Lc  tasks.o [1]
xNumOfOverflows         0x2001'2efc      0x4  Data  Lc  tasks.o [1]
xPendingReadyList       0x2001'2e98     0x14  Data  Lc  tasks.o [1]
xPortStartScheduler      0x801'7605     0xa6  Code  Gb  port.o [1]
xPortStartScheduler::__func__
                         0x801'77d0     0x14  Data  Lc  port.o [1]
xPortSysTickHandler      0x801'7721     0x1c  Code  Gb  port.o [1]
xQueueCreateMutex        0x801'220b     0x28  Code  Gb  queue.o [1]
xQueueGenericCreate      0x801'21b1     0x44  Code  Gb  queue.o [1]
xQueueGenericCreate::__func__
                         0x801'27e0     0x14  Data  Lc  queue.o [1]
xQueueGenericReceive     0x801'24ed    0x172  Code  Gb  queue.o [1]
xQueueGenericReceive::__func__
                         0x801'2838     0x18  Data  Lc  queue.o [1]
xQueueGenericReset       0x801'212d     0x84  Code  Gb  queue.o [1]
xQueueGenericReset::__func__
                         0x801'27cc     0x14  Data  Lc  queue.o [1]
xQueueGenericSend        0x801'2233    0x168  Code  Gb  queue.o [1]
xQueueGenericSend::__func__
                         0x801'27f4     0x14  Data  Lc  queue.o [1]
xQueueGenericSendFromISR
                         0x801'23a9     0xa4  Code  Gb  queue.o [1]
xQueueGenericSendFromISR::__func__
                         0x801'2808     0x1c  Data  Lc  queue.o [1]
xQueueGiveFromISR        0x801'2455     0x98  Code  Gb  queue.o [1]
xQueueGiveFromISR::__func__
                         0x801'2824     0x14  Data  Lc  queue.o [1]
xSchedulerRunning       0x2001'2ef0      0x4  Data  Lc  tasks.o [1]
xSocketCmdSemaphore     0x2001'36a8      0x4  Data  Gb  freertos.o [1]
xSocketConnectSemaphore
                        0x2001'36ac      0x4  Data  Gb  freertos.o [1]
xSocketSemaphore        0x2001'36a0      0x4  Data  Gb  freertos.o [1]
xSocketSendSemaphore    0x2001'36a4      0x4  Data  Gb  freertos.o [1]
xStart                  0x2000'09c0      0x8  Data  Lc  heap_4.o [1]
xSuspendedTaskList      0x2001'2ed0     0x14  Data  Lc  tasks.o [1]
xTaskCheckForTimeOut     0x800'f977     0x78  Code  Gb  tasks.o [1]
xTaskCheckForTimeOut::__func__
                         0x800'fd70     0x18  Data  Lc  tasks.o [1]
xTaskCreate              0x800'f37d     0x58  Code  Gb  tasks.o [1]
xTaskGetCurrentTaskHandle
                         0x800'fa79      0x8  Code  Gb  tasks.o [1]
xTaskGetSchedulerState   0x800'fa81     0x18  Code  Gb  tasks.o [1]
xTaskGetTickCountFromISR
                         0x800'f6af      0xe  Code  Gb  tasks.o [1]
xTaskIncrementTick       0x800'f6bd     0xcc  Code  Gb  tasks.o [1]
xTaskIncrementTick::__func__
                         0x800'fcdc     0x14  Data  Lc  tasks.o [1]
xTaskPriorityDisinherit
                         0x800'fb11     0x9a  Code  Gb  tasks.o [1]
xTaskPriorityDisinherit::__func__
                         0x800'fd88     0x18  Data  Lc  tasks.o [1]
xTaskRemoveFromEventList
                         0x800'f88d     0x5e  Code  Gb  tasks.o [1]
xTaskRemoveFromEventList::__func__
                         0x800'fd3c     0x1c  Data  Lc  tasks.o [1]
xTaskRemoveFromUnorderedEventList
                         0x800'f8eb     0x5a  Code  Gb  tasks.o [1]
xTaskRemoveFromUnorderedEventList::__func__
                         0x802'f488     0x24  Data  Lc  tasks.o [1]
xTaskResumeAll           0x800'f5fb     0xa4  Code  Gb  tasks.o [1]
xTaskResumeAll::__func__
                         0x800'fccc     0x10  Data  Lc  tasks.o [1]
xTasksWaitingTermination
                        0x2001'2eac     0x14  Data  Lc  tasks.o [1]
xTickCount              0x2001'2ee8      0x4  Data  Lc  tasks.o [1]
xUsartNetSemaphore      0x2001'369c      0x4  Data  Gb  freertos.o [1]
xWatchdogEventGroup     0x2001'36bc      0x4  Data  Gb  freertos.o [1]
xYieldPending           0x2001'2ef8      0x4  Data  Lc  tasks.o [1]


[1] = D:\TSBrowserDownloads\JD-TOUCH\EWARM\Seed_STM32L471RE\Obj
[2] = dl7M_tlf.a
[3] = m7M_tls.a
[4] = rt7M_tl.a
[5] = shb_l.a

  141 364 bytes of readonly  code memory
   17 502 bytes of readonly  data memory
   93 075 bytes of readwrite data memory (+ 15 532 absolute)

Errors: none
Warnings: none
