###############################################################################
#
# IAR ELF Linker V8.32.1.169/W32 for ARM                  15/Nov/2021  10:12:55
# Copyright 2007-2018 IAR Systems AB.
#
#    Output file  =  
#        D:\git\AAAA\TOUCH-BLUE\EWARM\Seed_STM32L471RE\Exe\Seed_STM32L471RE.out
#    Map file     =  
#        D:\git\AAAA\TOUCH-BLUE\EWARM\Seed_STM32L471RE\List\Seed_STM32L471RE.map
#    Command line =  
#        -f C:\Users\KOSON~1.GON\AppData\Local\Temp\EW113D.tmp
#        (D:\git\AAAA\TOUCH-BLUE\EWARM\Seed_STM32L471RE\Obj\adc.o
#        D:\git\AAAA\TOUCH-BLUE\EWARM\Seed_STM32L471RE\Obj\aes.o
#        D:\git\AAAA\TOUCH-BLUE\EWARM\Seed_STM32L471RE\Obj\aes_cbc.o
#        D:\git\AAAA\TOUCH-BLUE\EWARM\Seed_STM32L471RE\Obj\appPhone.o
#        D:\git\AAAA\TOUCH-BLUE\EWARM\Seed_STM32L471RE\Obj\asn1parse.o
#        D:\git\AAAA\TOUCH-BLUE\EWARM\Seed_STM32L471RE\Obj\asn1write.o
#        D:\git\AAAA\TOUCH-BLUE\EWARM\Seed_STM32L471RE\Obj\Backlight.o
#        D:\git\AAAA\TOUCH-BLUE\EWARM\Seed_STM32L471RE\Obj\base64.o
#        D:\git\AAAA\TOUCH-BLUE\EWARM\Seed_STM32L471RE\Obj\bb0906.o
#        D:\git\AAAA\TOUCH-BLUE\EWARM\Seed_STM32L471RE\Obj\bb0906_protocol.o
#        D:\git\AAAA\TOUCH-BLUE\EWARM\Seed_STM32L471RE\Obj\beep.o
#        D:\git\AAAA\TOUCH-BLUE\EWARM\Seed_STM32L471RE\Obj\bignum.o
#        D:\git\AAAA\TOUCH-BLUE\EWARM\Seed_STM32L471RE\Obj\BleDataHandle.o
#        D:\git\AAAA\TOUCH-BLUE\EWARM\Seed_STM32L471RE\Obj\bm77.o
#        D:\git\AAAA\TOUCH-BLUE\EWARM\Seed_STM32L471RE\Obj\bsp_gpio.o
#        D:\git\AAAA\TOUCH-BLUE\EWARM\Seed_STM32L471RE\Obj\bsp_rtc.o
#        D:\git\AAAA\TOUCH-BLUE\EWARM\Seed_STM32L471RE\Obj\btTask.o
#        D:\git\AAAA\TOUCH-BLUE\EWARM\Seed_STM32L471RE\Obj\buletooth.o
#        D:\git\AAAA\TOUCH-BLUE\EWARM\Seed_STM32L471RE\Obj\card.o
#        D:\git\AAAA\TOUCH-BLUE\EWARM\Seed_STM32L471RE\Obj\chipFlash.o
#        D:\git\AAAA\TOUCH-BLUE\EWARM\Seed_STM32L471RE\Obj\cJSON.o
#        D:\git\AAAA\TOUCH-BLUE\EWARM\Seed_STM32L471RE\Obj\cm_backtrace.o
#        D:\git\AAAA\TOUCH-BLUE\EWARM\Seed_STM32L471RE\Obj\cmb_fault.o
#        D:\git\AAAA\TOUCH-BLUE\EWARM\Seed_STM32L471RE\Obj\cmsis_os.o
#        D:\git\AAAA\TOUCH-BLUE\EWARM\Seed_STM32L471RE\Obj\component.o
#        D:\git\AAAA\TOUCH-BLUE\EWARM\Seed_STM32L471RE\Obj\config_key.o
#        D:\git\AAAA\TOUCH-BLUE\EWARM\Seed_STM32L471RE\Obj\console.o
#        D:\git\AAAA\TOUCH-BLUE\EWARM\Seed_STM32L471RE\Obj\cpu_utils.o
#        D:\git\AAAA\TOUCH-BLUE\EWARM\Seed_STM32L471RE\Obj\cqBus.o
#        D:\git\AAAA\TOUCH-BLUE\EWARM\Seed_STM32L471RE\Obj\crc16.o
#        D:\git\AAAA\TOUCH-BLUE\EWARM\Seed_STM32L471RE\Obj\crc32.o
#        D:\git\AAAA\TOUCH-BLUE\EWARM\Seed_STM32L471RE\Obj\croutine.o
#        D:\git\AAAA\TOUCH-BLUE\EWARM\Seed_STM32L471RE\Obj\CY8CMBR3116.o
#        D:\git\AAAA\TOUCH-BLUE\EWARM\Seed_STM32L471RE\Obj\debug_buletooth.o
#        D:\git\AAAA\TOUCH-BLUE\EWARM\Seed_STM32L471RE\Obj\debug_cpu.o
#        D:\git\AAAA\TOUCH-BLUE\EWARM\Seed_STM32L471RE\Obj\debug_fatfs.o
#        D:\git\AAAA\TOUCH-BLUE\EWARM\Seed_STM32L471RE\Obj\debug_get_time.o
#        D:\git\AAAA\TOUCH-BLUE\EWARM\Seed_STM32L471RE\Obj\debug_help.o
#        D:\git\AAAA\TOUCH-BLUE\EWARM\Seed_STM32L471RE\Obj\debug_nfc.o
#        D:\git\AAAA\TOUCH-BLUE\EWARM\Seed_STM32L471RE\Obj\debug_permi_list.o
#        D:\git\AAAA\TOUCH-BLUE\EWARM\Seed_STM32L471RE\Obj\debug_pwd.o
#        D:\git\AAAA\TOUCH-BLUE\EWARM\Seed_STM32L471RE\Obj\debug_resert.o
#        D:\git\AAAA\TOUCH-BLUE\EWARM\Seed_STM32L471RE\Obj\debug_run.o
#        D:\git\AAAA\TOUCH-BLUE\EWARM\Seed_STM32L471RE\Obj\des.o
#        D:\git\AAAA\TOUCH-BLUE\EWARM\Seed_STM32L471RE\Obj\dhcp.o
#        D:\git\AAAA\TOUCH-BLUE\EWARM\Seed_STM32L471RE\Obj\dns.o
#        D:\git\AAAA\TOUCH-BLUE\EWARM\Seed_STM32L471RE\Obj\door_key.o
#        D:\git\AAAA\TOUCH-BLUE\EWARM\Seed_STM32L471RE\Obj\ecdsa.o
#        D:\git\AAAA\TOUCH-BLUE\EWARM\Seed_STM32L471RE\Obj\ecp.o
#        D:\git\AAAA\TOUCH-BLUE\EWARM\Seed_STM32L471RE\Obj\ecp_curves.o
#        D:\git\AAAA\TOUCH-BLUE\EWARM\Seed_STM32L471RE\Obj\EncryDecry.o
#        D:\git\AAAA\TOUCH-BLUE\EWARM\Seed_STM32L471RE\Obj\err_log.o
#        D:\git\AAAA\TOUCH-BLUE\EWARM\Seed_STM32L471RE\Obj\esp12s.o
#        D:\git\AAAA\TOUCH-BLUE\EWARM\Seed_STM32L471RE\Obj\event_groups.o
#        D:\git\AAAA\TOUCH-BLUE\EWARM\Seed_STM32L471RE\Obj\fatfs.o
#        D:\git\AAAA\TOUCH-BLUE\EWARM\Seed_STM32L471RE\Obj\fkCard.o
#        D:\git\AAAA\TOUCH-BLUE\EWARM\Seed_STM32L471RE\Obj\fKDataHand.o
#        D:\git\AAAA\TOUCH-BLUE\EWARM\Seed_STM32L471RE\Obj\flash_fat_dev.o
#        D:\git\AAAA\TOUCH-BLUE\EWARM\Seed_STM32L471RE\Obj\flash_sector.o
#        D:\git\AAAA\TOUCH-BLUE\EWARM\Seed_STM32L471RE\Obj\fm1208.o
#        D:\git\AAAA\TOUCH-BLUE\EWARM\Seed_STM32L471RE\Obj\freertos.o
#        D:\git\AAAA\TOUCH-BLUE\EWARM\Seed_STM32L471RE\Obj\gpio.o
#        D:\git\AAAA\TOUCH-BLUE\EWARM\Seed_STM32L471RE\Obj\hal_spi.o
#        D:\git\AAAA\TOUCH-BLUE\EWARM\Seed_STM32L471RE\Obj\heap_4.o
#        D:\git\AAAA\TOUCH-BLUE\EWARM\Seed_STM32L471RE\Obj\hmac_drbg.o
#        D:\git\AAAA\TOUCH-BLUE\EWARM\Seed_STM32L471RE\Obj\httpbuss.o
#        D:\git\AAAA\TOUCH-BLUE\EWARM\Seed_STM32L471RE\Obj\i2c.o
#        D:\git\AAAA\TOUCH-BLUE\EWARM\Seed_STM32L471RE\Obj\iso14443a.o
#        D:\git\AAAA\TOUCH-BLUE\EWARM\Seed_STM32L471RE\Obj\iso14443a_3.o
#        D:\git\AAAA\TOUCH-BLUE\EWARM\Seed_STM32L471RE\Obj\iso14443b.o
#        D:\git\AAAA\TOUCH-BLUE\EWARM\Seed_STM32L471RE\Obj\iso14443b_st25tb.o
#        D:\git\AAAA\TOUCH-BLUE\EWARM\Seed_STM32L471RE\Obj\iso14443bRead.o
#        D:\git\AAAA\TOUCH-BLUE\EWARM\Seed_STM32L471RE\Obj\iso15693_3.o
#        D:\git\AAAA\TOUCH-BLUE\EWARM\Seed_STM32L471RE\Obj\iso15693Read.o
#        D:\git\AAAA\TOUCH-BLUE\EWARM\Seed_STM32L471RE\Obj\iwdg.o
#        D:\git\AAAA\TOUCH-BLUE\EWARM\Seed_STM32L471RE\Obj\key_task.o
#        D:\git\AAAA\TOUCH-BLUE\EWARM\Seed_STM32L471RE\Obj\ladder.o
#        D:\git\AAAA\TOUCH-BLUE\EWARM\Seed_STM32L471RE\Obj\list.o
#        D:\git\AAAA\TOUCH-BLUE\EWARM\Seed_STM32L471RE\Obj\m_list.o
#        D:\git\AAAA\TOUCH-BLUE\EWARM\Seed_STM32L471RE\Obj\magnet.o
#        D:\git\AAAA\TOUCH-BLUE\EWARM\Seed_STM32L471RE\Obj\main.o
#        D:\git\AAAA\TOUCH-BLUE\EWARM\Seed_STM32L471RE\Obj\mate.o
#        D:\git\AAAA\TOUCH-BLUE\EWARM\Seed_STM32L471RE\Obj\mcc.o
#        D:\git\AAAA\TOUCH-BLUE\EWARM\Seed_STM32L471RE\Obj\mcc_crypto.o
#        D:\git\AAAA\TOUCH-BLUE\EWARM\Seed_STM32L471RE\Obj\mcc_crypto_card.o
#        D:\git\AAAA\TOUCH-BLUE\EWARM\Seed_STM32L471RE\Obj\mcc_crypto_reader.o
#        D:\git\AAAA\TOUCH-BLUE\EWARM\Seed_STM32L471RE\Obj\mcc_macros.o
#        D:\git\AAAA\TOUCH-BLUE\EWARM\Seed_STM32L471RE\Obj\mcc_raw_request.o
#        D:\git\AAAA\TOUCH-BLUE\EWARM\Seed_STM32L471RE\Obj\md.o
#        D:\git\AAAA\TOUCH-BLUE\EWARM\Seed_STM32L471RE\Obj\md5.o
#        D:\git\AAAA\TOUCH-BLUE\EWARM\Seed_STM32L471RE\Obj\md_wrap.o
#        D:\git\AAAA\TOUCH-BLUE\EWARM\Seed_STM32L471RE\Obj\modules_init.o
#        D:\git\AAAA\TOUCH-BLUE\EWARM\Seed_STM32L471RE\Obj\mqtt_client.o
#        D:\git\AAAA\TOUCH-BLUE\EWARM\Seed_STM32L471RE\Obj\mqtt_ota.o
#        D:\git\AAAA\TOUCH-BLUE\EWARM\Seed_STM32L471RE\Obj\mqtt_task.o
#        D:\git\AAAA\TOUCH-BLUE\EWARM\Seed_STM32L471RE\Obj\MQTTConnectClient.o
#        D:\git\AAAA\TOUCH-BLUE\EWARM\Seed_STM32L471RE\Obj\MQTTConnectServer.o
#        D:\git\AAAA\TOUCH-BLUE\EWARM\Seed_STM32L471RE\Obj\MQTTDeserializePublish.o
#        D:\git\AAAA\TOUCH-BLUE\EWARM\Seed_STM32L471RE\Obj\MQTTFormat.o
#        D:\git\AAAA\TOUCH-BLUE\EWARM\Seed_STM32L471RE\Obj\MQTTFreeRTOS.o
#        D:\git\AAAA\TOUCH-BLUE\EWARM\Seed_STM32L471RE\Obj\MQTTPacket.o
#        D:\git\AAAA\TOUCH-BLUE\EWARM\Seed_STM32L471RE\Obj\MQTTSerializePublish.o
#        D:\git\AAAA\TOUCH-BLUE\EWARM\Seed_STM32L471RE\Obj\MQTTSubscribeClient.o
#        D:\git\AAAA\TOUCH-BLUE\EWARM\Seed_STM32L471RE\Obj\MQTTSubscribeServer.o
#        D:\git\AAAA\TOUCH-BLUE\EWARM\Seed_STM32L471RE\Obj\MQTTUnsubscribeClient.o
#        D:\git\AAAA\TOUCH-BLUE\EWARM\Seed_STM32L471RE\Obj\MQTTUnsubscribeServer.o
#        D:\git\AAAA\TOUCH-BLUE\EWARM\Seed_STM32L471RE\Obj\oid.o
#        D:\git\AAAA\TOUCH-BLUE\EWARM\Seed_STM32L471RE\Obj\open_door.o
#        D:\git\AAAA\TOUCH-BLUE\EWARM\Seed_STM32L471RE\Obj\open_log.o
#        D:\git\AAAA\TOUCH-BLUE\EWARM\Seed_STM32L471RE\Obj\pem.o
#        D:\git\AAAA\TOUCH-BLUE\EWARM\Seed_STM32L471RE\Obj\permi_list.o
#        D:\git\AAAA\TOUCH-BLUE\EWARM\Seed_STM32L471RE\Obj\phoneTag.o
#        D:\git\AAAA\TOUCH-BLUE\EWARM\Seed_STM32L471RE\Obj\pk.o
#        D:\git\AAAA\TOUCH-BLUE\EWARM\Seed_STM32L471RE\Obj\pk_wrap.o
#        D:\git\AAAA\TOUCH-BLUE\EWARM\Seed_STM32L471RE\Obj\pkparse.o
#        D:\git\AAAA\TOUCH-BLUE\EWARM\Seed_STM32L471RE\Obj\port.o
#        D:\git\AAAA\TOUCH-BLUE\EWARM\Seed_STM32L471RE\Obj\portasm.o
#        D:\git\AAAA\TOUCH-BLUE\EWARM\Seed_STM32L471RE\Obj\pwm.o
#        D:\git\AAAA\TOUCH-BLUE\EWARM\Seed_STM32L471RE\Obj\queue.o
#        D:\git\AAAA\TOUCH-BLUE\EWARM\Seed_STM32L471RE\Obj\relay.o
#        D:\git\AAAA\TOUCH-BLUE\EWARM\Seed_STM32L471RE\Obj\rfal_analogConfig.o
#        D:\git\AAAA\TOUCH-BLUE\EWARM\Seed_STM32L471RE\Obj\rfal_crc.o
#        D:\git\AAAA\TOUCH-BLUE\EWARM\Seed_STM32L471RE\Obj\rfal_iso15693_2.o
#        D:\git\AAAA\TOUCH-BLUE\EWARM\Seed_STM32L471RE\Obj\rfal_isoDep.o
#        D:\git\AAAA\TOUCH-BLUE\EWARM\Seed_STM32L471RE\Obj\rfal_nfca.o
#        D:\git\AAAA\TOUCH-BLUE\EWARM\Seed_STM32L471RE\Obj\rfal_nfcb.o
#        D:\git\AAAA\TOUCH-BLUE\EWARM\Seed_STM32L471RE\Obj\rfal_nfcDep.o
#        D:\git\AAAA\TOUCH-BLUE\EWARM\Seed_STM32L471RE\Obj\rfal_nfcf.o
#        D:\git\AAAA\TOUCH-BLUE\EWARM\Seed_STM32L471RE\Obj\rfal_nfcv.o
#        D:\git\AAAA\TOUCH-BLUE\EWARM\Seed_STM32L471RE\Obj\rfal_rfst25r3911.o
#        D:\git\AAAA\TOUCH-BLUE\EWARM\Seed_STM32L471RE\Obj\rfal_st25tb.o
#        D:\git\AAAA\TOUCH-BLUE\EWARM\Seed_STM32L471RE\Obj\rfal_t1t.o
#        D:\git\AAAA\TOUCH-BLUE\EWARM\Seed_STM32L471RE\Obj\ripemd160.o
#        D:\git\AAAA\TOUCH-BLUE\EWARM\Seed_STM32L471RE\Obj\rs485.o
#        D:\git\AAAA\TOUCH-BLUE\EWARM\Seed_STM32L471RE\Obj\rsa.o
#        D:\git\AAAA\TOUCH-BLUE\EWARM\Seed_STM32L471RE\Obj\rtc.o
#        D:\git\AAAA\TOUCH-BLUE\EWARM\Seed_STM32L471RE\Obj\serial.o
#        D:\git\AAAA\TOUCH-BLUE\EWARM\Seed_STM32L471RE\Obj\sha1.o
#        D:\git\AAAA\TOUCH-BLUE\EWARM\Seed_STM32L471RE\Obj\sha256.o
#        D:\git\AAAA\TOUCH-BLUE\EWARM\Seed_STM32L471RE\Obj\sha512.o
#        D:\git\AAAA\TOUCH-BLUE\EWARM\Seed_STM32L471RE\Obj\sim800c.o
#        D:\git\AAAA\TOUCH-BLUE\EWARM\Seed_STM32L471RE\Obj\SN75176BDR.o
#        D:\git\AAAA\TOUCH-BLUE\EWARM\Seed_STM32L471RE\Obj\socket.o
#        D:\git\AAAA\TOUCH-BLUE\EWARM\Seed_STM32L471RE\Obj\spi.o
#        D:\git\AAAA\TOUCH-BLUE\EWARM\Seed_STM32L471RE\Obj\spi_flash.o
#        D:\git\AAAA\TOUCH-BLUE\EWARM\Seed_STM32L471RE\Obj\st25_spi.o
#        D:\git\AAAA\TOUCH-BLUE\EWARM\Seed_STM32L471RE\Obj\st25_timer.o
#        D:\git\AAAA\TOUCH-BLUE\EWARM\Seed_STM32L471RE\Obj\st25Drv.o
#        D:\git\AAAA\TOUCH-BLUE\EWARM\Seed_STM32L471RE\Obj\st25r3911.o
#        D:\git\AAAA\TOUCH-BLUE\EWARM\Seed_STM32L471RE\Obj\st25r3911_com.o
#        D:\git\AAAA\TOUCH-BLUE\EWARM\Seed_STM32L471RE\Obj\st25r3911_interrupt.o
#        D:\git\AAAA\TOUCH-BLUE\EWARM\Seed_STM32L471RE\Obj\startup_config.o
#        D:\git\AAAA\TOUCH-BLUE\EWARM\Seed_STM32L471RE\Obj\startup_stm32l471xx.o
#        D:\git\AAAA\TOUCH-BLUE\EWARM\Seed_STM32L471RE\Obj\stm32l4xx_hal.o
#        D:\git\AAAA\TOUCH-BLUE\EWARM\Seed_STM32L471RE\Obj\stm32l4xx_hal_adc.o
#        D:\git\AAAA\TOUCH-BLUE\EWARM\Seed_STM32L471RE\Obj\stm32l4xx_hal_adc_ex.o
#        D:\git\AAAA\TOUCH-BLUE\EWARM\Seed_STM32L471RE\Obj\stm32l4xx_hal_cortex.o
#        D:\git\AAAA\TOUCH-BLUE\EWARM\Seed_STM32L471RE\Obj\stm32l4xx_hal_dma.o
#        D:\git\AAAA\TOUCH-BLUE\EWARM\Seed_STM32L471RE\Obj\stm32l4xx_hal_dma_ex.o
#        D:\git\AAAA\TOUCH-BLUE\EWARM\Seed_STM32L471RE\Obj\stm32l4xx_hal_flash.o
#        D:\git\AAAA\TOUCH-BLUE\EWARM\Seed_STM32L471RE\Obj\stm32l4xx_hal_flash_ex.o
#        D:\git\AAAA\TOUCH-BLUE\EWARM\Seed_STM32L471RE\Obj\stm32l4xx_hal_flash_ramfunc.o
#        D:\git\AAAA\TOUCH-BLUE\EWARM\Seed_STM32L471RE\Obj\stm32l4xx_hal_gpio.o
#        D:\git\AAAA\TOUCH-BLUE\EWARM\Seed_STM32L471RE\Obj\stm32l4xx_hal_i2c.o
#        D:\git\AAAA\TOUCH-BLUE\EWARM\Seed_STM32L471RE\Obj\stm32l4xx_hal_i2c_ex.o
#        D:\git\AAAA\TOUCH-BLUE\EWARM\Seed_STM32L471RE\Obj\stm32l4xx_hal_iwdg.o
#        D:\git\AAAA\TOUCH-BLUE\EWARM\Seed_STM32L471RE\Obj\stm32l4xx_hal_msp.o
#        D:\git\AAAA\TOUCH-BLUE\EWARM\Seed_STM32L471RE\Obj\stm32l4xx_hal_pwr.o
#        D:\git\AAAA\TOUCH-BLUE\EWARM\Seed_STM32L471RE\Obj\stm32l4xx_hal_pwr_ex.o
#        D:\git\AAAA\TOUCH-BLUE\EWARM\Seed_STM32L471RE\Obj\stm32l4xx_hal_rcc.o
#        D:\git\AAAA\TOUCH-BLUE\EWARM\Seed_STM32L471RE\Obj\stm32l4xx_hal_rcc_ex.o
#        D:\git\AAAA\TOUCH-BLUE\EWARM\Seed_STM32L471RE\Obj\stm32l4xx_hal_rtc.o
#        D:\git\AAAA\TOUCH-BLUE\EWARM\Seed_STM32L471RE\Obj\stm32l4xx_hal_rtc_ex.o
#        D:\git\AAAA\TOUCH-BLUE\EWARM\Seed_STM32L471RE\Obj\stm32l4xx_hal_spi.o
#        D:\git\AAAA\TOUCH-BLUE\EWARM\Seed_STM32L471RE\Obj\stm32l4xx_hal_spi_ex.o
#        D:\git\AAAA\TOUCH-BLUE\EWARM\Seed_STM32L471RE\Obj\stm32l4xx_hal_tim.o
#        D:\git\AAAA\TOUCH-BLUE\EWARM\Seed_STM32L471RE\Obj\stm32l4xx_hal_tim_ex.o
#        D:\git\AAAA\TOUCH-BLUE\EWARM\Seed_STM32L471RE\Obj\stm32l4xx_hal_uart.o
#        D:\git\AAAA\TOUCH-BLUE\EWARM\Seed_STM32L471RE\Obj\stm32l4xx_hal_uart_ex.o
#        D:\git\AAAA\TOUCH-BLUE\EWARM\Seed_STM32L471RE\Obj\stm32l4xx_it.o
#        D:\git\AAAA\TOUCH-BLUE\EWARM\Seed_STM32L471RE\Obj\swipeTag.o
#        D:\git\AAAA\TOUCH-BLUE\EWARM\Seed_STM32L471RE\Obj\sys_led.o
#        D:\git\AAAA\TOUCH-BLUE\EWARM\Seed_STM32L471RE\Obj\sysCfg.o
#        D:\git\AAAA\TOUCH-BLUE\EWARM\Seed_STM32L471RE\Obj\sysCntSave.o
#        D:\git\AAAA\TOUCH-BLUE\EWARM\Seed_STM32L471RE\Obj\system_stm32l4xx.o
#        D:\git\AAAA\TOUCH-BLUE\EWARM\Seed_STM32L471RE\Obj\tagComponent.o
#        D:\git\AAAA\TOUCH-BLUE\EWARM\Seed_STM32L471RE\Obj\tasks.o
#        D:\git\AAAA\TOUCH-BLUE\EWARM\Seed_STM32L471RE\Obj\tempwd.o
#        D:\git\AAAA\TOUCH-BLUE\EWARM\Seed_STM32L471RE\Obj\TIBOSHI.o
#        D:\git\AAAA\TOUCH-BLUE\EWARM\Seed_STM32L471RE\Obj\tim.o
#        D:\git\AAAA\TOUCH-BLUE\EWARM\Seed_STM32L471RE\Obj\timer.o
#        D:\git\AAAA\TOUCH-BLUE\EWARM\Seed_STM32L471RE\Obj\timers.o
#        D:\git\AAAA\TOUCH-BLUE\EWARM\Seed_STM32L471RE\Obj\tsl_mqtt.o
#        D:\git\AAAA\TOUCH-BLUE\EWARM\Seed_STM32L471RE\Obj\tslDatahand.o
#        D:\git\AAAA\TOUCH-BLUE\EWARM\Seed_STM32L471RE\Obj\twinkle.o
#        D:\git\AAAA\TOUCH-BLUE\EWARM\Seed_STM32L471RE\Obj\unit.o
#        D:\git\AAAA\TOUCH-BLUE\EWARM\Seed_STM32L471RE\Obj\usart.o
#        D:\git\AAAA\TOUCH-BLUE\EWARM\Seed_STM32L471RE\Obj\user_diskio.o
#        D:\git\AAAA\TOUCH-BLUE\EWARM\Seed_STM32L471RE\Obj\variable.o
#        D:\git\AAAA\TOUCH-BLUE\EWARM\Seed_STM32L471RE\Obj\w5500.o
#        D:\git\AAAA\TOUCH-BLUE\EWARM\Seed_STM32L471RE\Obj\w5500_config.o
#        D:\git\AAAA\TOUCH-BLUE\EWARM\Seed_STM32L471RE\Obj\w5500_drv.o
#        D:\git\AAAA\TOUCH-BLUE\EWARM\Seed_STM32L471RE\Obj\w_socket.o
#        D:\git\AAAA\TOUCH-BLUE\EWARM\Seed_STM32L471RE\Obj\wizchip_conf.o
#        --printf_multibytes --redirect _Scanf=_ScanfFull --no_out_extension -o
#        D:\git\AAAA\TOUCH-BLUE\EWARM\Seed_STM32L471RE\Exe\Seed_STM32L471RE.out
#        --map
#        D:\git\AAAA\TOUCH-BLUE\EWARM\Seed_STM32L471RE\List\Seed_STM32L471RE.map
#        --config D:\git\AAAA\TOUCH-BLUE\EWARM\stm32l471xx_flash.icf
#        --semihosting --entry __iar_program_start --vfe --text_out locale)
#
###############################################################################

*******************************************************************************
*** RUNTIME MODEL ATTRIBUTES
***

CppFlavor       = *
__Heap_Handler  = DLMalloc
__SystemLibrary = DLib
__dlib_version  = 6


*******************************************************************************
*** HEAP SELECTION
***

The advanced heap was selected because the application calls memory
allocation functions outside of system library functions, and there
are calls to deallocation functions in the application.


*******************************************************************************
*** PLACEMENT SUMMARY
***

"A0":  place at 0x800'a000 { ro section .intvec };
"P1":  place in [from 0x800'a000 to 0x80f'ffff] { ro section u_boot_cmd };
"P2":  place in [from 0x800'a000 to 0x80f'ffff] { ro section __conmonent_init };
"P3":  place in [from 0x800'a000 to 0x80f'ffff] {
          ro section __bluetooth_command };
"P4":  place in [from 0x800'a000 to 0x80f'ffff] { ro section __modules_init };
"P5":  place in [from 0x800'a000 to 0x80f'ffff] { ro };
"P6":  place in [from 0x2000'0000 to 0x2001'7fff] { rw };
define block CSTACK with size = 4K, alignment = 8 { };
define block HEAP with size = 8K, alignment = 8 { };
"P7":  place in [from 0x1000'0000 to 0x1000'7fff] { block CSTACK, block HEAP };
initialize by copy { rw };

No sections matched the following patterns:

  ro section __bluetooth_command  in "P1-P5"
  ro section __conmonent_init     in "P1-P5"
  ro section __modules_init       in "P1-P5"
  ro section u_boot_cmd           in "P1-P5"


  Section               Kind         Address     Size  Object
  -------               ----         -------     ----  ------
"A0":                                           0x188
  .intvec               ro code   0x800'a000    0x188  startup_stm32l471xx.o [1]
                                - 0x800'a188    0x188

"P1-P5":                                      0x2e5dc
  .text                           0x800'a188  0x29528  <Block>
    .text               ro code   0x800'a188    0x290  adc.o [1]
    .text               ro code   0x800'a418    0xce8  stm32l4xx_hal_adc.o [1]
    .text               ro code   0x800'b100    0x314  stm32l4xx_hal_gpio.o [1]
    .text               ro code   0x800'b414     0x8a  stm32l4xx_hal_adc_ex.o [1]
    .text               ro code   0x800'b49e      0xa  xsprout.o [2]
    .text               ro code   0x800'b4a8    0x234  main.o [1]
    .text               ro code   0x800'b6dc     0x28  printf.o [2]
    .text               ro code   0x800'b704     0x44  cpu_utils.o [1]
    .text               ro code   0x800'b748    0x3e4  unit.o [1]
    .text               ro code   0x800'bb2c      0xc  stm32l4xx_hal.o [1]
    .text               ro code   0x800'bb38      0x2  stm32l4xx_hal_adc_ex.o [1]
    .text               ro code   0x800'bb3a      0x2  stm32l4xx_hal_adc.o [1]
    .text               ro code   0x800'bb3c      0x2  stm32l4xx_hal_adc_ex.o [1]
    .text               ro code   0x800'bb3e      0x2  stm32l4xx_hal_adc_ex.o [1]
    .text               ro code   0x800'bb40      0x2  stm32l4xx_hal_adc.o [1]
    .text               ro code   0x800'bb42      0x2  stm32l4xx_hal_adc_ex.o [1]
    .text               ro code   0x800'bb44    0x84c  cm_backtrace.o [1]
    .text               ro code   0x800'c390     0x16  stm32l4xx_hal.o [1]
    .text               ro code   0x800'c3a6     0x1e  xsscin.o [2]
    .text               ro code   0x800'c3c4    0x128  gpio.o [1]
    .text               ro code   0x800'c4ec    0x1bc  rtc.o [1]
    .text               ro code   0x800'c6a8    0x1bc  spi.o [1]
    .text               ro code   0x800'c864    0x424  usart.o [1]
    .text               ro code   0x800'cc88     0x38  iwdg.o [1]
    .text               ro code   0x800'ccc0    0x12c  tim.o [1]
    .text               ro code   0x800'cdec     0xe8  stm32l4xx_hal_cortex.o [1]
    .text               ro code   0x800'ced4    0x198  console.o [1]
    .text               ro code   0x800'd06c    0x4f0  freertos.o [1]
    .text               ro code   0x800'd55c     0x66  cmsis_os.o [1]
    .text               ro code   0x800'd5c2     0x26  xencoding_8859_1.o [2]
    .text               ro code   0x800'd5e8    0x6c4  stm32l4xx_hal_rcc.o [1]
    .text               ro code   0x800'dcac    0x500  stm32l4xx_hal_rcc_ex.o [1]
    .text               ro code   0x800'e1ac     0x7c  stm32l4xx_hal_pwr_ex.o [1]
    .text               ro code   0x800'e228    0xf46  xprintffull.o [2]
    .text               ro code   0x800'f16e     0x3a  zero_init3.o [4]
    .text               ro code   0x800'f1a8    0xa24  tasks.o [1]
    .text               ro code   0x800'fbcc     0x18  ABImemcpy_small.o [4]
    .text               ro code   0x800'fbe4      0x6  ABImemclr4.o [4]
    .text               ro code   0x800'fbea     0x7a  lz77_init_single.o [4]
    .text               ro code   0x800'fc64     0x34  vsprintf.o [2]
    .text               ro code   0x800'fc98    0x378  err_log.o [1]
    .text               ro code   0x801'0010     0x22  I64Shl.o [4]
    .text               ro code   0x801'0032     0x5c  stm32l4xx_hal_iwdg.o [1]
    .text               ro code   0x801'0090     0x28  sscanf.o [2]
    .text               ro code   0x801'00b8     0x40  sprintf.o [2]
    .text               ro code   0x801'00f8     0x1e  strncpy_small.o [4]
    .text               ro code   0x801'0118     0x28  stm32l4xx_hal.o [1]
    .text               ro code   0x801'0140     0x8c  stm32l4xx_hal_msp.o [1]
    .text               ro code   0x801'01cc    0x594  stm32l4xx_hal_rtc.o [1]
    .text               ro code   0x801'0760     0x1c  stm32l4xx_hal_rtc_ex.o [1]
    .text               ro code   0x801'077c    0x852  stm32l4xx_hal_spi.o [1]
    .text               ro code   0x801'0fd0    0x72c  stm32l4xx_hal_uart.o [1]
    .text               ro code   0x801'16fc     0x54  stm32l4xx_hal_tim_ex.o [1]
    .text               ro code   0x801'1750    0x74c  stm32l4xx_hal_tim.o [1]
    .text               ro code   0x801'1e9c     0xfc  timer.o [1]
    .text               ro code   0x801'1f98     0x10  stm32l4xx_hal.o [1]
    .text               ro code   0x801'1fa8     0xf4  beep.o [1]
    .text               ro code   0x801'209c    0x724  queue.o [1]
    .text               ro code   0x801'27c0      0xc  putchar.o [2]
    .text               ro code   0x801'27cc     0x16  strchr.o [4]
    .text               ro code   0x801'27e4     0x14  strlen_small.o [4]
    .text               ro code   0x801'27f8     0x28  strncmp.o [2]
    .text               ro code   0x801'2820    0x270  event_groups.o [1]
    .text               ro code   0x801'2a90    0x374  spi_flash.o [1]
    .text               ro code   0x801'2e04   0x179c  sysCfg.o [1]
    .text               ro code   0x801'45a0    0x304  bsp_gpio.o [1]
    .text               ro code   0x801'48a4     0x9c  modules_init.o [1]
    .text               ro code   0x801'4940     0x9c  component.o [1]
    .text               ro code   0x801'49dc    0x200  buletooth.o [1]
    .text               ro code   0x801'4bdc     0x80  tagComponent.o [1]
    .text               ro code   0x801'4c5c    0x978  socket.o [1]
    .text               ro code   0x801'55d4    0x23c  btTask.o [1]
    .text               ro code   0x801'5810    0x29c  key_task.o [1]
    .text               ro code   0x801'5aac     0xec  card.o [1]
    .text               ro code   0x801'5b98    0xc80  open_log.o [1]
    .text               ro code   0x801'6818   0x10f0  mqtt_ota.o [1]
    .text               ro code   0x801'7908    0x748  httpbuss.o [1]
    .text               ro code   0x801'8050    0x514  mqtt_task.o [1]
    .text               ro code   0x801'8564    0x294  port.o [1]
    .text               ro code   0x801'87f8    0x104  xlocale_c.o [2]
    .text               ro code   0x801'88fc     0x40  xfail_s.o [2]
    .text               ro code   0x801'893c     0x58  memchr.o [4]
    .text               ro code   0x801'8994      0xa  xmbcurmax.o [2]
    .text               ro code   0x801'89a0    0x106  I64DivMod_small.o [4]
    .text               ro code   0x801'8aa8    0x1a2  DblMul.o [3]
    .text               ro code   0x801'8c4c     0x70  frexp.o [3]
    .text               ro code   0x801'8cbc     0x2e  DblCmpLe.o [3]
    .text               ro code   0x801'8cec     0x2e  DblCmpGe.o [3]
    .text               ro code   0x801'8d1c    0x13a  ldexp.o [3]
    .text               ro code   0x801'8e58     0x3a  DblToS32.o [3]
    .text               ro code   0x801'8e94     0x22  S32ToDbl.o [3]
    .text               ro code   0x801'8eb8     0xe2  DblSub.o [3]
    .text               ro code   0x801'8f9c    0x246  DblDiv.o [3]
    .text               ro code   0x801'91e4     0x28  DblToU32.o [3]
    .text               ro code   0x801'920c     0x1a  U32ToDbl.o [3]
    .text               ro code   0x801'9228    0x20c  heap_4.o [1]
    .text               ro code   0x801'9434     0x3a  ABImemset48.o [4]
    .text               ro code   0x801'946e     0x90  list.o [1]
    .text               ro code   0x801'9500    0xe58  xscanffull.o [2]
    .text               ro code   0x801'a358     0x12  ABImemset_small.o [4]
    .text               ro code   0x801'a36a      0x2  stm32l4xx_hal_rtc_ex.o [1]
    .text               ro code   0x801'a36c    0x3b8  bsp_rtc.o [1]
    .text               ro code   0x801'a724     0x44  stm32l4xx_hal_dma.o [1]
    .text               ro code   0x801'a768      0x2  stm32l4xx_hal_spi.o [1]
    .text               ro code   0x801'a76a      0x2  stm32l4xx_hal_uart_ex.o [1]
    .text               ro code   0x801'a76c      0x2  stm32l4xx_hal_uart.o [1]
    .text               ro code   0x801'a76e      0x2  stm32l4xx_hal_tim.o [1]
    .text               ro code   0x801'a770      0x2  stm32l4xx_hal_tim.o [1]
    .text               ro code   0x801'a772      0x2  stm32l4xx_hal_tim.o [1]
    .text               ro code   0x801'a774      0x2  stm32l4xx_hal_tim_ex.o [1]
    .text               ro code   0x801'a776      0x2  stm32l4xx_hal_tim.o [1]
    .text               ro code   0x801'a778      0x2  stm32l4xx_hal_tim_ex.o [1]
    .text               ro code   0x801'a77a      0x2  stm32l4xx_hal_tim.o [1]
    .text               ro code   0x801'a77c   0x1d24  dlmalloc.o [2]
    .text               ro code   0x801'c4a0      0x6  ABImemclr.o [4]
    .text               ro code   0x801'c4a8     0x90  twinkle.o [1]
    .text               ro code   0x801'c538     0x3c  flash_sector.o [1]
    .text               ro code   0x801'c574    0x2a0  chipFlash.o [1]
    .text               ro code   0x801'c814     0x2c  crc16.o [1]
    .text               ro code   0x801'c840     0x1e  strcat.o [2]
    .text               ro code   0x801'c860    0x848  permi_list.o [1]
    .text               ro code   0x801'd0a8    0x7f8  bm77.o [1]
    .text               ro code   0x801'd8a0    0xcc8  bb0906.o [1]
    .text               ro code   0x801'e568   0x176c  BleDataHandle.o [1]
    .text               ro code   0x801'fcd4    0xa6c  tslDatahand.o [1]
    .text               ro code   0x802'0740     0x20  open_door.o [1]
    .text               ro code   0x802'0760    0x978  swipeTag.o [1]
    .text               ro code   0x802'10d8   0x1ca4  tsl_mqtt.o [1]
    .text               ro code   0x802'2d7c     0x30  strstr.o [2]
    .text               ro code   0x802'2dac    0x1ba  iar_Stoullx.o [2]
    .text               ro code   0x802'2f68    0xfdc  mqtt_client.o [1]
    .text               ro code   0x802'3f44    0x280  MQTTFreeRTOS.o [1]
    .text               ro code   0x802'41c4      0x6  abort.o [2]
    .text               ro code   0x802'41cc      0x2  I64DivZer.o [4]
    .text               ro code   0x802'41d0    0x17a  DblAdd.o [3]
    .text               ro code   0x802'434c     0x3c  wctob.o [2]
    .text               ro code   0x802'4388     0x14  isspace.o [2]
    .text               ro code   0x802'439c     0x9e  iar_Stollx.o [2]
    .text               ro code   0x802'443c    0x51a  strto64.o [3]
    .text               ro code   0x802'4956     0x14  isalpha.o [2]
    .text               ro code   0x802'496c     0x68  DblToFlt.o [3]
    .text               ro code   0x802'49d4     0x2c  xgetmemchunk.o [2]
    .text               ro code   0x802'4a00    0x238  stm32l4xx_hal_flash.o [1]
    .text               ro code   0x802'4c38    0x198  stm32l4xx_hal_flash_ex.o [1]
    .text               ro code   0x802'4dd0    0x1ac  sysCntSave.o [1]
    .text               ro code   0x802'4f7c     0x2c  crc32.o [1]
    .text               ro code   0x802'4fa8    0x3b8  bb0906_protocol.o [1]
    .text               ro code   0x802'5360     0x1e  stm32l4xx_hal.o [1]
    .text               ro code   0x802'5380    0x2cc  EncryDecry.o [1]
    .text               ro code   0x802'564c    0x288  magnet.o [1]
    .text               ro code   0x802'58d4    0xe2c  cJSON.o [1]
    .text               ro code   0x802'6700    0x150  iar_Stoulx.o [2]
    .text               ro code   0x802'6850      0x2  ladder.o [1]
    .text               ro code   0x802'6852      0x8  heaptramp0.o [2]
    .text               ro code   0x802'685c     0x48  FltToDbl.o [3]
    .text               ro code   0x802'68a4     0x14  tolower.o [2]
    .text               ro code   0x802'68b8    0x134  MQTTSerializePublish.o [1]
    .text               ro code   0x802'69ec    0x1ce  MQTTPacket.o [1]
    .text               ro code   0x802'6bbc     0x12  strcmp.o [4]
    .text               ro code   0x802'6bd0    0x294  MQTTConnectClient.o [1]
    .text               ro code   0x802'6e64     0xf0  MQTTDeserializePublish.o [1]
    .text               ro code   0x802'6f54    0x148  MQTTSubscribeClient.o [1]
    .text               ro code   0x802'709c     0x14  exit.o [5]
    .text               ro code   0x802'70b0    0x122  iar_Stopfx.o [2]
    .text               ro code   0x802'71d4    0x1c4  iar_Stoflt.o [2]
    .text               ro code   0x802'7398    0x21c  iar_Stoxflt.o [2]
    .text               ro code   0x802'75b4      0xe  math_wrappers64.o [3]
    .text               ro code   0x802'75c4     0x20  DblCmpEq.o [3]
    .text               ro code   0x802'75e4     0x30  iarttio.o [5]
    .text               ro code   0x802'7614      0xc  XShttio.o [2]
    .text               ro code   0x802'7620    0x2a0  appPhone.o [1]
    .text               ro code   0x802'78c0    0x10a  iso14443a.o [1]
    .text               ro code   0x802'79cc    0x120  iso14443a_3.o [1]
    .text               ro code   0x802'7aec   0x1286  rfal_rfst25r3911.o [1]
    .text               ro code   0x802'8d74    0x1d4  rfal_nfca.o [1]
    .text               ro code   0x802'8f48    0x230  rfal_isoDep.o [1]
    .text               ro code   0x802'9178    0x130  st25r3911_interrupt.o [1]
    .text               ro code   0x802'92a8    0x5aa  st25r3911.o [1]
    .text               ro code   0x802'9854     0xd4  rfal_analogConfig.o [1]
    .text               ro code   0x802'9928    0x1e6  st25r3911_com.o [1]
    .text               ro code   0x802'9b10    0x380  rfal_iso15693_2.o [1]
    .text               ro code   0x802'9e90     0x1a  st25_timer.o [1]
    .text               ro code   0x802'9eac     0x48  st25_spi.o [1]
    .text               ro code   0x802'9ef4     0x2c  rfal_crc.o [1]
    .text               ro code   0x802'9f20     0x2c  Backlight.o [1]
    .text               ro code   0x802'9f4c    0x13c  pwm.o [1]
    .text               ro code   0x802'a088      0xc  cmb_fault.o [1]
    .text               ro code   0x802'a094    0x10c  config_key.o [1]
    .text               ro code   0x802'a1a0    0x214  cqBus.o [1]
    .text               ro code   0x802'a3b4     0xa8  CY8CMBR3116.o [1]
    .text               ro code   0x802'a45c     0x84  debug_cpu.o [1]
    .text               ro code   0x802'a4e0     0x54  debug_fatfs.o [1]
    .text               ro code   0x802'a534    0x14c  debug_get_time.o [1]
    .text               ro code   0x802'a680    0x12c  debug_help.o [1]
    .text               ro code   0x802'a7ac     0x48  debug_nfc.o [1]
    .text               ro code   0x802'a7f4    0x520  debug_permi_list.o [1]
    .text               ro code   0x802'ad14    0x2b8  debug_pwd.o [1]
    .text               ro code   0x802'afcc     0xec  debug_resert.o [1]
    .text               ro code   0x802'b0b8    0xa3c  dhcp.o [1]
    .text               ro code   0x802'baf4    0x2c4  w5500.o [1]
    .text               ro code   0x802'bdb8    0x7a4  w_socket.o [1]
    .text               ro code   0x802'c55c    0x3d8  dns.o [1]
    .text               ro code   0x802'c934     0x18  strcpy.o [4]
    .text               ro code   0x802'c94c     0x9c  door_key.o [1]
    .text               ro code   0x802'c9e8   0x19dc  esp12s.o [1]
    .text               ro code   0x802'e3c4    0x1d8  fkCard.o [1]
    .text               ro code   0x802'e59c    0x306  mcc.o [1]
    .text               ro code   0x802'e8a4    0x268  mcc_crypto.o [1]
    .text               ro code   0x802'eb0c    0x148  mcc_raw_request.o [1]
    .text               ro code   0x802'ec54    0x17a  mcc_crypto_reader.o [1]
    .text               ro code   0x802'edce     0x5a  mcc_macros.o [1]
    .text               ro code   0x802'ee28     0x1e  U64Shr.o [4]
    .text               ro code   0x802'ee48      0x6  fm1208.o [1]
    .text               ro code   0x802'ee50     0xac  hal_spi.o [1]
    .text               ro code   0x802'eefc    0x348  i2c.o [1]
    .text               ro code   0x802'f244    0x110  iso14443b.o [1]
    .text               ro code   0x802'f354    0x2ea  rfal_nfcb.o [1]
    .text               ro code   0x802'f640     0x9c  iso14443bRead.o [1]
    .text               ro code   0x802'f6dc    0x4d0  iso15693_3.o [1]
    .text               ro code   0x802'fbac    0x13c  iso15693Read.o [1]
    .text               ro code   0x802'fce8     0x5c  relay.o [1]
    .text               ro code   0x802'fd44     0x54  serial.o [1]
    .text               ro code   0x802'fd98   0x19b8  sim800c.o [1]
    .text               ro code   0x803'1750    0x104  st25Drv.o [1]
    .text               ro code   0x803'1854     0x10  startup_stm32l471xx.o [1]
    .text               ro code   0x803'1864     0x74  stm32l4xx_it.o [1]
    .text               ro code   0x803'18d8    0x100  sys_led.o [1]
    .text               ro code   0x803'19d8     0x60  system_stm32l4xx.o [1]
    .text               ro code   0x803'1a38    0x698  tempwd.o [1]
    .text               ro code   0x803'20d0    0xec0  w5500_config.o [1]
    .text               ro code   0x803'2f90    0x47c  wizchip_conf.o [1]
    .text               ro code   0x803'340c    0x108  w5500_drv.o [1]
    .text               ro code   0x803'3514     0x22  fpinit_M.o [3]
    .text               ro code   0x803'3538     0x1e  cmain.o [4]
    .text               ro code   0x803'3556      0x4  low_level_init.o [2]
    .text               ro code   0x803'355c     0x28  data_init.o [4]
    .text               ro code   0x803'3584      0x4  exit.o [2]
    .text               ro code   0x803'3588      0xa  cexit.o [4]
    .text               ro code   0x803'3592      0x4  debug_run.o [1]
    .text               ro code   0x803'3596      0x4  startup_stm32l471xx.o [1]
    .text               ro code   0x803'359a      0x4  startup_stm32l471xx.o [1]
    .text               ro code   0x803'359e      0x4  startup_stm32l471xx.o [1]
    .text               ro code   0x803'35a2      0x4  startup_stm32l471xx.o [1]
    .text               ro code   0x803'35a6      0x4  startup_stm32l471xx.o [1]
    .text               ro code   0x803'35aa      0x4  startup_stm32l471xx.o [1]
    .text               ro code   0x803'35ae      0x4  startup_stm32l471xx.o [1]
    .text               ro code   0x803'35b2      0x4  startup_stm32l471xx.o [1]
    .text               ro code   0x803'35b6      0x4  startup_stm32l471xx.o [1]
    .text               ro code   0x803'35ba      0x4  startup_stm32l471xx.o [1]
    .text               ro code   0x803'35be      0x4  startup_stm32l471xx.o [1]
    .text               ro code   0x803'35c2      0x4  startup_stm32l471xx.o [1]
    .text               ro code   0x803'35c6      0x4  startup_stm32l471xx.o [1]
    .text               ro code   0x803'35ca      0x4  startup_stm32l471xx.o [1]
    .text               ro code   0x803'35ce      0x4  startup_stm32l471xx.o [1]
    .text               ro code   0x803'35d2      0x4  startup_stm32l471xx.o [1]
    .text               ro code   0x803'35d6      0x4  startup_stm32l471xx.o [1]
    .text               ro code   0x803'35da      0x4  startup_stm32l471xx.o [1]
    .text               ro code   0x803'35de      0x4  startup_stm32l471xx.o [1]
    .text               ro code   0x803'35e2      0x4  startup_stm32l471xx.o [1]
    .text               ro code   0x803'35e6      0x4  startup_stm32l471xx.o [1]
    .text               ro code   0x803'35ea      0x4  startup_stm32l471xx.o [1]
    .text               ro code   0x803'35ee      0x4  startup_stm32l471xx.o [1]
    .text               ro code   0x803'35f2      0x4  startup_stm32l471xx.o [1]
    .text               ro code   0x803'35f6      0x4  startup_stm32l471xx.o [1]
    .text               ro code   0x803'35fa      0x4  startup_stm32l471xx.o [1]
    .text               ro code   0x803'35fe      0x4  startup_stm32l471xx.o [1]
    .text               ro code   0x803'3602      0x4  startup_stm32l471xx.o [1]
    .text               ro code   0x803'3606      0x4  startup_stm32l471xx.o [1]
    .text               ro code   0x803'360a      0x4  startup_stm32l471xx.o [1]
    .text               ro code   0x803'360e      0x4  startup_stm32l471xx.o [1]
    .text               ro code   0x803'3612      0x4  startup_stm32l471xx.o [1]
    .text               ro code   0x803'3616      0x4  startup_stm32l471xx.o [1]
    .text               ro code   0x803'361a      0x4  startup_stm32l471xx.o [1]
    .text               ro code   0x803'361e      0x4  startup_stm32l471xx.o [1]
    .text               ro code   0x803'3622      0x4  startup_stm32l471xx.o [1]
    .text               ro code   0x803'3626      0x4  startup_stm32l471xx.o [1]
    .text               ro code   0x803'362a      0x4  startup_stm32l471xx.o [1]
    .text               ro code   0x803'362e      0x4  startup_stm32l471xx.o [1]
    .text               ro code   0x803'3632      0x4  startup_stm32l471xx.o [1]
    .text               ro code   0x803'3636      0x4  startup_stm32l471xx.o [1]
    .text               ro code   0x803'363a      0x4  startup_stm32l471xx.o [1]
    .text               ro code   0x803'363e      0x4  startup_stm32l471xx.o [1]
    .text               ro code   0x803'3642      0x4  startup_stm32l471xx.o [1]
    .text               ro code   0x803'3646      0x4  startup_stm32l471xx.o [1]
    .text               ro code   0x803'364a      0x4  startup_stm32l471xx.o [1]
    .text               ro code   0x803'364e      0x4  startup_stm32l471xx.o [1]
    .text               ro code   0x803'3652      0x4  startup_stm32l471xx.o [1]
    .text               ro code   0x803'3656      0x4  startup_stm32l471xx.o [1]
    .text               ro code   0x803'365a      0x4  startup_stm32l471xx.o [1]
    .text               ro code   0x803'365e      0x4  startup_stm32l471xx.o [1]
    .text               ro code   0x803'3662      0x4  startup_stm32l471xx.o [1]
    .text               ro code   0x803'3666      0x4  startup_stm32l471xx.o [1]
    .text               ro code   0x803'366a      0x4  startup_stm32l471xx.o [1]
    .text               ro code   0x803'366e      0x4  startup_stm32l471xx.o [1]
    .text               ro code   0x803'3672      0x4  startup_stm32l471xx.o [1]
    .text               ro code   0x803'3676      0x4  startup_stm32l471xx.o [1]
    .text               ro code   0x803'367a      0x4  startup_stm32l471xx.o [1]
    .text               ro code   0x803'367e      0x4  startup_stm32l471xx.o [1]
    .text               ro code   0x803'3682      0x4  startup_stm32l471xx.o [1]
    .text               ro code   0x803'3686      0x4  startup_stm32l471xx.o [1]
    .text               ro code   0x803'368a      0x4  startup_stm32l471xx.o [1]
    .text               ro code   0x803'368e      0xc  cstartup_M.o [4]
    .text               ro code   0x803'369a     0x16  xprout.o [2]
  CODE                  ro code   0x803'36b0     0xa8  portasm.o [1]
  .rodata               const     0x803'3758    0x400  crc32.o [1]
  .rodata               const     0x803'3b58    0x3d8  cm_backtrace.o [1]
  .rodata               const     0x803'3f30    0x254  debug_permi_list.o [1]
  .rodata               const     0x803'4184    0x200  crc16.o [1]
  .rodata               const     0x803'4384    0x200  EncryDecry.o [1]
  .rodata               const     0x803'4584    0x190  bsp_gpio.o [1]
  .rodata               const     0x803'4714    0x190  bsp_rtc.o [1]
  .rodata               const     0x803'48a4    0x180  rfal_analogConfig.o [1]
  .rodata               const     0x803'4a24    0x174  appPhone.o [1]
  .rodata               const     0x803'4b98    0x160  tslDatahand.o [1]
  .rodata               const     0x803'4cf8    0x158  mqtt_ota.o [1]
  .rodata               const     0x803'4e50    0x14c  sysCfg.o [1]
  .rodata               const     0x803'4f9c    0x138  tslDatahand.o [1]
  .rodata               const     0x803'50d4    0x130  debug_help.o [1]
  .rodata               const     0x803'5204    0x12c  esp12s.o [1]
  .rodata               const     0x803'5330    0x124  mqtt_task.o [1]
  .rodata               const     0x803'5454    0x120  sim800c.o [1]
  .rodata               const     0x803'5574    0x11c  debug_permi_list.o [1]
  .rodata               const     0x803'5690    0x11c  tslDatahand.o [1]
  .rodata               const     0x803'57ac     0xe8  httpbuss.o [1]
  .rodata               const     0x803'5894     0xd4  mqtt_client.o [1]
  .rodata               const     0x803'5968     0xd0  debug_pwd.o [1]
  .rodata               const     0x803'5a38     0xc0  tsl_mqtt.o [1]
  .rodata               const     0x803'5af8     0xc0  w5500_config.o [1]
  .rodata               const     0x803'5bb8     0xbc  open_log.o [1]
  .rodata               const     0x803'5c74     0xb4  bm77.o [1]
  .rodata               const     0x803'5d28     0xac  cm_backtrace.o [1]
  .rodata               const     0x803'5dd4     0xa8  bm77.o [1]
  .rodata               const     0x803'5e7c     0x94  debug_run.o [1]
  .rodata               const     0x803'5f10     0x88  BleDataHandle.o [1]
  .rodata               const     0x803'5f98     0x88  debug_help.o [1]
  .rodata               const     0x803'6020     0x80  bb0906.o [1]
  .rodata               const     0x803'60a0     0x80  cm_backtrace.o [1]
  .rodata               const     0x803'6120     0x7c  permi_list.o [1]
  .rodata               const     0x803'619c     0x7c  tsl_mqtt.o [1]
  .rodata               const     0x803'6218     0x74  debug_nfc.o [1]
  .rodata               const     0x803'628c     0x74  sim800c.o [1]
  .rodata               const     0x803'6300     0x68  open_log.o [1]
  .rodata               const     0x803'6368     0x68  sim800c.o [1]
  .rodata               const     0x803'63d0     0x64  open_log.o [1]
  .rodata               const     0x803'6434     0x60  esp12s.o [1]
  .rodata               const     0x803'6494     0x5c  magnet.o [1]
  .rodata               const     0x803'64f0     0x5c  magnet.o [1]
  .rodata               const     0x803'654c     0x5c  permi_list.o [1]
  .rodata               const     0x803'65a8     0x5c  permi_list.o [1]
  .rodata               const     0x803'6604     0x58  bb0906.o [1]
  .rodata               const     0x803'665c     0x58  BleDataHandle.o [1]
  .rodata               const     0x803'66b4     0x58  BleDataHandle.o [1]
  .rodata               const     0x803'670c     0x58  swipeTag.o [1]
  .rodata               const     0x803'6764     0x58  swipeTag.o [1]
  .rodata               const     0x803'67bc     0x58  sysCfg.o [1]
  .rodata               const     0x803'6814     0x54  BleDataHandle.o [1]
  .rodata               const     0x803'6868     0x54  debug_permi_list.o [1]
  .rodata               const     0x803'68bc     0x54  esp12s.o [1]
  .rodata               const     0x803'6910     0x54  mqtt_ota.o [1]
  .rodata               const     0x803'6964     0x54  sysCfg.o [1]
  .rodata               const     0x803'69b8     0x50  bb0906.o [1]
  .rodata               const     0x803'6a08     0x50  cm_backtrace.o [1]
  .rodata               const     0x803'6a58     0x50  tempwd.o [1]
  .rodata               const     0x803'6aa8     0x50  iar_Stoulx.o [2]
  .rodata               const     0x803'6af8     0x50  iar_Stoullx.o [2]
  .rodata               const     0x803'6b48     0x4c  mqtt_client.o [1]
  .rodata               const     0x803'6b94     0x4c  sysCntSave.o [1]
  .rodata               const     0x803'6be0     0x4c  w5500_config.o [1]
  .rodata               const     0x803'6c2c     0x4c  xscanffull.o [2]
  .rodata               const     0x803'6c78     0x48  bb0906.o [1]
  .rodata               const     0x803'6cc0     0x48  debug_permi_list.o [1]
  .rodata               const     0x803'6d08     0x48  sysCfg.o [1]
  .rodata               const     0x803'6d50     0x48  tasks.o [1]
  .rodata               const     0x803'6d98     0x48  strto64.o [3]
  .rodata               const     0x803'6de0     0x44  swipeTag.o [1]
  .rodata               const     0x803'6e24     0x40  debug_resert.o [1]
  .rodata               const     0x803'6e64     0x40  EncryDecry.o [1]
  .rodata               const     0x803'6ea4     0x40  tsl_mqtt.o [1]
  .rodata               const     0x803'6ee4     0x3c  BleDataHandle.o [1]
  .rodata               const     0x803'6f20     0x3c  bsp_rtc.o [1]
  .rodata               const     0x803'6f5c     0x3c  debug_fatfs.o [1]
  .rodata               const     0x803'6f98     0x3c  debug_get_time.o [1]
  .rodata               const     0x803'6fd4     0x38  mqtt_ota.o [1]
  .rodata               const     0x803'700c     0x34  bb0906.o [1]
  .rodata               const     0x803'7040     0x34  bb0906.o [1]
  .rodata               const     0x803'7074     0x34  bb0906_protocol.o [1]
  .rodata               const     0x803'70a8     0x34  debug_get_time.o [1]
  .rodata               const     0x803'70dc     0x34  iso15693Read.o [1]
  .rodata               const     0x803'7110     0x34  mqtt_ota.o [1]
  .rodata               const     0x803'7144     0x34  MQTTFreeRTOS.o [1]
  .rodata               const     0x803'7178     0x34  sim800c.o [1]
  .rodata               const     0x803'71ac     0x34  sysCfg.o [1]
  .rodata               const     0x803'71e0     0x34  tempwd.o [1]
  .rodata               const     0x803'7214     0x34  tempwd.o [1]
  .rodata               const     0x803'7248     0x30  BleDataHandle.o [1]
  .rodata               const     0x803'7278     0x30  buletooth.o [1]
  .rodata               const     0x803'72a8     0x30  cm_backtrace.o [1]
  .rodata               const     0x803'72d8     0x30  component.o [1]
  .rodata               const     0x803'7308     0x30  freertos.o [1]
  .rodata               const     0x803'7338     0x30  modules_init.o [1]
  .rodata               const     0x803'7368     0x30  socket.o [1]
  .rodata               const     0x803'7398     0x30  system_stm32l4xx.o [1]
  .rodata               const     0x803'73c8     0x30  tsl_mqtt.o [1]
  .rodata               const     0x803'73f8     0x30  tslDatahand.o [1]
  .rodata               const     0x803'7428     0x2c  BleDataHandle.o [1]
  .rodata               const     0x803'7454     0x2c  debug_cpu.o [1]
  .rodata               const     0x803'7480     0x2c  mqtt_client.o [1]
  .rodata               const     0x803'74ac     0x2c  MQTTSerializePublish.o [1]
  .rodata               const     0x803'74d8     0x2c  tempwd.o [1]
  .rodata               const     0x803'7504     0x2c  w5500_config.o [1]
  .rodata               const     0x803'7530     0x28  bb0906.o [1]
  .rodata               const     0x803'7558     0x28  debug_help.o [1]
  .rodata               const     0x803'7580     0x28  debug_pwd.o [1]
  .rodata               const     0x803'75a8     0x28  permi_list.o [1]
  .rodata               const     0x803'75d0     0x28  pwm.o [1]
  .rodata               const     0x803'75f8     0x28  serial.o [1]
  .rodata               const     0x803'7620     0x28  socket.o [1]
  .rodata               const     0x803'7648     0x28  sysCfg.o [1]
  .rodata               const     0x803'7670     0x28  w5500_config.o [1]
  .rodata               const     0x803'7698     0x28  xscanffull.o [2]
  .rodata               const     0x803'76c0     0x24  adc.o [1]
  .rodata               const     0x803'76e4     0x24  bb0906.o [1]
  .rodata               const     0x803'7708     0x24  BleDataHandle.o [1]
  .rodata               const     0x803'772c     0x24  btTask.o [1]
  .rodata               const     0x803'7750     0x24  card.o [1]
  .rodata               const     0x803'7774     0x24  chipFlash.o [1]
  .rodata               const     0x803'7798     0x24  config_key.o [1]
  .rodata               const     0x803'77bc     0x24  debug_get_time.o [1]
  .rodata               const     0x803'77e0     0x24  esp12s.o [1]
  .rodata               const     0x803'7804     0x24  esp12s.o [1]
  .rodata               const     0x803'7828     0x24  esp12s.o [1]
  .rodata               const     0x803'784c     0x24  event_groups.o [1]
  .rodata               const     0x803'7870     0x24  freertos.o [1]
  .rodata               const     0x803'7894     0x24  heap_4.o [1]
  .rodata               const     0x803'78b8     0x24  httpbuss.o [1]
  .rodata               const     0x803'78dc     0x24  iwdg.o [1]
  .rodata               const     0x803'7900     0x24  key_task.o [1]
  .rodata               const     0x803'7924     0x24  mqtt_client.o [1]
  .rodata               const     0x803'7948     0x24  mqtt_client.o [1]
  .rodata               const     0x803'796c     0x24  mqtt_ota.o [1]
  .rodata               const     0x803'7990     0x24  mqtt_ota.o [1]
  .rodata               const     0x803'79b4     0x24  mqtt_task.o [1]
  .rodata               const     0x803'79d8     0x24  open_log.o [1]
  .rodata               const     0x803'79fc     0x24  open_log.o [1]
  .rodata               const     0x803'7a20     0x24  open_log.o [1]
  .rodata               const     0x803'7a44     0x24  port.o [1]
  .rodata               const     0x803'7a68     0x24  queue.o [1]
  .rodata               const     0x803'7a8c     0x24  rtc.o [1]
  .rodata               const     0x803'7ab0     0x24  sim800c.o [1]
  .rodata               const     0x803'7ad4     0x24  sim800c.o [1]
  .rodata               const     0x803'7af8     0x24  sim800c.o [1]
  .rodata               const     0x803'7b1c     0x24  socket.o [1]
  .rodata               const     0x803'7b40     0x24  socket.o [1]
  .rodata               const     0x803'7b64     0x24  spi.o [1]
  .rodata               const     0x803'7b88     0x24  st25Drv.o [1]
  .rodata               const     0x803'7bac     0x24  sysCfg.o [1]
  .rodata               const     0x803'7bd0     0x24  sysCfg.o [1]
  .rodata               const     0x803'7bf4     0x24  tim.o [1]
  .rodata               const     0x803'7c18     0x24  tsl_mqtt.o [1]
  .rodata               const     0x803'7c3c     0x24  usart.o [1]
  .rodata               const     0x803'7c60     0x24  w5500_config.o [1]
  .iar.init_table       const     0x803'7c84     0x68  - Linker created -
  .rodata               const     0x803'7cec     0x20  cm_backtrace.o [1]
  .rodata               const     0x803'7d0c     0x1c  debug_cpu.o [1]
  .rodata               const     0x803'7d28     0x1c  debug_permi_list.o [1]
  .rodata               const     0x803'7d44     0x1c  debug_pwd.o [1]
  .rodata               const     0x803'7d60     0x1c  debug_resert.o [1]
  .rodata               const     0x803'7d7c     0x1c  debug_run.o [1]
  .rodata               const     0x803'7d98     0x18  debug_nfc.o [1]
  .rodata               const     0x803'7db0     0x18  hal_spi.o [1]
  .rodata               const     0x803'7dc8     0x18  i2c.o [1]
  .rodata               const     0x803'7de0     0x14  bsp_gpio.o [1]
  .rodata               const     0x803'7df4     0x10  magnet.o [1]
  .rodata               const     0x803'7e04      0xc  Backlight.o [1]
  .rodata               const     0x803'7e10      0xc  config_key.o [1]
  .rodata               const     0x803'7e1c      0xc  door_key.o [1]
  .rodata               const     0x803'7e28      0xc  mqtt_client.o [1]
  .rodata               const     0x803'7e34      0xc  tsl_mqtt.o [1]
  .rodata               const     0x803'7e40      0x8  beep.o [1]
  .rodata               const     0x803'7e48      0x8  card.o [1]
  .rodata               const     0x803'7e50      0x8  CY8CMBR3116.o [1]
  .rodata               const     0x803'7e58      0x8  esp12s.o [1]
  .rodata               const     0x803'7e60      0x8  freertos.o [1]
  .rodata               const     0x803'7e68      0x8  httpbuss.o [1]
  .rodata               const     0x803'7e70      0x8  relay.o [1]
  .rodata               const     0x803'7e78      0x8  sys_led.o [1]
  .rodata               const     0x803'7e80      0x8  sysCntSave.o [1]
  .rodata               const     0x803'7e88      0x8  system_stm32l4xx.o [1]
  .rodata               const     0x803'7e90      0x8  w5500_config.o [1]
  .rodata               const     0x803'7e98      0x6  xlocale_c.o [2]
  .rodata               const     0x803'7ea0      0x4  btTask.o [1]
  .rodata               const     0x803'7ea4      0x4  key_task.o [1]
  .rodata               const     0x803'7ea8      0x4  mqtt_ota.o [1]
  .rodata               const     0x803'7eac      0x4  mqtt_task.o [1]
  .rodata               const     0x803'7eb0      0x4  open_log.o [1]
  .rodata               const     0x803'7eb4      0x4  sim800c.o [1]
  .rodata               const     0x803'7eb8      0x0  zero_init3.o [4]
  .rodata               const     0x803'7eb8      0x0  lz77_init_single.o [4]
  Initializer bytes     const     0x803'7eb8    0x7c3  <for P6-1>
  Initializer bytes     const     0x803'867b     0x9d  <for u_boot_cmd-1>
  Initializer bytes     const     0x803'8718     0x2a  <for __modules_init-1>
  Initializer bytes     const     0x803'8742     0x22  <for __component_init-1>
                                - 0x803'8764  0x2e5dc

Absolute sections, part 1 of 3:                0x2804
  .bss                  zero     0x1000'0800    0x800  variable.o [1]
  .bss                  zero     0x1000'1000   0x1000  variable.o [1]
  .bss                  zero     0x1000'2000    0x800  variable.o [1]
  .bss                  zero     0x1000'2800    0x804  variable.o [1]
                               - 0x1000'3004   0x2804

Absolute sections, part 2 of 3:                 0x800
  .bss                  zero     0x1000'3200    0x800  variable.o [1]
                               - 0x1000'3a00    0x800

Absolute sections, part 3 of 3:                 0x598
  .bss                  zero     0x1000'4000    0x598  variable.o [1]
                               - 0x1000'4598    0x598

"P7":                                          0x3000
  CSTACK                         0x1000'4598   0x1000  <Block>
    CSTACK              uninit   0x1000'4598   0x1000  <Block tail>
  HEAP                           0x1000'5598   0x2000  <Block>
    HEAP                uninit   0x1000'5598   0x2000  <Block tail>
                               - 0x1000'7598   0x3000

"P6", part 1 of 2:                              0xce0
  P6-1                           0x2000'0000    0xbbe  <Init block>
    .data               inited   0x2000'0000     0x14  bb0906.o [1]
    .data               inited   0x2000'0014     0x20  bb0906.o [1]
    .data               inited   0x2000'0034     0x60  bb0906.o [1]
    .data               inited   0x2000'0094     0x18  bb0906.o [1]
    .data               inited   0x2000'00ac      0x8  beep.o [1]
    .data               inited   0x2000'00b4     0x10  beep.o [1]
    .data               inited   0x2000'00c4     0x10  beep.o [1]
    .data               inited   0x2000'00d4     0x80  BleDataHandle.o [1]
    .data               inited   0x2000'0154     0x18  bm77.o [1]
    .data               inited   0x2000'016c     0xc0  bsp_gpio.o [1]
    .data               inited   0x2000'022c     0x18  bsp_rtc.o [1]
    .data               inited   0x2000'0244     0x20  buletooth.o [1]
    .data               inited   0x2000'0264     0x14  cJSON.o [1]
    .data               inited   0x2000'0278      0x8  component.o [1]
    .data               inited   0x2000'0280      0x8  config_key.o [1]
    .data               inited   0x2000'0288      0x8  console.o [1]
    .data               inited   0x2000'0290     0x84  CY8CMBR3116.o [1]
    .data               inited   0x2000'0314     0x48  dhcp.o [1]
    .data               inited   0x2000'035c      0x8  door_key.o [1]
    .data               inited   0x2000'0364     0x48  esp12s.o [1]
    .data               inited   0x2000'03ac     0x18  esp12s.o [1]
    .data               inited   0x2000'03c4     0x20  fkCard.o [1]
    .data               inited   0x2000'03e4     0x10  freertos.o [1]
    .data               inited   0x2000'03f4     0x18  hal_spi.o [1]
    .data               inited   0x2000'040c     0x14  hal_spi.o [1]
    .data               inited   0x2000'0420     0x28  i2c.o [1]
    .data               inited   0x2000'0448     0x18  i2c.o [1]
    .data               inited   0x2000'0460     0x18  i2c.o [1]
    .data               inited   0x2000'0478      0xc  key_task.o [1]
    .data               inited   0x2000'0484      0xc  magnet.o [1]
    .data               inited   0x2000'0490      0x4  mcc.o [1]
    .data               inited   0x2000'0494      0x8  modules_init.o [1]
    .data               inited   0x2000'049c    0x140  mqtt_task.o [1]
    .data               inited   0x2000'05dc      0xc  open_log.o [1]
    .data               inited   0x2000'05e8     0x10  open_log.o [1]
    .data               inited   0x2000'05f8     0x14  permi_list.o [1]
    .data               inited   0x2000'060c     0x10  phoneTag.o [1]
    .data               inited   0x2000'061c      0x8  phoneTag.o [1]
    .data               inited   0x2000'0624      0x8  phoneTag.o [1]
    .data               inited   0x2000'062c      0xc  port.o [1]
    .data               inited   0x2000'0638    0x2b2  pwm.o [1]
    .data               inited   0x2000'08ec      0xc  relay.o [1]
    .data               inited   0x2000'08f8      0x6  rfal_iso15693_2.o [1]
    .data               inited   0x2000'0900     0x28  serial.o [1]
    .data               inited   0x2000'0928     0x10  serial.o [1]
    .data               inited   0x2000'0938     0x44  sim800c.o [1]
    .data               inited   0x2000'097c     0x18  sim800c.o [1]
    .data               inited   0x2000'0994     0x1c  socket.o [1]
    .data               inited   0x2000'09b0     0x1c  spi_flash.o [1]
    .data               inited   0x2000'09cc     0x2c  st25Drv.o [1]
    .data               inited   0x2000'09f8     0x10  swipeTag.o [1]
    .data               inited   0x2000'0a08      0x8  swipeTag.o [1]
    .data               inited   0x2000'0a10      0x8  sys_led.o [1]
    .data               inited   0x2000'0a18     0x10  sys_led.o [1]
    .data               inited   0x2000'0a28      0x4  sysCfg.o [1]
    .data               inited   0x2000'0a2c      0x8  sysCfg.o [1]
    .data               inited   0x2000'0a34      0x4  system_stm32l4xx.o [1]
    .data               inited   0x2000'0a38     0x18  tempwd.o [1]
    .data               inited   0x2000'0a50      0xc  timer.o [1]
    .data               inited   0x2000'0a5c      0x4  unit.o [1]
    .data               inited   0x2000'0a60      0xc  w5500_config.o [1]
    .data               inited   0x2000'0a6c     0x20  w5500_config.o [1]
    .data               inited   0x2000'0a8c     0x18  w5500_config.o [1]
    .data               inited   0x2000'0aa4     0x20  w_socket.o [1]
    .data               inited   0x2000'0ac4     0x28  wizchip_conf.o [1]
    .data               inited   0x2000'0aec     0x38  xlocale_c.o [2]
    .data               inited   0x2000'0b24     0x48  xlocale_c.o [2]
    .data               inited   0x2000'0b6c     0x48  xfiles.o [2]
    .data               inited   0x2000'0bb4      0x8  XShttio.o [2]
    .data               inited   0x2000'0bbc      0x1  btTask.o [1]
    .data               inited   0x2000'0bbd      0x1  mqtt_client.o [1]
  u_boot_cmd                     0x2000'0bc0     0xd8  <Block>
    u_boot_cmd-1                 0x2000'0bc0     0xd8  <Init block>
      u_boot_cmd        inited   0x2000'0bc0     0x18  debug_cpu.o [1]
      u_boot_cmd        inited   0x2000'0bd8     0x18  debug_fatfs.o [1]
      u_boot_cmd        inited   0x2000'0bf0     0x18  debug_get_time.o [1]
      u_boot_cmd        inited   0x2000'0c08     0x18  debug_help.o [1]
      u_boot_cmd        inited   0x2000'0c20     0x18  debug_nfc.o [1]
      u_boot_cmd        inited   0x2000'0c38     0x18  debug_permi_list.o [1]
      u_boot_cmd        inited   0x2000'0c50     0x18  debug_pwd.o [1]
      u_boot_cmd        inited   0x2000'0c68     0x18  debug_resert.o [1]
      u_boot_cmd        inited   0x2000'0c80     0x18  debug_run.o [1]
  __modules_init                 0x2000'0c98     0x28  <Block>
    __modules_init-1             0x2000'0c98     0x28  <Init block>
      __modules_init    inited   0x2000'0c98      0x8  config_key.o [1]
      __modules_init    inited   0x2000'0ca0      0x8  CY8CMBR3116.o [1]
      __modules_init    inited   0x2000'0ca8      0x8  door_key.o [1]
      __modules_init    inited   0x2000'0cb0      0x8  magnet.o [1]
      __modules_init    inited   0x2000'0cb8      0x8  relay.o [1]
  __component_init               0x2000'0cc0     0x20  <Block>
    __component_init-1           0x2000'0cc0     0x20  <Init block>
      __component_init  inited   0x2000'0cc0      0x8  Backlight.o [1]
      __component_init  inited   0x2000'0cc8      0x8  beep.o [1]
      __component_init  inited   0x2000'0cd0      0x8  sys_led.o [1]
      __component_init  inited   0x2000'0cd8      0x8  sysCntSave.o [1]
                               - 0x2000'0ce0    0xce0

"P6", part 2 of 2:                            0x14570
  .bss                  zero     0x2000'0ce0  0x11818  heap_4.o [1]
  .bss                  zero     0x2001'24f8    0x828  mqtt_ota.o [1]
  .bss                  zero     0x2001'2d20    0x408  rfal_analogConfig.o [1]
  .bss                  zero     0x2001'3128    0x404  httpbuss.o [1]
  .bss                  zero     0x2001'352c    0x2d4  bb0906_protocol.o [1]
  .bss                  zero     0x2001'3800    0x2cc  bb0906.o [1]
  .bss                  zero     0x2001'3acc    0x2b4  sysCfg.o [1]
  .bss                  zero     0x2001'3d80    0x294  rfal_rfst25r3911.o [1]
  .bss                  zero     0x2001'4014    0x204  st25_spi.o [1]
  .bss                  zero     0x2001'4218    0x1d8  dlmalloc.o [2]
  .bss                  zero     0x2001'43f0    0x10c  iso15693_3.o [1]
  .bss                  zero     0x2001'44fc     0xa0  tasks.o [1]
  .bss                  zero     0x2001'459c     0x90  cm_backtrace.o [1]
  .bss                  zero     0x2001'462c     0x8c  tasks.o [1]
  .bss                  zero     0x2001'46b8     0x80  bm77.o [1]
  .bss                  zero     0x2001'4738     0x80  mcc.o [1]
  .bss                  zero     0x2001'47b8     0x7c  usart.o [1]
  .bss                  zero     0x2001'4834     0x7c  usart.o [1]
  .bss                  zero     0x2001'48b0     0x7c  usart.o [1]
  .bss                  zero     0x2001'492c     0x7c  usart.o [1]
  .bss                  zero     0x2001'49a8     0x7c  usart.o [1]
  .bss                  zero     0x2001'4a24     0x78  rfal_isoDep.o [1]
  .bss                  zero     0x2001'4a9c     0x74  cm_backtrace.o [1]
  .bss                  zero     0x2001'4b10     0x68  adc.o [1]
  .bss                  zero     0x2001'4b78     0x68  adc.o [1]
  .bss                  zero     0x2001'4be0     0x64  spi.o [1]
  .bss                  zero     0x2001'4c44     0x64  spi.o [1]
  .bss                  zero     0x2001'4ca8     0x64  spi.o [1]
  .bss                  zero     0x2001'4d0c     0x5c  pwm.o [1]
  .bss                  zero     0x2001'4d68     0x50  freertos.o [1]
  .bss                  zero     0x2001'4db8     0x50  xfiles.o [2]
  .bss                  zero     0x2001'4e08     0x48  mcc_raw_request.o [1]
  .bss                  zero     0x2001'4e50     0x44  cm_backtrace.o [1]
  .bss                  zero     0x2001'4e94     0x40  iso15693_3.o [1]
  .bss                  zero     0x2001'4ed4     0x40  tim.o [1]
  .bss                  zero     0x2001'4f14     0x40  tim.o [1]
  .bss                  zero     0x2001'4f54     0x3c  socket.o [1]
  .bss                  zero     0x2001'4f90     0x38  console.o [1]
  .bss                  zero     0x2001'4fc8     0x28  tsl_mqtt.o [1]
  .bss                  zero     0x2001'4ff0     0x24  iso14443a.o [1]
  .bss                  zero     0x2001'5014     0x24  rtc.o [1]
  .bss                  zero     0x2001'5038     0x20  Backlight.o [1]
  .bss                  zero     0x2001'5058     0x20  beep.o [1]
  .bss                  zero     0x2001'5078     0x20  flash_sector.o [1]
  .bss                  zero     0x2001'5098     0x20  relay.o [1]
  .bss                  zero     0x2001'50b8     0x20  stm32l4xx_hal_flash.o [1]
  .bss                  zero     0x2001'50d8     0x20  sys_led.o [1]
  .bss                  zero     0x2001'50f8     0x18  cpu_utils.o [1]
  .bss                  zero     0x2001'5110     0x18  dlmalloc.o [2]
  .bss                  zero     0x2001'5128     0x14  BleDataHandle.o [1]
  .bss                  zero     0x2001'513c     0x14  swipeTag.o [1]
  .bss                  zero     0x2001'5150     0x14  sysCntSave.o [1]
  .bss                  zero     0x2001'5164     0x10  iwdg.o [1]
  .bss                  zero     0x2001'5174     0x10  st25r3911_interrupt.o [1]
  .bss                  zero     0x2001'5184     0x10  tsl_mqtt.o [1]
  .bss                  zero     0x2001'5194      0xc  iso15693Read.o [1]
  .bss                  zero     0x2001'51a0      0xc  mcc.o [1]
  .bss                  zero     0x2001'51ac      0x8  bb0906_protocol.o [1]
  .bss                  zero     0x2001'51b4      0x8  dns.o [1]
  .bss                  zero     0x2001'51bc      0x8  dns.o [1]
  .bss                  zero     0x2001'51c4      0x8  err_log.o [1]
  .bss                  zero     0x2001'51cc      0x8  open_log.o [1]
  .bss                  zero     0x2001'51d4      0x8  socket.o [1]
  .bss                  zero     0x2001'51dc      0x8  st25r3911.o [1]
  .bss                  zero     0x2001'51e4      0x8  timer.o [1]
  .bss                  zero     0x2001'51ec      0x5  bm77.o [1]
  .bss                  zero     0x2001'51f1      0x3  swipeTag.o [1]
  .bss                  zero     0x2001'51f4      0x5  wizchip_conf.o [1]
  .bss                  zero     0x2001'51fa      0x2  adc.o [1]
  .bss                  zero     0x2001'51fc      0x4  bb0906.o [1]
  .bss                  zero     0x2001'5200      0x4  bm77.o [1]
  .bss                  zero     0x2001'5204      0x4  bm77.o [1]
  .bss                  zero     0x2001'5208      0x4  btTask.o [1]
  .bss                  zero     0x2001'520c      0x4  buletooth.o [1]
  .bss                  zero     0x2001'5210      0x4  console.o [1]
  .bss                  zero     0x2001'5214      0x4  dhcp.o [1]
  .bss                  zero     0x2001'5218      0x4  mqtt_client.o [1]
  .bss                  zero     0x2001'521c      0x4  mqtt_task.o [1]
  .bss                  zero     0x2001'5220      0x4  MQTTPacket.o [1]
  .bss                  zero     0x2001'5224      0x4  sim800c.o [1]
  .bss                  zero     0x2001'5228      0x4  spi_flash.o [1]
  .bss                  zero     0x2001'522c      0x4  stm32l4xx_hal.o [1]
  .bss                  zero     0x2001'5230      0x4  tagComponent.o [1]
  .bss                  zero     0x2001'5234      0x4  tsl_mqtt.o [1]
  .bss                  zero     0x2001'5238      0x4  w5500_drv.o [1]
  .bss                  zero     0x2001'523c      0x4  xgetmemchunk.o [2]
  .bss                  zero     0x2001'5240      0x4  xfail_s.o [2]
  .bss                  zero     0x2001'5244      0x2  rfal_nfcb.o [1]
  .bss                  zero     0x2001'5246      0x1  mqtt_client.o [1]
  .bss                  zero     0x2001'5247      0x1  mqtt_task.o [1]
  .bss                  zero     0x2001'5248      0x1  MQTTFreeRTOS.o [1]
  .bss                  zero     0x2001'5249      0x1  tsl_mqtt.o [1]
  .bss                  zero     0x2001'524a      0x1  tslDatahand.o [1]
  .bss                  zero     0x2001'524b      0x1  unit.o [1]
  .bss                  zero     0x2001'524c      0x1  unit.o [1]
                               - 0x2001'524d  0x1456d

Unused ranges:

         From           To      Size
         ----           --      ----
   0x803'8764   0x80f'ffff  0xc'789c
  0x1000'0000  0x1000'07ff     0x800
  0x1000'3004  0x1000'31ff     0x1fc
  0x1000'3a00  0x1000'3fff     0x600
  0x1000'7598  0x1000'7fff     0xa68
  0x2001'5250  0x2001'7fff    0x2db0


*******************************************************************************
*** INIT TABLE
***

          Address      Size
          -------      ----
Zero (__iar_zero_init3)
    4 destination ranges, total size 0x17b09:
          0x1000'0800   0x2804
          0x1000'3200    0x800
          0x1000'4000    0x598
          0x2000'0ce0  0x1456d

Copy/lz77 (__iar_lz77_init_single3)
    1 source range, total size 0x7c3 (66% of destination):
           0x803'7eb8    0x7c3
    1 destination range, total size 0xbbe:
          0x2000'0000    0xbbe

Copy/lz77 (__iar_lz77_init_single3)
    1 source range, total size 0x22 (106% of destination):
           0x803'8742     0x22
    1 destination range, total size 0x20:
          0x2000'0cc0     0x20

Copy/lz77 (__iar_lz77_init_single3)
    1 source range, total size 0x2a (105% of destination):
           0x803'8718     0x2a
    1 destination range, total size 0x28:
          0x2000'0c98     0x28

Copy/lz77 (__iar_lz77_init_single3)
    1 source range, total size 0x9d (72% of destination):
           0x803'867b     0x9d
    1 destination range, total size 0xd8:
          0x2000'0bc0     0xd8



*******************************************************************************
*** MODULE SUMMARY
***

    Module                    ro code  ro data  rw data  rw data
                                                          (abs)
    ------                    -------  -------  -------  -------
command line/config:
    ------------------------------------------------------------
    Total:

D:\git\AAAA\TOUCH-BLUE\EWARM\Seed_STM32L471RE\Obj: [1]
    Backlight.o                    44       20       40
    BleDataHandle.o             5 996      668      148
    CY8CMBR3116.o                 168      103      140
    EncryDecry.o                  716      576
    MQTTConnectClient.o           660
    MQTTDeserializePublish.o      240
    MQTTFreeRTOS.o                640       52        1
    MQTTPacket.o                  462                 4
    MQTTSerializePublish.o        308       44
    MQTTSubscribeClient.o         328
    adc.o                         656       36      210
    appPhone.o                    672      372
    bb0906.o                    3 272      661      892
    bb0906_protocol.o             952       52      732
    beep.o                        244       44       80
    bm77.o                      2 040      364      165
    bsp_gpio.o                    772      547      192
    bsp_rtc.o                     952      476       24
    btTask.o                      572       41        5
    buletooth.o                   512       69       36
    cJSON.o                     3 628       13       20
    card.o                        236       44
    chipFlash.o                   672       36
    cm_backtrace.o              2 124    1 444      328
    cmb_fault.o                    12
    cmsis_os.o                    102
    component.o                   156       54        8
    config_key.o                  268       61       16
    console.o                     408        5       68
    cpu_utils.o                    68                24
    cqBus.o                       532
    crc16.o                        44      512
    crc32.o                        44    1 024
    debug_cpu.o                   132       89       24
    debug_fatfs.o                  84       77       24
    debug_get_time.o              332      166       24
    debug_help.o                  300      497       24
    debug_nfc.o                    72      158       24
    debug_permi_list.o          1 312    1 081       24
    debug_pwd.o                   696      294       24
    debug_resert.o                236      109       24
    debug_run.o                     4      194       24
    dhcp.o                      2 620       48       76
    dns.o                         984                16
    door_key.o                    156       26       16
    err_log.o                     888                 8
    esp12s.o                    6 620      660       96
    event_groups.o                624       36
    fkCard.o                      472       21       32
    flash_sector.o                 60                32
    fm1208.o                        6
    freertos.o                  1 264      102       96
    gpio.o                        296
    hal_spi.o                     172       54       44
    heap_4.o                      524       36   71 704
    httpbuss.o                  1 864      276    1 028
    i2c.o                         840       82       88
    iso14443a.o                   266                36
    iso14443a_3.o                 288
    iso14443b.o                   272
    iso14443bRead.o               156
    iso15693Read.o                316       52       12
    iso15693_3.o                1 232               332
    iwdg.o                         56       36       16
    key_task.o                    668       48       12
    ladder.o                        2
    list.o                        144
    magnet.o                      648      216       20
    main.o                        564
    mcc.o                         774        2      144
    mcc_crypto.o                  616
    mcc_crypto_reader.o           378
    mcc_macros.o                   90
    mcc_raw_request.o             328                72
    modules_init.o                156       53        8
    mqtt_client.o               4 060      417        6
    mqtt_ota.o                  4 336      612    2 088
    mqtt_task.o                 1 300      544      325
    open_door.o                    32
    open_log.o                  3 200      523       36
    permi_list.o                2 120      361       20
    phoneTag.o                              21       32
    port.o                        660       44       12
    portasm.o                     168
    pwm.o                         316      496      782
    queue.o                     1 828       36
    relay.o                        92       26       52
    rfal_analogConfig.o           212      384    1 032
    rfal_crc.o                     44
    rfal_iso15693_2.o             896        4        6
    rfal_isoDep.o                 560               120
    rfal_nfca.o                   468
    rfal_nfcb.o                   746                 2
    rfal_rfst25r3911.o          4 742               660
    rtc.o                         444       36       36
    serial.o                       84       78       56
    sim800c.o                   6 584      733       96
    socket.o                    2 424      179       96
    spi.o                         444       36      300
    spi_flash.o                   884       18       32
    st25Drv.o                     260       65       44
    st25_spi.o                     72               516
    st25_timer.o                   26
    st25r3911.o                 1 450                 8
    st25r3911_com.o               486
    st25r3911_interrupt.o         304                16
    startup_stm32l471xx.o         656
    stm32l4xx_hal.o               120                 4
    stm32l4xx_hal_adc.o         3 308
    stm32l4xx_hal_adc_ex.o        146
    stm32l4xx_hal_cortex.o        232
    stm32l4xx_hal_dma.o            68
    stm32l4xx_hal_flash.o         568                32
    stm32l4xx_hal_flash_ex.o      408
    stm32l4xx_hal_gpio.o          788
    stm32l4xx_hal_iwdg.o           92
    stm32l4xx_hal_msp.o           140
    stm32l4xx_hal_pwr_ex.o        124
    stm32l4xx_hal_rcc.o         1 732
    stm32l4xx_hal_rcc_ex.o      1 280
    stm32l4xx_hal_rtc.o         1 428
    stm32l4xx_hal_rtc_ex.o         30
    stm32l4xx_hal_spi.o         2 132
    stm32l4xx_hal_tim.o         1 878
    stm32l4xx_hal_tim_ex.o         88
    stm32l4xx_hal_uart.o        1 838
    stm32l4xx_hal_uart_ex.o         2
    stm32l4xx_it.o                116
    swipeTag.o                  2 424      260       47
    sysCfg.o                    6 044      748      704
    sysCntSave.o                  428       93       28
    sys_led.o                     256       32       64
    system_stm32l4xx.o             96       59        4
    tagComponent.o                128                 4
    tasks.o                     2 596       72      300
    tempwd.o                    1 688      244       24
    tim.o                         300       36      128
    timer.o                       252        8       20
    tslDatahand.o               2 668      996        1
    tsl_mqtt.o                  7 332      476       61
    twinkle.o                     144
    unit.o                        996        2        6
    usart.o                     1 060       36      620
    variable.o                                            13 724
    w5500.o                       708
    w5500_config.o              3 776      441       68
    w5500_drv.o                   264                 4
    w_socket.o                  1 956       21       32
    wizchip_conf.o              1 148       27       45
    ------------------------------------------------------------
    Total:                    146 692   19 895   85 806   13 724

dl7M_tlf.a: [2]
    XShttio.o                      12        5        8
    abort.o                         6
    dlmalloc.o                  7 460               496
    exit.o                          4
    heaptramp0.o                    8
    iar_Stoflt.o                  452
    iar_Stollx.o                  158
    iar_Stopfx.o                  290
    iar_Stoullx.o                 442       80
[...]
                         0x802'0209    0x23e  Code  Gb  tslDatahand.o [1]
tag_verify_community     0x802'008d    0x15c  Code  Gb  tslDatahand.o [1]
tag_verify_time          0x802'045d    0x156  Code  Gb  tslDatahand.o [1]
tag_verify_village       0x801'fcfd     0xca  Code  Gb  tslDatahand.o [1]
task_keep_alive          0x800'd441      0xa  Code  Gb  freertos.o [1]
tempwd                  0x2000'0a38     0x18  Data  Gb  tempwd.o [1]
tim_pwm_mspinit          0x802'9f9d     0x38  Code  Gb  pwm.o [1]
time                    0x2001'51e8      0x4  Data  Gb  timer.o [1]
time_to_stamp            0x801'a3c7     0x76  Code  Gb  bsp_rtc.o [1]
timer                   0x2000'0a50      0xc  Data  Gb  timer.o [1]
timerCalculateTimer      0x802'9e91      0xc  Code  Gb  st25_timer.o [1]
timerCnt                0x2001'51ed      0x1  Data  Lc  bm77.o [1]
timerHandle             0x2000'05dc      0x1  Data  Lc  open_log.o [1]
timerIsExpired           0x802'9e9d      0xe  Code  Gb  st25_timer.o [1]
timerStart              0x2001'51ec      0x1  Data  Lc  bm77.o [1]
timerTaskId             0x2001'51e4      0x1  Data  Gb  timer.o [1]
timer_isr                0x801'1e9d     0x2a  Code  Gb  timer.o [1]
timer_malloc             0x801'1ec9     0x28  Code  Gb  timer.o [1]
timer_malloc::__func__   0x801'1f74     0x10  Data  Lc  timer.o [1]
timer_register_isr       0x801'1f2d     0x42  Code  Gb  timer.o [1]
timer_start_time         0x801'1f0f     0x1e  Code  Gb  timer.o [1]
timer_stop_time          0x801'1ef1     0x1e  Code  Gb  timer.o [1]
tmalloc_large            0x801'b3b7    0x386  Code  Lc  dlmalloc.o [2]
tmalloc_small            0x801'b73d    0x200  Code  Lc  dlmalloc.o [2]
tolower                  0x802'68a5     0x14  Code  Gb  tolower.o [2]
topicPath               0x2000'050c     0xd0  Data  Gb  mqtt_task.o [1]
touchKey                0x2000'047c      0x8  Data  Lc  key_task.o [1]
touch_key_clear          0x801'5855     0x18  Code  Lc  key_task.o [1]
touch_key_exit_interrupt
                         0x802'a3b5     0x22  Code  Lc  CY8CMBR3116.o [1]
touch_key_init           0x802'a3d9     0x54  Code  Gb  CY8CMBR3116.o [1]
tranPort                0x2000'0290      0x4  Data  Lc  CY8CMBR3116.o [1]
try_realloc_chunk        0x801'c0f7    0x318  Code  Lc  dlmalloc.o [2]
tslMqttTask             0x2001'5234      0x4  Data  Gb  tsl_mqtt.o [1]
tsl_mqtt_recv_message    0x802'2685     0x6e  Code  Gb  tsl_mqtt.o [1]
twinkle_set              0x801'c4a9     0x24  Code  Gb  twinkle.o [1]
twinkle_timer_isr        0x801'c4cd     0x68  Code  Gb  twinkle.o [1]
twinkle_timer_isr_led    0x803'194d     0x4e  Code  Gb  sys_led.o [1]
txBuf                   0x2001'4018    0x100  Data  Lc  st25_spi.o [1]
u_boot_cmd$$Base        0x2000'0bc0            --   Gb  - Linker created -
u_boot_cmd$$Limit       0x2000'0c98            --   Gb  - Linker created -
ucHeap                  0x2000'0cf8  0x11800  Data  Lc  heap_4.o [1]
ucMaxSysCallPriority    0x2000'062c      0x1  Data  Lc  port.o [1]
uhADCxConvertedValue    0x2001'51fa      0x2  Data  Gb  adc.o [1]
ulMaxPRIGROUPValue      0x2000'0634      0x4  Data  Lc  port.o [1]
update_offset            0x802'5abb     0x1a  Code  Lc  cJSON.o [1]
upfilterRequest          0x802'1db1     0x9a  Code  Gb  tsl_mqtt.o [1]
upfilterRequest::__FUNCTION__
                         0x802'1e4c     0x10  Data  Lc  tsl_mqtt.o [1]
upkeepAlive              0x802'1e8d     0xba  Code  Gb  tsl_mqtt.o [1]
upkeepAlive::__FUNCTION__
                         0x802'1f50      0xc  Data  Lc  tsl_mqtt.o [1]
upuploadAccessLog_card   0x802'1a49     0xda  Code  Gb  tsl_mqtt.o [1]
upuploadAccessLog_card::__FUNCTION__
                         0x802'1b24     0x18  Data  Lc  tsl_mqtt.o [1]
upuploadAccessLog_indoor
                         0x802'1b95     0x34  Code  Gb  tsl_mqtt.o [1]
upuploadAccessLog_indoor::__FUNCTION__
                         0x802'1bfc     0x1c  Data  Lc  tsl_mqtt.o [1]
upuploadAccessLog_pwd    0x802'1b49     0x34  Code  Gb  tsl_mqtt.o [1]
upuploadAccessLog_pwd::__FUNCTION__
                         0x802'1b7c     0x18  Data  Lc  tsl_mqtt.o [1]
upuploadAccessSensor     0x802'1c91     0x66  Code  Gb  tsl_mqtt.o [1]
upuploadAccessSensor::__FUNCTION__
                         0x802'1d28     0x18  Data  Lc  tsl_mqtt.o [1]
upuploadDeviceInfo       0x802'19a5     0x5c  Code  Gb  tsl_mqtt.o [1]
upuploadDeviceInfo::__FUNCTION__
                         0x802'1a00     0x14  Data  Lc  tsl_mqtt.o [1]
upuploadDevicever        0x802'1905     0x88  Code  Gb  tsl_mqtt.o [1]
upuploadDevicever::__FUNCTION__
                         0x802'1990     0x14  Data  Lc  tsl_mqtt.o [1]
utf16_literal_to_utf8    0x802'5bcd     0xd4  Code  Lc  cJSON.o [1]
uwTick                  0x2001'522c      0x4  Data  Gb  stm32l4xx_hal.o [1]
uxCriticalNesting       0x2000'0630      0x4  Data  Lc  port.o [1]
uxCurrentNumberOfTasks  0x2001'4548      0x4  Data  Lc  tasks.o [1]
uxDeletedTasksWaitingCleanUp
                        0x2001'4530      0x4  Data  Lc  tasks.o [1]
uxListRemove             0x801'94db     0x24  Code  Gb  list.o [1]
uxPendedTicks           0x2001'4558      0x4  Data  Lc  tasks.o [1]
uxSchedulerSuspended    0x2001'456c      0x4  Data  Lc  tasks.o [1]
uxTaskNumber            0x2001'4564      0x4  Data  Lc  tasks.o [1]
uxTaskResetEventItemValue
                         0x800'f9f1     0x16  Code  Gb  tasks.o [1]
uxTopReadyPriority      0x2001'4550      0x4  Data  Lc  tasks.o [1]
vApplicationTickHook::tick
                        0x2001'510c      0x4  Data  Lc  cpu_utils.o [1]
vListInitialise          0x801'946f     0x1a  Code  Gb  list.o [1]
vListInitialiseItem      0x801'9489      0x6  Code  Gb  list.o [1]
vListInsert              0x801'94a9     0x32  Code  Gb  list.o [1]
vListInsertEnd           0x801'948f     0x1a  Code  Gb  list.o [1]
vPortEnableVFP           0x803'373d           Code  Gb  portasm.o [1]
vPortEnterCritical       0x801'8669     0x3a  Code  Gb  port.o [1]
vPortEnterCritical::__func__
                         0x801'8790     0x14  Data  Lc  port.o [1]
vPortExitCritical        0x801'86a9     0x24  Code  Gb  port.o [1]
vPortExitCritical::__func__
                         0x801'87a4     0x14  Data  Lc  port.o [1]
vPortFree                0x801'9361     0x5a  Code  Gb  heap_4.o [1]
vPortFree::__func__      0x801'9428      0xc  Data  Lc  heap_4.o [1]
vPortStartFirstTask      0x803'3725           Code  Gb  portasm.o [1]
vPortValidateInterruptPriority
                         0x801'86e9     0x48  Code  Gb  port.o [1]
vPortValidateInterruptPriority::__func__
                         0x801'87b8     0x20  Data  Lc  port.o [1]
vTaskDelay               0x800'f331     0x38  Code  Gb  tasks.o [1]
vTaskDelay::__func__     0x800'f368      0xc  Data  Lc  tasks.o [1]
vTaskMissedYield         0x800'f81b      0xa  Code  Gb  tasks.o [1]
vTaskName                0x800'fabf      0xa  Code  Gb  tasks.o [1]
vTaskPlaceOnEventList    0x800'f619     0x32  Code  Gb  tasks.o [1]
vTaskPlaceOnEventList::__func__
                         0x800'fb30     0x18  Data  Lc  tasks.o [1]
vTaskPlaceOnUnorderedEventList
                         0x800'f65f     0x56  Code  Gb  tasks.o [1]
vTaskPlaceOnUnorderedEventList::__func__
                         0x800'fb48     0x20  Data  Lc  tasks.o [1]
vTaskPriorityInherit     0x800'f8c5     0x72  Code  Gb  tasks.o [1]
vTaskSetTimeOutState     0x800'f77b     0x28  Code  Gb  tasks.o [1]
vTaskSetTimeOutState::__func__
                         0x800'fb84     0x18  Data  Lc  tasks.o [1]
vTaskStackAddr           0x800'faaf      0x8  Code  Gb  tasks.o [1]
vTaskStackSize           0x800'fab7      0x8  Code  Gb  tasks.o [1]
vTaskStartScheduler      0x800'f3b3     0x60  Code  Gb  tasks.o [1]
vTaskStartScheduler::__func__
                         0x800'fadc     0x14  Data  Lc  tasks.o [1]
vTaskSuspendAll          0x800'f41b      0xc  Code  Gb  tasks.o [1]
vTaskSwitchContext       0x800'f5b5     0x64  Code  Gb  tasks.o [1]
vTaskSwitchContext::__func__
                         0x800'fb1c     0x14  Data  Lc  tasks.o [1]
vsprintf                 0x800'fc65     0x34  Code  Gb  vsprintf.o [2]
w5500InitStatus         0x2000'0a62      0x1  Data  Gb  w5500_config.o [1]
w5500Mac                0x2000'0a64      0x8  Data  Gb  w5500_config.o [1]
w5500Port               0x2001'5238      0x4  Data  Gb  w5500_drv.o [1]
w5500_chip_disable       0x803'343b      0xc  Code  Gb  w5500_drv.o [1]
w5500_chip_enable        0x803'342f      0xc  Code  Gb  w5500_drv.o [1]
w5500_close              0x803'2a2d     0x32  Code  Gb  w5500_config.o [1]
w5500_config             0x803'2bed     0x52  Code  Gb  w5500_config.o [1]
w5500_config_init        0x803'2371     0x5e  Code  Gb  w5500_config.o [1]
w5500_connect            0x803'2815    0x1f4  Code  Gb  w5500_config.o [1]
w5500_dhcp               0x803'2307     0x5e  Code  Gb  w5500_config.o [1]
w5500_disconnect         0x803'2641     0x36  Code  Gb  w5500_config.o [1]
w5500_dns_to_host        0x803'268d    0x156  Code  Gb  w5500_config.o [1]
w5500_drv_init           0x803'3461     0x68  Code  Gb  w5500_drv.o [1]
w5500_drv_resert         0x803'340d     0x22  Code  Gb  w5500_drv.o [1]
w5500_init               0x803'23d5    0x250  Code  Gb  w5500_config.o [1]
w5500_ip_assign          0x803'2261      0x4  Code  Gb  w5500_config.o [1]
w5500_ip_conflict        0x803'22d1     0x36  Code  Gb  w5500_config.o [1]
w5500_ip_update          0x803'2265      0x2  Code  Gb  w5500_config.o [1]
w5500_isOK               0x803'2639      0x8  Code  Gb  w5500_config.o [1]
w5500_line_connect       0x803'2251     0x10  Code  Gb  w5500_config.o [1]
w5500_print_net_info     0x803'20d1    0x148  Code  Gb  w5500_config.o [1]
w5500_read_byte          0x803'3453      0xc  Code  Gb  w5500_drv.o [1]
w5500_run                0x803'2a6d    0x162  Code  Gb  w5500_config.o [1]
w5500_run::__FUNCTION__
                         0x803'2eec      0xc  Data  Lc  w5500_config.o [1]
w5500_send               0x803'2a23      0xa  Code  Gb  w5500_config.o [1]
w5500_set_mac            0x803'2221     0x30  Code  Gb  w5500_config.o [1]
w5500_task               0x803'2c3f     0x52  Code  Lc  w5500_config.o [1]
w5500_write_byte         0x803'3447      0xc  Code  Gb  w5500_drv.o [1]
wctob                    0x802'434d     0x32  Code  Gb  wctob.o [2]
wifi                    0x2000'03ac     0x18  Data  Gb  esp12s.o [1]
wifiReceiveMode         0x2000'0367      0x1  Data  Lc  esp12s.o [1]
wifiRun                 0x2000'0364      0x1  Data  Gb  esp12s.o [1]
wifiRunStatus           0x2000'0365      0x1  Data  Gb  esp12s.o [1]
wifi_check_power_on      0x802'd2a9     0x7a  Code  Gb  esp12s.o [1]
wifi_module_receive      0x802'da4b     0x52  Code  Gb  esp12s.o [1]
wifi_rx_data_analisys    0x802'd72b    0x2e2  Code  Lc  esp12s.o [1]
wifi_send_command        0x802'cc4d     0x92  Code  Gb  esp12s.o [1]
wifi_send_data           0x802'cbcd     0x18  Code  Gb  esp12s.o [1]
wifi_send_receive        0x802'cbe5     0x66  Code  Gb  esp12s.o [1]
wifi_send_receive_repeat
                         0x802'cd63     0x30  Code  Gb  esp12s.o [1]
wifi_set_connect_ap      0x802'cd95     0xd0  Code  Gb  esp12s.o [1]
wifi_set_default         0x802'cec1    0x262  Code  Gb  esp12s.o [1]
wifi_wait_data           0x802'cd09     0x4e  Code  Gb  esp12s.o [1]
wiz_recv_data            0x802'bd27     0x34  Code  Gb  w5500.o [1]
wiz_recv_ignore          0x802'bd7f     0x3a  Code  Gb  w5500.o [1]
wiz_send_data            0x802'bce1     0x34  Code  Gb  w5500.o [1]
wizchip_bus_readdata     0x803'2f99      0x4  Code  Gb  wizchip_conf.o [1]
wizchip_bus_writedata    0x803'2f9d      0x4  Code  Gb  wizchip_conf.o [1]
wizchip_clrinterrupt     0x803'31d1     0x1e  Code  Gb  wizchip_conf.o [1]
wizchip_cris_enter       0x803'2f91      0x2  Code  Gb  wizchip_conf.o [1]
wizchip_cris_exit        0x803'2f93      0x2  Code  Gb  wizchip_conf.o [1]
wizchip_cs_deselect      0x803'2f97      0x2  Code  Gb  wizchip_conf.o [1]
wizchip_cs_select        0x803'2f95      0x2  Code  Gb  wizchip_conf.o [1]
wizchip_getinterrupt     0x803'31ef     0x1a  Code  Gb  wizchip_conf.o [1]
wizchip_getinterruptmask
                         0x803'3225     0x14  Code  Gb  wizchip_conf.o [1]
wizchip_getnetinfo       0x803'3389     0x3e  Code  Gb  wizchip_conf.o [1]
wizchip_init             0x803'3165     0x6c  Code  Gb  wizchip_conf.o [1]
wizchip_setinterruptmask
                         0x803'3209     0x1c  Code  Gb  wizchip_conf.o [1]
wizchip_setnetinfo       0x803'334b     0x3e  Code  Gb  wizchip_conf.o [1]
wizchip_spi_readbyte     0x803'2fa1      0x4  Code  Gb  wizchip_conf.o [1]
wizchip_spi_writebyte    0x803'2fa5      0x2  Code  Gb  wizchip_conf.o [1]
wizchip_sw_reset         0x803'30ef     0x76  Code  Gb  wizchip_conf.o [1]
wizphy_getphyconf        0x803'32c9     0x44  Code  Gb  wizchip_conf.o [1]
wizphy_getphypmode       0x803'3241     0x14  Code  Gb  wizchip_conf.o [1]
wizphy_reset             0x803'3255     0x22  Code  Gb  wizchip_conf.o [1]
wizphy_setphyconf        0x803'3281     0x40  Code  Gb  wizchip_conf.o [1]
wizphy_setphypmode       0x803'330d     0x3e  Code  Gb  wizchip_conf.o [1]
writeCString             0x802'6ae9     0x28  Code  Gb  MQTTPacket.o [1]
writeChar                0x802'6abf      0xc  Code  Gb  MQTTPacket.o [1]
writeInt                 0x802'6acb     0x1e  Code  Gb  MQTTPacket.o [1]
writeMQTTString          0x802'6b11     0x36  Code  Gb  MQTTPacket.o [1]
writePos                0x2001'5160      0x4  Data  Gb  sysCntSave.o [1]
xBlockAllocatedBit      0x2000'0cf4      0x4  Data  Lc  heap_4.o [1]
xBtSemaphore            0x2001'4d7c      0x4  Data  Gb  freertos.o [1]
xChipFlashSemaphore     0x2001'4d78      0x4  Data  Gb  freertos.o [1]
xConsoleSemaphore       0x2001'4d70      0x4  Data  Gb  freertos.o [1]
xDelayedTaskList1       0x2001'4570     0x14  Data  Lc  tasks.o [1]
xDelayedTaskList2       0x2001'4584     0x14  Data  Lc  tasks.o [1]
xEventGroupClearBits     0x801'2949     0x4c  Code  Gb  event_groups.o [1]
xEventGroupClearBits::__func__
                         0x801'2a64     0x18  Data  Lc  event_groups.o [1]
xEventGroupCreate        0x801'2821     0x1a  Code  Gb  event_groups.o [1]
xEventGroupSetBits       0x801'29a5     0x90  Code  Gb  event_groups.o [1]
xEventGroupSetBits::__func__
                         0x801'2a7c     0x14  Data  Lc  event_groups.o [1]
xEventGroupWaitBits      0x801'283d     0xfa  Code  Gb  event_groups.o [1]
xEventGroupWaitBits::__func__
                         0x801'2a50     0x14  Data  Lc  event_groups.o [1]
xFlashSemaphore         0x2001'4d74      0x4  Data  Gb  freertos.o [1]
xFreeBytesRemaining     0x2000'0cec      0x4  Data  Lc  heap_4.o [1]
xHigherPriorityTaskWoken
                        0x2000'0370      0x4  Data  Lc  esp12s.o [1]
xHigherPriorityTaskWoken
                        0x2000'0940      0x4  Data  Gb  sim800c.o [1]
xHttpRecvQueue          0x2001'4db0      0x4  Data  Gb  freertos.o [1]
xIdleHandle             0x2001'50f8      0x4  Data  Gb  cpu_utils.o [1]
xIdleTaskHandle         0x2001'4598      0x4  Data  Lc  tasks.o [1]
xKeyQueue               0x2001'4da4      0x4  Data  Gb  freertos.o [1]
xLogQueue               0x2001'4da0      0x4  Data  Gb  freertos.o [1]
xMinimumEverFreeBytesRemaining
                        0x2000'0cf0      0x4  Data  Lc  heap_4.o [1]
xMqttOtaSemaphore       0x2001'4d98      0x4  Data  Gb  freertos.o [1]
xMqttRecvQueue          0x2001'4dac      0x4  Data  Gb  freertos.o [1]
xMqttRecvSemaphore      0x2001'4d94      0x4  Data  Gb  freertos.o [1]
xMqttSendQueue          0x2001'4da8      0x4  Data  Gb  freertos.o [1]
xNextTaskUnblockTime    0x2001'4568      0x4  Data  Lc  tasks.o [1]
xNumOfOverflows         0x2001'4560      0x4  Data  Lc  tasks.o [1]
xPendingReadyList       0x2001'44fc     0x14  Data  Lc  tasks.o [1]
xPortStartScheduler      0x801'85b1     0xa6  Code  Gb  port.o [1]
xPortStartScheduler::__func__
                         0x801'877c     0x14  Data  Lc  port.o [1]
xPortSysTickHandler      0x801'86cd     0x1c  Code  Gb  port.o [1]
xQueueCreateMutex        0x801'217b     0x28  Code  Gb  queue.o [1]
xQueueGenericCreate      0x801'2121     0x44  Code  Gb  queue.o [1]
xQueueGenericCreate::__func__
                         0x801'2750     0x14  Data  Lc  queue.o [1]
xQueueGenericReceive     0x801'245d    0x172  Code  Gb  queue.o [1]
xQueueGenericReceive::__func__
                         0x801'27a8     0x18  Data  Lc  queue.o [1]
xQueueGenericReset       0x801'209d     0x84  Code  Gb  queue.o [1]
xQueueGenericReset::__func__
                         0x801'273c     0x14  Data  Lc  queue.o [1]
xQueueGenericSend        0x801'21a3    0x168  Code  Gb  queue.o [1]
xQueueGenericSend::__func__
                         0x801'2764     0x14  Data  Lc  queue.o [1]
xQueueGenericSendFromISR
                         0x801'2319     0xa4  Code  Gb  queue.o [1]
xQueueGenericSendFromISR::__func__
                         0x801'2778     0x1c  Data  Lc  queue.o [1]
xQueueGiveFromISR        0x801'23c5     0x98  Code  Gb  queue.o [1]
xQueueGiveFromISR::__func__
                         0x801'2794     0x14  Data  Lc  queue.o [1]
xSchedulerRunning       0x2001'4554      0x4  Data  Lc  tasks.o [1]
xSocketCmdSemaphore     0x2001'4d8c      0x4  Data  Gb  freertos.o [1]
xSocketConnectSemaphore
                        0x2001'4d90      0x4  Data  Gb  freertos.o [1]
xSocketSemaphore        0x2001'4d84      0x4  Data  Gb  freertos.o [1]
xSocketSendSemaphore    0x2001'4d88      0x4  Data  Gb  freertos.o [1]
xStart                  0x2000'0ce0      0x8  Data  Lc  heap_4.o [1]
xSuspendedTaskList      0x2001'4534     0x14  Data  Lc  tasks.o [1]
xTaskCheckForTimeOut     0x800'f7a3     0x78  Code  Gb  tasks.o [1]
xTaskCheckForTimeOut::__func__
                         0x800'fb9c     0x18  Data  Lc  tasks.o [1]
xTaskCreate              0x800'f1a9     0x58  Code  Gb  tasks.o [1]
xTaskGetCurrentTaskHandle
                         0x800'f8a5      0x8  Code  Gb  tasks.o [1]
xTaskGetSchedulerState   0x800'f8ad     0x18  Code  Gb  tasks.o [1]
xTaskGetTickCountFromISR
                         0x800'f4db      0xe  Code  Gb  tasks.o [1]
xTaskIncrementTick       0x800'f4e9     0xcc  Code  Gb  tasks.o [1]
xTaskIncrementTick::__func__
                         0x800'fb08     0x14  Data  Lc  tasks.o [1]
xTaskPriorityDisinherit
                         0x800'f93d     0x9a  Code  Gb  tasks.o [1]
xTaskPriorityDisinherit::__func__
                         0x800'fbb4     0x18  Data  Lc  tasks.o [1]
xTaskRemoveFromEventList
                         0x800'f6b9     0x5e  Code  Gb  tasks.o [1]
xTaskRemoveFromEventList::__func__
                         0x800'fb68     0x1c  Data  Lc  tasks.o [1]
xTaskRemoveFromUnorderedEventList
                         0x800'f717     0x5a  Code  Gb  tasks.o [1]
xTaskRemoveFromUnorderedEventList::__func__
                         0x803'6d74     0x24  Data  Lc  tasks.o [1]
xTaskResumeAll           0x800'f427     0xa4  Code  Gb  tasks.o [1]
xTaskResumeAll::__func__
                         0x800'faf8     0x10  Data  Lc  tasks.o [1]
xTasksWaitingTermination
                        0x2001'4510     0x14  Data  Lc  tasks.o [1]
xTickCount              0x2001'454c      0x4  Data  Lc  tasks.o [1]
xUsartNetSemaphore      0x2001'4d80      0x4  Data  Gb  freertos.o [1]
xWatchdogEventGroup     0x2001'4d9c      0x4  Data  Gb  freertos.o [1]
xYieldPending           0x2001'455c      0x4  Data  Lc  tasks.o [1]


[1] = D:\git\AAAA\TOUCH-BLUE\EWARM\Seed_STM32L471RE\Obj
[2] = dl7M_tlf.a
[3] = m7M_tls.a
[4] = rt7M_tl.a
[5] = shb_l.a

  169 816 bytes of readonly  code memory
   20 492 bytes of readonly  data memory
   98 891 bytes of readwrite data memory (+ 13 724 absolute)

Errors: none
Warnings: none
