###############################################################################
#
# IAR ELF Linker V8.32.1.169/W32 for ARM                  26/Nov/2021  12:53:10
# Copyright 2007-2018 IAR Systems AB.
#
#    Output file  =  
#        D:\TSBrowserDownloads\JD-TOUCH\bootloader\Debug\Exe\bootloader.out
#    Map file     =  
#        D:\TSBrowserDownloads\JD-TOUCH\bootloader\Debug\List\bootloader.map
#    Command line =  
#        -f C:\Users\KOSON~1.GON\AppData\Local\Temp\EWD8F7.tmp
#        (D:\TSBrowserDownloads\JD-TOUCH\bootloader\Debug\Obj\adc.o
#        D:\TSBrowserDownloads\JD-TOUCH\bootloader\Debug\Obj\bl_spi_flash.o
#        D:\TSBrowserDownloads\JD-TOUCH\bootloader\Debug\Obj\bootloader_main.o
#        D:\TSBrowserDownloads\JD-TOUCH\bootloader\Debug\Obj\bootloader_stm32l4xx_it.o
#        D:\TSBrowserDownloads\JD-TOUCH\bootloader\Debug\Obj\bootloader_system_stm32l4xx.o
#        D:\TSBrowserDownloads\JD-TOUCH\bootloader\Debug\Obj\bsp_rtc.o
#        D:\TSBrowserDownloads\JD-TOUCH\bootloader\Debug\Obj\chipFlash.o
#        D:\TSBrowserDownloads\JD-TOUCH\bootloader\Debug\Obj\crc16.o
#        D:\TSBrowserDownloads\JD-TOUCH\bootloader\Debug\Obj\crc32.o
#        D:\TSBrowserDownloads\JD-TOUCH\bootloader\Debug\Obj\flash_sector.o
#        D:\TSBrowserDownloads\JD-TOUCH\bootloader\Debug\Obj\freertos.o
#        D:\TSBrowserDownloads\JD-TOUCH\bootloader\Debug\Obj\gpio.o
#        D:\TSBrowserDownloads\JD-TOUCH\bootloader\Debug\Obj\hal_spi.o
#        D:\TSBrowserDownloads\JD-TOUCH\bootloader\Debug\Obj\iwdg.o
#        D:\TSBrowserDownloads\JD-TOUCH\bootloader\Debug\Obj\md5.o
#        D:\TSBrowserDownloads\JD-TOUCH\bootloader\Debug\Obj\rtc.o
#        D:\TSBrowserDownloads\JD-TOUCH\bootloader\Debug\Obj\serial.o
#        D:\TSBrowserDownloads\JD-TOUCH\bootloader\Debug\Obj\spi.o
#        D:\TSBrowserDownloads\JD-TOUCH\bootloader\Debug\Obj\startup_stm32l471xx.o
#        D:\TSBrowserDownloads\JD-TOUCH\bootloader\Debug\Obj\stm32l4xx_hal.o
#        D:\TSBrowserDownloads\JD-TOUCH\bootloader\Debug\Obj\stm32l4xx_hal_adc.o
#        D:\TSBrowserDownloads\JD-TOUCH\bootloader\Debug\Obj\stm32l4xx_hal_adc_ex.o
#        D:\TSBrowserDownloads\JD-TOUCH\bootloader\Debug\Obj\stm32l4xx_hal_cortex.o
#        D:\TSBrowserDownloads\JD-TOUCH\bootloader\Debug\Obj\stm32l4xx_hal_dma.o
#        D:\TSBrowserDownloads\JD-TOUCH\bootloader\Debug\Obj\stm32l4xx_hal_dma_ex.o
#        D:\TSBrowserDownloads\JD-TOUCH\bootloader\Debug\Obj\stm32l4xx_hal_flash.o
#        D:\TSBrowserDownloads\JD-TOUCH\bootloader\Debug\Obj\stm32l4xx_hal_flash_ex.o
#        D:\TSBrowserDownloads\JD-TOUCH\bootloader\Debug\Obj\stm32l4xx_hal_gpio.o
#        D:\TSBrowserDownloads\JD-TOUCH\bootloader\Debug\Obj\stm32l4xx_hal_iwdg.o
#        D:\TSBrowserDownloads\JD-TOUCH\bootloader\Debug\Obj\stm32l4xx_hal_msp.o
#        D:\TSBrowserDownloads\JD-TOUCH\bootloader\Debug\Obj\stm32l4xx_hal_pwr.o
#        D:\TSBrowserDownloads\JD-TOUCH\bootloader\Debug\Obj\stm32l4xx_hal_pwr_ex.o
#        D:\TSBrowserDownloads\JD-TOUCH\bootloader\Debug\Obj\stm32l4xx_hal_rcc.o
#        D:\TSBrowserDownloads\JD-TOUCH\bootloader\Debug\Obj\stm32l4xx_hal_rcc_ex.o
#        D:\TSBrowserDownloads\JD-TOUCH\bootloader\Debug\Obj\stm32l4xx_hal_rtc.o
#        D:\TSBrowserDownloads\JD-TOUCH\bootloader\Debug\Obj\stm32l4xx_hal_rtc_ex.o
#        D:\TSBrowserDownloads\JD-TOUCH\bootloader\Debug\Obj\stm32l4xx_hal_spi.o
#        D:\TSBrowserDownloads\JD-TOUCH\bootloader\Debug\Obj\stm32l4xx_hal_spi_ex.o
#        D:\TSBrowserDownloads\JD-TOUCH\bootloader\Debug\Obj\stm32l4xx_hal_tim.o
#        D:\TSBrowserDownloads\JD-TOUCH\bootloader\Debug\Obj\stm32l4xx_hal_tim_ex.o
#        D:\TSBrowserDownloads\JD-TOUCH\bootloader\Debug\Obj\stm32l4xx_hal_uart.o
#        D:\TSBrowserDownloads\JD-TOUCH\bootloader\Debug\Obj\stm32l4xx_hal_uart_ex.o
#        D:\TSBrowserDownloads\JD-TOUCH\bootloader\Debug\Obj\stm32l4xx_hal_usart.o
#        D:\TSBrowserDownloads\JD-TOUCH\bootloader\Debug\Obj\stm32l4xx_hal_usart_ex.o
#        D:\TSBrowserDownloads\JD-TOUCH\bootloader\Debug\Obj\tim.o
#        D:\TSBrowserDownloads\JD-TOUCH\bootloader\Debug\Obj\unit.o
#        D:\TSBrowserDownloads\JD-TOUCH\bootloader\Debug\Obj\usart.o --redirect
#        _Printf=_PrintfFull --redirect _Scanf=_ScanfFull --no_out_extension -o
#        D:\TSBrowserDownloads\JD-TOUCH\bootloader\Debug\Exe\bootloader.out
#        --map
#        D:\TSBrowserDownloads\JD-TOUCH\bootloader\Debug\List\bootloader.map
#        --config
#        D:\TSBrowserDownloads\JD-TOUCH\bootloader/stm32l471xx_flash.icf
#        --semihosting --entry __iar_program_start --vfe --text_out locale)
#
###############################################################################

*******************************************************************************
*** RUNTIME MODEL ATTRIBUTES
***

CppFlavor       = *
__SystemLibrary = DLib
__dlib_version  = 6


*******************************************************************************
*** HEAP SELECTION
***

The basic heap was selected because no calls to memory allocation
functions were found in the application outside of system library
functions, and there are calls to deallocation functions in the
application.


*******************************************************************************
*** PLACEMENT SUMMARY
***

"A0":  place at 0x800'0000 { ro section .intvec };
"P1":  place in [from 0x800'0000 to 0x80f'ffff] { ro };
define block CSTACK with size = 4K, alignment = 8 { };
define block HEAP with size = 1K, alignment = 8 { };
"P2":  place in [from 0x2000'0000 to 0x2001'7fff] {
          rw, block CSTACK, block HEAP };
initialize by copy { rw };

  Section            Kind         Address    Size  Object
  -------            ----         -------    ----  ------
"A0":                                       0x188
  .intvec            ro code   0x800'0000   0x188  startup_stm32l471xx.o [1]
                             - 0x800'0188   0x188

"P1":                                      0x8827
  .text              ro code   0x800'0188   0xf46  xprintffull.o [2]
  .text              ro code   0x800'10ce    0x7a  lz77_init_single.o [4]
  .text              ro code   0x800'1148    0x78  xlocale_c.o [2]
  .text              ro code   0x800'11c0    0x16  strchr.o [4]
  .text              ro code   0x800'11d6    0x3a  zero_init3.o [4]
  .text              ro code   0x800'1210    0x40  xfail_s.o [2]
  .text              ro code   0x800'1250    0x36  strlen.o [4]
  .text              ro code   0x800'1286    0x1e  xencoding_8859_1.o [2]
  .text              ro code   0x800'12a4    0x58  memchr.o [4]
  .text              ro code   0x800'12fc     0xa  xmbcurmax.o [2]
  .text              ro code   0x800'1308    0xa6  ABImemcpy.o [4]
  .text              ro code   0x800'13b0   0x230  I64DivMod.o [4]
  .text              ro code   0x800'15e0   0x1a2  DblMul.o [3]
  .text              ro code   0x800'1784    0x70  frexp.o [3]
  .text              ro code   0x800'17f4    0x2e  DblCmpLe.o [3]
  .text              ro code   0x800'1824    0x2e  DblCmpGe.o [3]
  .text              ro code   0x800'1854   0x13a  ldexp.o [3]
  .text              ro code   0x800'1990    0x3a  DblToS32.o [3]
  .text              ro code   0x800'19cc    0x22  S32ToDbl.o [3]
  .text              ro code   0x800'19f0    0xe2  DblSub.o [3]
  .text              ro code   0x800'1ad4   0x246  DblDiv.o [3]
  .text              ro code   0x800'1d1c    0x28  DblToU32.o [3]
  .text              ro code   0x800'1d44    0x1a  U32ToDbl.o [3]
  .text              ro code   0x800'1d5e     0x6  abort.o [2]
  .text              ro code   0x800'1d64     0x2  I64DivZer.o [4]
  .text              ro code   0x800'1d68   0x16a  DblAdd.o [3]
  .text              ro code   0x800'1ed4    0x14  exit.o [5]
  .text              ro code   0x800'1ee8   0xd56  bootloader_main.o [1]
  .text              ro code   0x800'2c40    0x28  printf.o [2]
  .text              ro code   0x800'2c68   0x138  unit.o [1]
  .text              ro code   0x800'2da0   0x2a0  chipFlash.o [1]
  .text              ro code   0x800'3040    0x66  ABImemset.o [4]
  .text              ro code   0x800'30a8    0x30  crc16.o [1]
  .text              ro code   0x800'30d8   0x280  stm32l4xx_hal_flash.o [1]
  .text              ro code   0x800'3358   0x1e0  stm32l4xx_hal_flash_ex.o [1]
  .text              ro code   0x800'3538    0x6e  stm32l4xx_hal_iwdg.o [1]
  .text              ro code   0x800'35a8    0x16  stm32l4xx_hal.o [1]
  .text              ro code   0x800'35c0   0x130  gpio.o [1]
  .text              ro code   0x800'36f0   0x1d8  rtc.o [1]
  .text              ro code   0x800'38c8   0x13c  spi.o [1]
  .text              ro code   0x800'3a04   0x570  usart.o [1]
  .text              ro code   0x800'3f74    0x38  iwdg.o [1]
  .text              ro code   0x800'3fac   0x394  bl_spi_flash.o [1]
  .text              ro code   0x800'4340    0x1e  stm32l4xx_hal.o [1]
  .text              ro code   0x800'4360   0x880  stm32l4xx_hal_rcc.o [1]
  .text              ro code   0x800'4be0   0x698  stm32l4xx_hal_rcc_ex.o [1]
  .text              ro code   0x800'5278    0x94  stm32l4xx_hal_pwr_ex.o [1]
  .text              ro code   0x800'530c   0x160  stm32l4xx_hal_cortex.o [1]
  .text              ro code   0x800'546c     0xc  stm32l4xx_hal.o [1]
  .text              ro code   0x800'5478    0x28  stm32l4xx_hal.o [1]
  .text              ro code   0x800'54a0    0x90  stm32l4xx_hal_msp.o [1]
  .text              ro code   0x800'5530   0x3a0  stm32l4xx_hal_gpio.o [1]
  .text              ro code   0x800'58d0   0x6e6  stm32l4xx_hal_rtc.o [1]
  .text              ro code   0x800'5fb8    0x1c  stm32l4xx_hal_rtc_ex.o [1]
  .text              ro code   0x800'5fd4   0x9e0  stm32l4xx_hal_spi.o [1]
  .text              ro code   0x800'69b4   0x94a  stm32l4xx_hal_uart.o [1]
  .text              ro code   0x800'7300    0x9c  flash_sector.o [1]
  .text              ro code   0x800'739c   0x426  bsp_rtc.o [1]
  .text              ro code   0x800'77c2     0x2  stm32l4xx_hal_rtc_ex.o [1]
  .text              ro code   0x800'77c4    0x52  stm32l4xx_hal_dma.o [1]
  .text              ro code   0x800'7816     0x2  stm32l4xx_hal_spi.o [1]
  .text              ro code   0x800'7818     0x2  stm32l4xx_hal_uart_ex.o [1]
  .text              ro code   0x800'781a     0x2  stm32l4xx_hal_uart.o [1]
  .rodata            const     0x800'781c   0x200  crc16.o [1]
  .rodata            const     0x800'7a1c   0x190  bsp_rtc.o [1]
  .text              ro code   0x800'7bac   0x176  stm32l4xx_hal_tim.o [1]
  .text              ro code   0x800'7d22     0x2  stm32l4xx_hal_tim.o [1]
  .text              ro code   0x800'7d24     0x2  stm32l4xx_hal_tim.o [1]
  .text              ro code   0x800'7d26     0x2  stm32l4xx_hal_tim.o [1]
  .text              ro code   0x800'7d28    0x14  tim.o [1]
  .text              ro code   0x800'7d3c     0x2  stm32l4xx_hal_tim_ex.o [1]
  .text              ro code   0x800'7d3e     0x2  stm32l4xx_hal_tim.o [1]
  .text              ro code   0x800'7d40     0x2  stm32l4xx_hal_tim_ex.o [1]
  .text              ro code   0x800'7d44    0xe8  hal_spi.o [1]
  .text              ro code   0x800'7e2c    0x12  strcmp.o [4]
  .text              ro code   0x800'7e40    0x84  bootloader_stm32l4xx_it.o [1]
  .text              ro code   0x800'7ec4    0x10  stm32l4xx_hal.o [1]
  .text              ro code   0x800'7ed4    0x68  serial.o [1]
  .text              ro code   0x800'7f3c    0x60  bootloader_system_stm32l4xx.o [1]
  .rodata            const     0x800'7f9c    0x4c  bootloader_main.o [1]
  .rodata            const     0x800'7fe8    0x4c  bootloader_main.o [1]
  .rodata            const     0x800'8034    0x48  bootloader_main.o [1]
  .rodata            const     0x800'807c    0x44  bootloader_main.o [1]
  .rodata            const     0x800'80c0    0x3c  bootloader_main.o [1]
  .rodata            const     0x800'80fc    0x3c  bootloader_main.o [1]
  .rodata            const     0x800'8138    0x3c  bsp_rtc.o [1]
  .rodata            const     0x800'8174    0x38  bootloader_main.o [1]
  .rodata            const     0x800'81ac    0x34  bootloader_main.o [1]
  .rodata            const     0x800'81e0    0x30  bootloader_main.o [1]
  .rodata            const     0x800'8210    0x30  bootloader_system_stm32l4xx.o [1]
  .rodata            const     0x800'8240    0x2c  bootloader_main.o [1]
  .rodata            const     0x800'826c    0x2c  bootloader_main.o [1]
  .rodata            const     0x800'8298    0x2c  iwdg.o [1]
  .rodata            const     0x800'82c4    0x2c  rtc.o [1]
  .rodata            const     0x800'82f0    0x2c  spi.o [1]
  .rodata            const     0x800'831c    0x2c  usart.o [1]
  .rodata            const     0x800'8348    0x28  bootloader_main.o [1]
  .text              ro code   0x800'8370    0x28  data_init.o [4]
  .rodata            const     0x800'8398    0x24  bootloader_main.o [1]
  .rodata            const     0x800'83bc    0x24  chipFlash.o [1]
  .text              ro code   0x800'83e0    0x22  fpinit_M.o [3]
  .iar.init_table    const     0x800'8404    0x20  - Linker created -
  .rodata            const     0x800'8424    0x20  bootloader_main.o [1]
  .rodata            const     0x800'8444    0x20  unit.o [1]
  .text              ro code   0x800'8464    0x1e  cmain.o [4]
  .text              ro code   0x800'8482     0x4  low_level_init.o [2]
  .text              ro code   0x800'8486     0x4  exit.o [2]
  .text              ro code   0x800'848c     0xa  cexit.o [4]
  .rodata            const     0x800'8498    0x1c  bootloader_main.o [1]
  .rodata            const     0x800'84b4    0x1c  bootloader_main.o [1]
  .rodata            const     0x800'84d0    0x1c  bootloader_main.o [1]
  .rodata            const     0x800'84ec    0x18  bootloader_main.o [1]
  .rodata            const     0x800'8504    0x18  bsp_rtc.o [1]
  .text              ro code   0x800'851c    0x16  xprout.o [2]
  .text              ro code   0x800'8534     0xc  putchar.o [2]
  .rodata            const     0x800'8540    0x14  bootloader_main.o [1]
  .rodata            const     0x800'8554    0x14  bootloader_main.o [1]
  .rodata            const     0x800'8568    0x14  bootloader_main.o [1]
  .rodata            const     0x800'857c    0x14  bootloader_main.o [1]
  .rodata            const     0x800'8590    0x14  chipFlash.o [1]
  .rodata            const     0x800'85a4    0x14  flash_sector.o [1]
  .rodata            const     0x800'85b8    0x10  bl_spi_flash.o [1]
  .rodata            const     0x800'85c8    0x10  bootloader_main.o [1]
  .rodata            const     0x800'85d8    0x10  bootloader_main.o [1]
  .rodata            const     0x800'85e8    0x10  bootloader_system_stm32l4xx.o [1]
  .text              ro code   0x800'85f8    0x10  startup_stm32l471xx.o [1]
  .rodata            const     0x800'8608     0xc  bl_spi_flash.o [1]
  .rodata            const     0x800'8614     0xc  bootloader_main.o [1]
  .rodata            const     0x800'8620     0xc  bootloader_main.o [1]
  .rodata            const     0x800'862c     0xc  bootloader_main.o [1]
  .rodata            const     0x800'8638     0xc  bootloader_main.o [1]
  .rodata            const     0x800'8644     0xc  bsp_rtc.o [1]
  .rodata            const     0x800'8650     0xc  bsp_rtc.o [1]
  .rodata            const     0x800'865c     0xc  bsp_rtc.o [1]
  .text              ro code   0x800'8668     0xc  cstartup_M.o [4]
  .rodata            const     0x800'8674     0x8  bl_spi_flash.o [1]
  .rodata            const     0x800'867c     0x8  bl_spi_flash.o [1]
  .rodata            const     0x800'8684     0x8  bl_spi_flash.o [1]
  .rodata            const     0x800'868c     0x8  bl_spi_flash.o [1]
  .rodata            const     0x800'8694     0x8  bootloader_main.o [1]
  .rodata            const     0x800'869c     0x8  bootloader_main.o [1]
  .rodata            const     0x800'86a4     0x8  bootloader_main.o [1]
  .rodata            const     0x800'86ac     0x8  bootloader_main.o [1]
  .rodata            const     0x800'86b4     0x8  bootloader_main.o [1]
  .rodata            const     0x800'86bc     0x8  bootloader_main.o [1]
  .rodata            const     0x800'86c4     0x8  bootloader_main.o [1]
  .rodata            const     0x800'86cc     0x8  bootloader_system_stm32l4xx.o [1]
  .rodata            const     0x800'86d4     0x8  bsp_rtc.o [1]
  .rodata            const     0x800'86dc     0x8  bsp_rtc.o [1]
  .rodata            const     0x800'86e4     0x8  bsp_rtc.o [1]
  .rodata            const     0x800'86ec     0x8  bsp_rtc.o [1]
  .rodata            const     0x800'86f4     0x8  chipFlash.o [1]
  .rodata            const     0x800'86fc     0x8  chipFlash.o [1]
  .rodata            const     0x800'8704     0x8  chipFlash.o [1]
  .rodata            const     0x800'870c     0x8  chipFlash.o [1]
  .rodata            const     0x800'8714     0x8  flash_sector.o [1]
  .rodata            const     0x800'871c     0x8  flash_sector.o [1]
  .rodata            const     0x800'8724     0x8  flash_sector.o [1]
  .rodata            const     0x800'872c     0x8  hal_spi.o [1]
  .rodata            const     0x800'8734     0x8  hal_spi.o [1]
  .rodata            const     0x800'873c     0x8  hal_spi.o [1]
  .rodata            const     0x800'8744     0x8  serial.o [1]
  .rodata            const     0x800'874c     0x8  serial.o [1]
  .rodata            const     0x800'8754     0x8  serial.o [1]
  .rodata            const     0x800'875c     0x8  serial.o [1]
  .rodata            const     0x800'8764     0x8  serial.o [1]
  .rodata            const     0x800'876c     0x8  unit.o [1]
  .rodata            const     0x800'8774     0x8  unit.o [1]
  .rodata            const     0x800'877c     0x8  unit.o [1]
  .rodata            const     0x800'8784     0x8  unit.o [1]
  .rodata            const     0x800'878c     0x8  unit.o [1]
  .rodata            const     0x800'8794     0x8  unit.o [1]
  .rodata            const     0x800'879c     0x8  unit.o [1]
  .rodata            const     0x800'87a4     0x8  unit.o [1]
  .rodata            const     0x800'87ac     0x6  xlocale_c.o [2]
  .rodata            const     0x800'87b4     0x4  bsp_rtc.o [1]
  .text              ro code   0x800'87b8     0x4  startup_stm32l471xx.o [1]
  .text              ro code   0x800'87bc     0x4  startup_stm32l471xx.o [1]
  .text              ro code   0x800'87c0     0x4  startup_stm32l471xx.o [1]
  .text              ro code   0x800'87c4     0x4  startup_stm32l471xx.o [1]
  .text              ro code   0x800'87c8     0x4  startup_stm32l471xx.o [1]
  .text              ro code   0x800'87cc     0x4  startup_stm32l471xx.o [1]
  .text              ro code   0x800'87d0     0x4  startup_stm32l471xx.o [1]
  .text              ro code   0x800'87d4     0x4  startup_stm32l471xx.o [1]
  .text              ro code   0x800'87d8     0x4  startup_stm32l471xx.o [1]
  .text              ro code   0x800'87dc     0x4  startup_stm32l471xx.o [1]
  .text              ro code   0x800'87e0     0x4  startup_stm32l471xx.o [1]
  .text              ro code   0x800'87e4     0x4  startup_stm32l471xx.o [1]
  .text              ro code   0x800'87e8     0x4  startup_stm32l471xx.o [1]
  .text              ro code   0x800'87ec     0x4  startup_stm32l471xx.o [1]
  .text              ro code   0x800'87f0     0x4  startup_stm32l471xx.o [1]
  .text              ro code   0x800'87f4     0x4  startup_stm32l471xx.o [1]
  .text              ro code   0x800'87f8     0x4  startup_stm32l471xx.o [1]
  .text              ro code   0x800'87fc     0x4  startup_stm32l471xx.o [1]
  .text              ro code   0x800'8800     0x4  startup_stm32l471xx.o [1]
  .text              ro code   0x800'8804     0x4  startup_stm32l471xx.o [1]
  .text              ro code   0x800'8808     0x4  startup_stm32l471xx.o [1]
  .text              ro code   0x800'880c     0x4  startup_stm32l471xx.o [1]
  .text              ro code   0x800'8810     0x4  startup_stm32l471xx.o [1]
  .text              ro code   0x800'8814     0x4  startup_stm32l471xx.o [1]
  .text              ro code   0x800'8818     0x4  startup_stm32l471xx.o [1]
  .text              ro code   0x800'881c     0x4  startup_stm32l471xx.o [1]
  .text              ro code   0x800'8820     0x4  startup_stm32l471xx.o [1]
  .text              ro code   0x800'8824     0x4  startup_stm32l471xx.o [1]
  .text              ro code   0x800'8828     0x4  startup_stm32l471xx.o [1]
  .text              ro code   0x800'882c     0x4  startup_stm32l471xx.o [1]
  .text              ro code   0x800'8830     0x4  startup_stm32l471xx.o [1]
  .text              ro code   0x800'8834     0x4  startup_stm32l471xx.o [1]
  .text              ro code   0x800'8838     0x4  startup_stm32l471xx.o [1]
  .text              ro code   0x800'883c     0x4  startup_stm32l471xx.o [1]
  .text              ro code   0x800'8840     0x4  startup_stm32l471xx.o [1]
  .text              ro code   0x800'8844     0x4  startup_stm32l471xx.o [1]
  .text              ro code   0x800'8848     0x4  startup_stm32l471xx.o [1]
  .text              ro code   0x800'884c     0x4  startup_stm32l471xx.o [1]
  .text              ro code   0x800'8850     0x4  startup_stm32l471xx.o [1]
  .text              ro code   0x800'8854     0x4  startup_stm32l471xx.o [1]
  .text              ro code   0x800'8858     0x4  startup_stm32l471xx.o [1]
  .text              ro code   0x800'885c     0x4  startup_stm32l471xx.o [1]
  .text              ro code   0x800'8860     0x4  startup_stm32l471xx.o [1]
  .text              ro code   0x800'8864     0x4  startup_stm32l471xx.o [1]
  .text              ro code   0x800'8868     0x4  startup_stm32l471xx.o [1]
  .text              ro code   0x800'886c     0x4  startup_stm32l471xx.o [1]
  .text              ro code   0x800'8870     0x4  startup_stm32l471xx.o [1]
  .text              ro code   0x800'8874     0x4  startup_stm32l471xx.o [1]
  .text              ro code   0x800'8878     0x4  startup_stm32l471xx.o [1]
  .text              ro code   0x800'887c     0x4  startup_stm32l471xx.o [1]
  .text              ro code   0x800'8880     0x4  startup_stm32l471xx.o [1]
  .text              ro code   0x800'8884     0x4  startup_stm32l471xx.o [1]
  .text              ro code   0x800'8888     0x4  startup_stm32l471xx.o [1]
  .text              ro code   0x800'888c     0x4  startup_stm32l471xx.o [1]
  .text              ro code   0x800'8890     0x4  startup_stm32l471xx.o [1]
  .text              ro code   0x800'8894     0x4  startup_stm32l471xx.o [1]
  .text              ro code   0x800'8898     0x4  startup_stm32l471xx.o [1]
  .text              ro code   0x800'889c     0x4  startup_stm32l471xx.o [1]
  .text              ro code   0x800'88a0     0x4  startup_stm32l471xx.o [1]
  .text              ro code   0x800'88a4     0x4  startup_stm32l471xx.o [1]
  .text              ro code   0x800'88a8     0x4  startup_stm32l471xx.o [1]
  .text              ro code   0x800'88ac     0x4  startup_stm32l471xx.o [1]
  .text              ro code   0x800'88b0     0x4  startup_stm32l471xx.o [1]
  .text              ro code   0x800'88b4     0x4  startup_stm32l471xx.o [1]
  .text              ro code   0x800'88b8     0x4  startup_stm32l471xx.o [1]
  .text              ro code   0x800'88bc     0x4  startup_stm32l471xx.o [1]
  .text              ro code   0x800'88c0     0x4  startup_stm32l471xx.o [1]
  .text              ro code   0x800'88c4     0x4  startup_stm32l471xx.o [1]
  .text              ro code   0x800'88c8     0x4  startup_stm32l471xx.o [1]
  .text              ro code   0x800'88cc     0x4  startup_stm32l471xx.o [1]
  .text              ro code   0x800'88d0     0x4  startup_stm32l471xx.o [1]
  .text              ro code   0x800'88d4     0x4  startup_stm32l471xx.o [1]
  .text              ro code   0x800'88d8     0x4  startup_stm32l471xx.o [1]
  .rodata            const     0x800'88dc     0x0  zero_init3.o [4]
  .rodata            const     0x800'88dc     0x0  lz77_init_single.o [4]
  Initializer bytes  const     0x800'88dc    0xd3  <for P2-1>
                             - 0x800'89af  0x8827

"P2", part 1 of 3:                          0x170
  P2-1                        0x2000'0000   0x170  <Init block>
    .data            inited   0x2000'0000    0x1c  bl_spi_flash.o [1]
    .data            inited   0x2000'001c     0x4  bootloader_system_stm32l4xx.o [1]
    .data            inited   0x2000'0020    0x18  bsp_rtc.o [1]
    .data            inited   0x2000'0038    0x18  hal_spi.o [1]
    .data            inited   0x2000'0050    0x14  hal_spi.o [1]
    .data            inited   0x2000'0064    0x28  serial.o [1]
    .data            inited   0x2000'008c    0x10  serial.o [1]
    .data            inited   0x2000'009c     0x4  unit.o [1]
    .data            inited   0x2000'00a0    0x38  xlocale_c.o [2]
    .data            inited   0x2000'00d8    0x48  xlocale_c.o [2]
    .data            inited   0x2000'0120    0x48  xfiles.o [2]
    __modules_init   inited   0x2000'0168     0x8  bl_spi_flash.o [1]
                            - 0x2000'0170   0x170

"P2", part 2 of 3:                         0x1650
  .bss               zero     0x2000'0170  0x1000  bl_spi_flash.o [1]
  .bss               zero     0x2000'1170   0x1a4  bootloader_main.o [1]
  .bss               zero     0x2000'1314    0x7c  usart.o [1]
  .bss               zero     0x2000'1390    0x7c  usart.o [1]
  .bss               zero     0x2000'140c    0x7c  usart.o [1]
  .bss               zero     0x2000'1488    0x7c  usart.o [1]
  .bss               zero     0x2000'1504    0x7c  usart.o [1]
  .bss               zero     0x2000'1580    0x64  spi.o [1]
  .bss               zero     0x2000'15e4    0x64  spi.o [1]
  .bss               zero     0x2000'1648    0x64  spi.o [1]
  .bss               zero     0x2000'16ac    0x50  xfiles.o [2]
  .bss               zero     0x2000'16fc    0x40  tim.o [1]
  .bss               zero     0x2000'173c    0x24  rtc.o [1]
  .bss               zero     0x2000'1760    0x20  stm32l4xx_hal_flash.o [1]
  .bss               zero     0x2000'1780    0x10  iwdg.o [1]
  .bss               zero     0x2000'1790     0x4  bl_spi_flash.o [1]
  .bss               zero     0x2000'1794     0x4  bootloader_main.o [1]
  .bss               zero     0x2000'1798     0x4  bootloader_main.o [1]
  .bss               zero     0x2000'179c     0x4  bootloader_main.o [1]
  .bss               zero     0x2000'17a0     0x4  flash_sector.o [1]
  .bss               zero     0x2000'17a4     0x4  flash_sector.o [1]
  .bss               zero     0x2000'17a8     0x4  flash_sector.o [1]
  .bss               zero     0x2000'17ac     0x4  flash_sector.o [1]
  .bss               zero     0x2000'17b0     0x4  flash_sector.o [1]
  .bss               zero     0x2000'17b4     0x4  stm32l4xx_hal.o [1]
  .bss               zero     0x2000'17b8     0x4  xfail_s.o [2]
  .bss               zero     0x2000'17bc     0x1  freertos.o [1]
                            - 0x2000'17bd  0x164d

"P2", part 3 of 3:                         0x1000
  CSTACK                      0x2000'17c0  0x1000  <Block>
    CSTACK           uninit   0x2000'17c0  0x1000  <Block tail>
                            - 0x2000'27c0  0x1000

Unused ranges:

         From           To      Size
         ----           --      ----
   0x800'89af   0x80f'ffff  0xf'7651
  0x2000'27c0  0x2001'7fff  0x1'5840


*******************************************************************************
*** INIT TABLE
***

          Address      Size
          -------      ----
Zero (__iar_zero_init3)
    1 destination range, total size 0x164d:
          0x2000'0170  0x164d

Copy/lz77 (__iar_lz77_init_single3)
    1 source range, total size 0xd3 (57% of destination):
           0x800'88dc    0xd3
    1 destination range, total size 0x170:
          0x2000'0000   0x170



*******************************************************************************
*** MODULE SUMMARY
***

    Module                         ro code  ro data  rw data
    ------                         -------  -------  -------
command line/config:
    --------------------------------------------------------
    Total:

D:\TSBrowserDownloads\JD-TOUCH\bootloader\Debug\Obj: [1]
    bl_spi_flash.o                     916       81    4 136
    bootloader_main.o                3 414    1 088      432
    bootloader_stm32l4xx_it.o          132
    bootloader_system_stm32l4xx.o       96       74        4
    bsp_rtc.o                        1 062      570       24
    chipFlash.o                        672       88
    crc16.o                             48      512
    flash_sector.o                     156       44       20
    freertos.o                                             1
    gpio.o                             304
    hal_spi.o                          232       49       44
    iwdg.o                              56       44       16
    rtc.o                              472       44       36
    serial.o                           104       72       56
    spi.o                              316       44      300
    startup_stm32l471xx.o              700
    stm32l4xx_hal.o                    120                 4
    stm32l4xx_hal_cortex.o             352
    stm32l4xx_hal_dma.o                 82
    stm32l4xx_hal_flash.o              640                32
    stm32l4xx_hal_flash_ex.o           480
    stm32l4xx_hal_gpio.o               928
    stm32l4xx_hal_iwdg.o               110
    stm32l4xx_hal_msp.o                144
    stm32l4xx_hal_pwr_ex.o             148
    stm32l4xx_hal_rcc.o              2 176
    stm32l4xx_hal_rcc_ex.o           1 688
    stm32l4xx_hal_rtc.o              1 766
    stm32l4xx_hal_rtc_ex.o              30
    stm32l4xx_hal_spi.o              2 530
    stm32l4xx_hal_tim.o                382
    stm32l4xx_hal_tim_ex.o               4
    stm32l4xx_hal_uart.o             2 380
    stm32l4xx_hal_uart_ex.o              2
    tim.o                               20                64
    unit.o                             312       98        4
    usart.o                          1 392       44      620
    --------------------------------------------------------
    Total:                          24 366    2 852    5 793

dl7M_tlf.a: [2]
    abort.o                              6
    exit.o                               4
    low_level_init.o                     4
    printf.o                            40
    putchar.o                           12
    xencoding_8859_1.o                  30
    xfail_s.o                           64                 4
    xfiles.o                                     41      152
    xlocale_c.o                        120       80      128
    xmbcurmax.o                         10
    xprintffull.o                    3 910
    xprout.o                            22
    --------------------------------------------------------
    Total:                           4 222      121      284

m7M_tls.a: [3]
    DblAdd.o                           362
    DblCmpGe.o                          46
    DblCmpLe.o                          46
    DblDiv.o                           582
    DblMul.o                           418
    DblSub.o                           226
    DblToS32.o                          58
    DblToU32.o                          40
    S32ToDbl.o                          34
    U32ToDbl.o                          26
    fpinit_M.o                          34
    frexp.o                            112
    ldexp.o                            314
    --------------------------------------------------------
    Total:                           2 298

rt7M_tl.a: [4]
    ABImemcpy.o                        166
    ABImemset.o                        102
    I64DivMod.o                        560
    I64DivZer.o                          2
    cexit.o                             10
    cmain.o                             30
    cstartup_M.o                        12
    data_init.o                         40
    lz77_init_single.o                 122
    memchr.o                            88
    strchr.o                            22
    strcmp.o                            18
    strlen.o                            54
    zero_init3.o                        58
    --------------------------------------------------------
    Total:                           1 284

shb_l.a: [5]
    exit.o                              20
    --------------------------------------------------------
    Total:                              20

    Gaps                                46        6
    Linker created                               32    4 096
------------------------------------------------------------
    Grand Total:                    32 236    3 011   10 173


*******************************************************************************
*** ENTRY LIST
***

Entry                       Address    Size  Type      Object
-----                       -------    ----  ----      ------
.iar.init_table$$Base    0x800'8404           --   Gb  - Linker created -
.iar.init_table$$Limit   0x800'8424           --   Gb  - Linker created -
?main                    0x800'8465          Code  Gb  cmain.o [4]
AHBPrescTable            0x800'85e8    0x10  Data  Gb  bootloader_system_stm32l4xx.o [1]
APBPrescTable            0x800'86cc     0x8  Data  Gb  bootloader_system_stm32l4xx.o [1]
BusFault_Handler         0x800'7e47     0x2  Code  Gb  bootloader_stm32l4xx_it.o [1]
CRC16_CCITT              0x800'2c69    0x3a  Code  Gb  unit.o [1]
CSTACK$$Base            0x2000'17c0           --   Gb  - Linker created -
CSTACK$$Limit           0x2000'27c0           --   Gb  - Linker created -
CacheMore                0x800'114d    0x24  Code  Lc  xlocale_c.o [2]
DebugMon_Handler         0x800'7e4b     0x2  Code  Gb  bootloader_stm32l4xx_it.o [1]
FLASH_Erase              0x800'238d    0x96  Code  Lc  bootloader_main.o [1]
FLASH_FlushCaches        0x800'34cb    0x5a  Code  Gb  stm32l4xx_hal_flash_ex.o [1]
FLASH_Init               0x800'22af    0x16  Code  Lc  bootloader_main.o [1]
FLASH_MassErase          0x800'3455    0x2e  Code  Lc  stm32l4xx_hal_flash_ex.o [1]
FLASH_PageErase          0x800'3483    0x48  Code  Gb  stm32l4xx_hal_flash_ex.o [1]
FLASH_Program_DoubleWord
                         0x800'32fb    0x16  Code  Lc  stm32l4xx_hal_flash.o [1]
FLASH_Program_Fast       0x800'3311    0x28  Code  Lc  stm32l4xx_hal_flash.o [1]
FLASH_SetErrorCode       0x800'3237    0xc4  Code  Lc  stm32l4xx_hal_flash.o [1]
FLASH_WaitForLastOperation
                         0x800'31b7    0x80  Code  Gb  stm32l4xx_hal_flash.o [1]
FLASH_Write              0x800'2423    0x60  Code  Lc  bootloader_main.o [1]
FLASH_Write              0x800'2e55    0x70  Code  Gb  chipFlash.o [1]
GetBank                  0x800'22c5    0x6c  Code  Lc  bootloader_main.o [1]
GetBank                  0x800'2da1    0x62  Code  Lc  chipFlash.o [1]
GetPage                  0x800'2335    0x58  Code  Lc  bootloader_main.o [1]
GetPage                  0x800'2e03    0x52  Code  Lc  chipFlash.o [1]
HAL_DMA_Abort_IT         0x800'77c5    0x52  Code  Gb  stm32l4xx_hal_dma.o [1]
HAL_Delay                0x800'4341    0x1e  Code  Wk  stm32l4xx_hal.o [1]
HAL_FLASHEx_Erase        0x800'3359    0xfc  Code  Gb  stm32l4xx_hal_flash_ex.o [1]
HAL_FLASH_Lock           0x800'31a9     0xe  Code  Gb  stm32l4xx_hal_flash.o [1]
HAL_FLASH_Program        0x800'30d9    0xb6  Code  Gb  stm32l4xx_hal_flash.o [1]
HAL_FLASH_Unlock         0x800'318f    0x1a  Code  Gb  stm32l4xx_hal_flash.o [1]
HAL_GPIO_DeInit          0x800'5721   0x16c  Code  Gb  stm32l4xx_hal_gpio.o [1]
HAL_GPIO_Init            0x800'5531   0x1f0  Code  Gb  stm32l4xx_hal_gpio.o [1]
HAL_GPIO_WritePin        0x800'588d    0x12  Code  Gb  stm32l4xx_hal_gpio.o [1]
HAL_GetTick              0x800'546d     0xc  Code  Wk  stm32l4xx_hal.o [1]
HAL_IWDG_Init            0x800'3539    0x62  Code  Gb  stm32l4xx_hal_iwdg.o [1]
HAL_IWDG_Refresh         0x800'359b     0xc  Code  Gb  stm32l4xx_hal_iwdg.o [1]
HAL_IncTick              0x800'7ec5    0x10  Code  Wk  stm32l4xx_hal.o [1]
HAL_Init                 0x800'35a9    0x16  Code  Gb  stm32l4xx_hal.o [1]
HAL_InitTick             0x800'5479    0x28  Code  Wk  stm32l4xx_hal.o [1]
HAL_MspInit              0x800'54a1    0x90  Code  Gb  stm32l4xx_hal_msp.o [1]
HAL_NVIC_DisableIRQ      0x800'541b     0xa  Code  Gb  stm32l4xx_hal_cortex.o [1]
HAL_NVIC_EnableIRQ       0x800'5411     0xa  Code  Gb  stm32l4xx_hal_cortex.o [1]
HAL_NVIC_SetPriority     0x800'53ef    0x22  Code  Gb  stm32l4xx_hal_cortex.o [1]
HAL_NVIC_SetPriorityGrouping
                         0x800'53e7     0x8  Code  Gb  stm32l4xx_hal_cortex.o [1]
HAL_PWREx_ControlVoltageScaling
                         0x800'5285    0x76  Code  Gb  stm32l4xx_hal_pwr_ex.o [1]
HAL_PWREx_GetVoltageRange
                         0x800'5279     0xc  Code  Gb  stm32l4xx_hal_pwr_ex.o [1]
HAL_RCCEx_PeriphCLKConfig
                         0x800'4be1   0x3d8  Code  Gb  stm32l4xx_hal_rcc_ex.o [1]
HAL_RCC_ClockConfig      0x800'4873   0x1ac  Code  Gb  stm32l4xx_hal_rcc.o [1]
HAL_RCC_GetHCLKFreq      0x800'4aef     0x6  Code  Gb  stm32l4xx_hal_rcc.o [1]
HAL_RCC_GetPCLK1Freq     0x800'4af5    0x16  Code  Gb  stm32l4xx_hal_rcc.o [1]
HAL_RCC_GetPCLK2Freq     0x800'4b0b    0x16  Code  Gb  stm32l4xx_hal_rcc.o [1]
HAL_RCC_GetSysClockFreq
                         0x800'4a1f    0xd0  Code  Gb  stm32l4xx_hal_rcc.o [1]
HAL_RCC_OscConfig        0x800'4361   0x512  Code  Gb  stm32l4xx_hal_rcc.o [1]
HAL_RTCEx_AlarmBEventCallback
                         0x800'77c3     0x2  Code  Wk  stm32l4xx_hal_rtc_ex.o [1]
HAL_RTCEx_BKUPRead       0x800'5fc7     0xe  Code  Gb  stm32l4xx_hal_rtc_ex.o [1]
HAL_RTCEx_BKUPWrite      0x800'5fb9     0xe  Code  Gb  stm32l4xx_hal_rtc_ex.o [1]
HAL_RTC_AlarmAEventCallback
                         0x800'7719    0x3c  Code  Gb  bsp_rtc.o [1]
HAL_RTC_AlarmIRQHandler
                         0x800'5e79    0x82  Code  Gb  stm32l4xx_hal_rtc.o [1]
HAL_RTC_GetDate          0x800'5c33    0x4e  Code  Gb  stm32l4xx_hal_rtc.o [1]
HAL_RTC_GetTime          0x800'5acd    0x62  Code  Gb  stm32l4xx_hal_rtc.o [1]
HAL_RTC_Init             0x800'58d1    0xdc  Code  Gb  stm32l4xx_hal_rtc.o [1]
HAL_RTC_MspInit          0x800'37f3    0x14  Code  Gb  rtc.o [1]
HAL_RTC_SetAlarm_IT      0x800'5c81   0x1f8  Code  Gb  stm32l4xx_hal_rtc.o [1]
HAL_RTC_SetDate          0x800'5b2f   0x104  Code  Gb  stm32l4xx_hal_rtc.o [1]
HAL_RTC_SetTime          0x800'59ad   0x120  Code  Gb  stm32l4xx_hal_rtc.o [1]
HAL_RTC_WaitForSynchro   0x800'5f15    0x36  Code  Gb  stm32l4xx_hal_rtc.o [1]
HAL_SPI_IRQHandler       0x800'6655   0x10e  Code  Gb  stm32l4xx_hal_spi.o [1]
HAL_SPI_Init             0x800'5fd5    0xc4  Code  Gb  stm32l4xx_hal_spi.o [1]
HAL_SPI_MspInit          0x800'391d    0xc8  Code  Gb  spi.o [1]
HAL_SPI_Receive          0x800'6251   0x18c  Code  Gb  stm32l4xx_hal_spi.o [1]
HAL_SPI_Transmit         0x800'6099   0x1b8  Code  Gb  stm32l4xx_hal_spi.o [1]
HAL_SPI_TransmitReceive
                         0x800'63dd   0x278  Code  Gb  stm32l4xx_hal_spi.o [1]
HAL_SYSTICK_CLKSourceConfig
                         0x800'542d    0x1c  Code  Gb  stm32l4xx_hal_cortex.o [1]
HAL_SYSTICK_Config       0x800'5425     0x8  Code  Gb  stm32l4xx_hal_cortex.o [1]
HAL_TIMEx_BreakCallback
                         0x800'7d3d     0x2  Code  Wk  stm32l4xx_hal_tim_ex.o [1]
HAL_TIMEx_CommutationCallback
                         0x800'7d41     0x2  Code  Wk  stm32l4xx_hal_tim_ex.o [1]
HAL_TIM_IRQHandler       0x800'7bad   0x176  Code  Gb  stm32l4xx_hal_tim.o [1]
HAL_TIM_PeriodElapsedCallback
                         0x800'7d29    0x10  Code  Gb  tim.o [1]
HAL_UARTEx_WakeupCallback
                         0x800'7819     0x2  Code  Wk  stm32l4xx_hal_uart_ex.o [1]
HAL_UART_DeInit          0x800'6a33    0x50  Code  Gb  stm32l4xx_hal_uart.o [1]
HAL_UART_ErrorCallback   0x800'3f6d     0x8  Code  Gb  usart.o [1]
HAL_UART_IRQHandler      0x800'6b4f   0x17e  Code  Gb  stm32l4xx_hal_uart.o [1]
HAL_UART_Init            0x800'69b5    0x7e  Code  Gb  stm32l4xx_hal_uart.o [1]
HAL_UART_MspDeInit       0x800'3cf5    0xbe  Code  Gb  usart.o [1]
HAL_UART_MspInit         0x800'3b7b   0x17a  Code  Gb  usart.o [1]
HAL_UART_Resert          0x800'3e85    0xa6  Code  Gb  usart.o [1]
HAL_UART_SetIrq          0x800'3ddf    0xa6  Code  Gb  usart.o [1]
HAL_UART_Transmit        0x800'6a83    0xcc  Code  Gb  stm32l4xx_hal_uart.o [1]
HardFault_Handler        0x800'7e43     0x2  Code  Gb  bootloader_stm32l4xx_it.o [1]
JumpAddress             0x2000'1798     0x4  Data  Gb  bootloader_main.o [1]
JumpToApplication       0x2000'1794     0x4  Data  Gb  bootloader_main.o [1]
LoadInt                  0x800'034b    0x7a  Code  Lc  xprintffull.o [2]
MSIRangeTable            0x800'8210    0x30  Data  Gb  bootloader_system_stm32l4xx.o [1]
MX_GPIO_Init             0x800'35c1   0x130  Code  Gb  gpio.o [1]
MX_IWDG_Init             0x800'3f75    0x38  Code  Gb  iwdg.o [1]
MX_RTC_Init              0x800'36f1   0x102  Code  Gb  rtc.o [1]
MX_SPI1_Init             0x800'38c9    0x54  Code  Gb  spi.o [1]
MX_UART4_Init            0x800'3a05    0x46  Code  Gb  usart.o [1]
MX_UART5_Init            0x800'3a4b    0x46  Code  Gb  usart.o [1]
MX_USART1_UART_Init      0x800'3a91    0x52  Code  Gb  usart.o [1]
MX_USART2_UART_Init      0x800'3ae3    0x52  Code  Gb  usart.o [1]
MX_USART3_UART_Init      0x800'3b35    0x46  Code  Gb  usart.o [1]
MemManage_Handler        0x800'7e45     0x2  Code  Gb  bootloader_stm32l4xx_it.o [1]
NMI_Handler              0x800'7e41     0x2  Code  Gb  bootloader_stm32l4xx_it.o [1]
NVIC_DisableIRQ          0x800'5345    0x14  Code  Lc  stm32l4xx_hal_cortex.o [1]
NVIC_EnableIRQ           0x800'5331    0x14  Code  Lc  stm32l4xx_hal_cortex.o [1]
NVIC_EncodePriority      0x800'537d    0x3c  Code  Lc  stm32l4xx_hal_cortex.o [1]
NVIC_GetPriorityGrouping
                         0x800'5327     0xa  Code  Lc  stm32l4xx_hal_cortex.o [1]
NVIC_SetPriority         0x800'5359    0x24  Code  Lc  stm32l4xx_hal_cortex.o [1]
NVIC_SetPriorityGrouping
                         0x800'530d    0x1a  Code  Lc  stm32l4xx_hal_cortex.o [1]
NVIC_SystemReset         0x800'1ee9    0x1e  Code  Lc  bootloader_main.o [1]
RCCEx_PLLSAI1_Config     0x800'4fcd   0x158  Code  Lc  stm32l4xx_hal_rcc_ex.o [1]
RCCEx_PLLSAI2_Config     0x800'5125   0x138  Code  Lc  stm32l4xx_hal_rcc_ex.o [1]
RCC_SetFlashLatencyFromMSIRange
                         0x800'4b21    0x7e  Code  Lc  stm32l4xx_hal_rcc.o [1]
RTC_Alarm_IRQHandler     0x800'7e73     0xa  Code  Gb  bootloader_stm32l4xx_it.o [1]
RTC_Bcd2ToByte           0x800'5f9d    0x1a  Code  Gb  stm32l4xx_hal_rtc.o [1]
RTC_ByteToBcd2           0x800'5f85    0x18  Code  Gb  stm32l4xx_hal_rtc.o [1]
RTC_EnterInitMode        0x800'5f4b    0x3a  Code  Gb  stm32l4xx_hal_rtc.o [1]
Region$$Table$$Base      0x800'8404           --   Gb  - Linker created -
Region$$Table$$Limit     0x800'8424           --   Gb  - Linker created -
SPI3_IRQHandler          0x800'7e7d     0xa  Code  Gb  bootloader_stm32l4xx_it.o [1]
SPI_DMAAbortOnError      0x800'6765    0x14  Code  Lc  stm32l4xx_hal_spi.o [1]
SPI_EndRxTransaction     0x800'68c5    0x86  Code  Lc  stm32l4xx_hal_spi.o [1]
SPI_EndRxTxTransaction   0x800'694b    0x6a  Code  Lc  stm32l4xx_hal_spi.o [1]
SPI_WaitFifoStateUntilTimeout
                         0x800'6819    0xac  Code  Lc  stm32l4xx_hal_spi.o [1]
SPI_WaitFlagStateUntilTimeout
                         0x800'6779    0xa0  Code  Lc  stm32l4xx_hal_spi.o [1]
SysTick_Config           0x800'53b9    0x2e  Code  Lc  stm32l4xx_hal_cortex.o [1]
SysTick_Handler          0x800'7e4d     0x8  Code  Gb  bootloader_stm32l4xx_it.o [1]
SystemClock_Config       0x800'2a25   0x10c  Code  Gb  bootloader_main.o [1]
SystemCoreClock         0x2000'001c     0x4  Data  Gb  bootloader_system_stm32l4xx.o [1]
SystemInit               0x800'7f3d    0x42  Code  Gb  bootloader_system_stm32l4xx.o [1]
TIM7_IRQHandler          0x800'7e9b     0xa  Code  Gb  bootloader_stm32l4xx_it.o [1]
UART4_IRQHandler         0x800'7e87     0xa  Code  Gb  bootloader_stm32l4xx_it.o [1]
UART5_IRQHandler         0x800'7e91     0xa  Code  Gb  bootloader_stm32l4xx_it.o [1]
UART_AdvFeatureConfig    0x800'70ed    0xda  Code  Gb  stm32l4xx_hal_uart.o [1]
UART_CheckIdleState      0x800'71c7    0x6e  Code  Gb  stm32l4xx_hal_uart.o [1]
UART_DMAAbortOnError     0x800'72c9    0x16  Code  Lc  stm32l4xx_hal_uart.o [1]
UART_EndRxTransfer       0x800'72a3    0x24  Code  Lc  stm32l4xx_hal_uart.o [1]
UART_EndTransmit_IT      0x800'72e1    0x1e  Code  Lc  stm32l4xx_hal_uart.o [1]
UART_RxISR_Data          0x800'3db3    0x2c  Code  Lc  usart.o [1]
UART_SetConfig           0x800'6ccd   0x3ee  Code  Gb  stm32l4xx_hal_uart.o [1]
UART_WaitOnFlagUntilTimeout
                         0x800'7235    0x6e  Code  Gb  stm32l4xx_hal_uart.o [1]
USART1_IRQHandler        0x800'7e55     0xa  Code  Gb  bootloader_stm32l4xx_it.o [1]
USART2_IRQHandler        0x800'7e5f     0xa  Code  Gb  bootloader_stm32l4xx_it.o [1]
USART3_IRQHandler        0x800'7e69     0xa  Code  Gb  bootloader_stm32l4xx_it.o [1]
UsageFault_Handler       0x800'7e49     0x2  Code  Gb  bootloader_stm32l4xx_it.o [1]
_Encoding_8859_1_Mbrlen
                         0x800'1299     0x2  Code  Gb  xencoding_8859_1.o [2]
_Encoding_8859_1_Wctomb
                         0x800'1287    0x12  Code  Gb  xencoding_8859_1.o [2]
_Error_Handler           0x800'2c3d     0x2  Code  Gb  bootloader_main.o [1]
_GenldFull               0x800'0da9   0x274  Code  Lc  xprintffull.o [2]
_LdtobFull               0x800'09a5   0x3d6  Code  Lc  xprintffull.o [2]
_LitobFull               0x800'0855   0x10a  Code  Lc  xprintffull.o [2]
_Locale_lconv           0x2000'00a0    0x38  Data  Lc  xlocale_c.o [2]
_PrintfFull              0x800'0189   0x1aa  Code  Gb  xprintffull.o [2]
_Prout                   0x800'851d    0x16  Code  Gb  xprout.o [2]
_PutcharsFull            0x800'101d    0x2e  Code  Lc  xprintffull.o [2]
_PutfldFull              0x800'03c5   0x2d4  Code  Lc  xprintffull.o [2]
_PutstrFull              0x800'078f    0xc6  Code  Lc  xprintffull.o [2]
_PuttxtFull              0x800'0699    0xf6  Code  Lc  xprintffull.o [2]
__aeabi_cdcmple          0x800'17f5          Code  Gb  DblCmpLe.o [3]
__aeabi_cdrcmple         0x800'1825          Code  Gb  DblCmpGe.o [3]
__aeabi_d2iz             0x800'1991          Code  Gb  DblToS32.o [3]
__aeabi_d2uiz            0x800'1d1d          Code  Gb  DblToU32.o [3]
__aeabi_ddiv             0x800'1ad5          Code  Gb  DblDiv.o [3]
__aeabi_dmul             0x800'15e1          Code  Gb  DblMul.o [3]
__aeabi_dsub             0x800'19f1          Code  Gb  DblSub.o [3]
__aeabi_i2d              0x800'19cd          Code  Gb  S32ToDbl.o [3]
__aeabi_ldiv0            0x800'1d65          Code  Gb  I64DivZer.o [4]
__aeabi_memcpy           0x800'1309          Code  Gb  ABImemcpy.o [4]
__aeabi_memcpy4          0x800'1329          Code  Gb  ABImemcpy.o [4]
__aeabi_memcpy8          0x800'1329          Code  Gb  ABImemcpy.o [4]
__aeabi_memset           0x800'3041          Code  Gb  ABImemset.o [4]
__aeabi_ui2d             0x800'1d45          Code  Gb  U32ToDbl.o [3]
__aeabi_uldivmod         0x800'13b1          Code  Gb  I64DivMod.o [4]
__cmain                  0x800'8465          Code  Gb  cmain.o [4]
__exit                   0x800'1ed5    0x14  Code  Gb  exit.o [5]
__iar_Fail_s             0x800'1211    0x1c  Code  Gb  xfail_s.o [2]
__iar_Mbcurmax           0x800'12fd     0xa  Code  Gb  xmbcurmax.o [2]
__iar_Memchr             0x800'12a5          Code  Gb  memchr.o [4]
__iar_Memset             0x800'3041          Code  Gb  ABImemset.o [4]
__iar_Memset_word        0x800'3049          Code  Gb  ABImemset.o [4]
__iar_Stdout            0x2000'0120    0x48  Data  Gb  xfiles.o [2]
__iar_Strchr             0x800'11c1          Code  Gb  strchr.o [4]
__iar_dadd               0x800'1a01          Code  Gb  DblSub.o [3]
__iar_data_init3         0x800'8371    0x28  Code  Gb  data_init.o [4]
__iar_dsub               0x800'1d69          Code  Gb  DblAdd.o [3]
__iar_dsubStart          0x800'1d7b          Code  Gb  DblAdd.o [3]
__iar_frexp              0x800'1791          Code  Gb  frexp.o [3]
__iar_frexpl             0x800'1791          Code  Gb  frexp.o [3]
__iar_globLocale        0x2000'00d8    0x48  Data  Lc  xlocale_c.o [2]
__iar_global_Locale      0x800'1149     0x4  Code  Gb  xlocale_c.o [2]
__iar_init_vfp           0x800'83e1          Code  Gb  fpinit_M.o [3]
__iar_ldexp64            0x800'1855          Code  Gb  ldexp.o [3]
__iar_lz77_init_single3
                         0x800'10cf    0x7a  Code  Gb  lz77_init_single.o [4]
__iar_program_start      0x800'8669          Code  Gb  cstartup_M.o [4]
__iar_scalbln64          0x800'1855          Code  Gb  ldexp.o [3]
__iar_scalbn64           0x800'1855          Code  Gb  ldexp.o [3]
__iar_softfp___iar_frexp64
                         0x800'1785          Code  Gb  frexp.o [3]
__iar_softfp_frexp       0x800'1785          Code  Gb  frexp.o [3]
__iar_softfp_frexpl      0x800'1785          Code  Gb  frexp.o [3]
__iar_zero_init3         0x800'11d7    0x3a  Code  Gb  zero_init3.o [4]
__low_level_init         0x800'8483     0x4  Code  Gb  low_level_init.o [2]
__modules_init_spi_flash_init
                        0x2000'0168     0x8  Data  Gb  bl_spi_flash.o [1]
__vector_table           0x800'0000          Data  Gb  startup_stm32l471xx.o [1]
_call_main               0x800'8471          Code  Gb  cmain.o [4]
_exit                    0x800'848d          Code  Gb  cexit.o [4]
_gLocale_mblen           0x800'11ad     0x4  Code  Gb  xlocale_c.o [2]
_gLocale_mblenInt        0x800'1171    0x2c  Code  Gb  xlocale_c.o [2]
_gLocale_wctomb          0x800'11b1     0x4  Code  Gb  xlocale_c.o [2]
_gLocale_wctombInt       0x800'11a9     0x4  Code  Gb  xlocale_c.o [2]
_main                    0x800'847f          Code  Gb  cmain.o [4]
abort                    0x800'1d5f     0x6  Code  Gb  abort.o [2]
bootload_download_to_flash
                         0x800'2483    0xd8  Code  Gb  bootloader_main.o [1]
bootloader_iap           0x800'2581   0x292  Code  Gb  bootloader_main.o [1]
cfg                     0x2000'1170   0x1a4  Data  Gb  bootloader_main.o [1]
chip_flash_earse         0x800'2ec5    0x5e  Code  Gb  chipFlash.o [1]
chip_flash_read          0x800'2fab    0x62  Code  Gb  chipFlash.o [1]
chip_flash_write         0x800'2f23    0x88  Code  Gb  chipFlash.o [1]
clear_ota_mark           0x800'255b    0x1c  Code  Gb  bootloader_main.o [1]
console_getchar          0x800'1f07     0x2  Code  Gb  bootloader_main.o [1]
console_port            0x2000'179c     0x4  Data  Gb  bootloader_main.o [1]
crc16_ccitt              0x800'30a9    0x30  Code  Gb  crc16.o [1]
crc16tab                 0x800'781c   0x200  Data  Lc  crc16.o [1]
endFlashAddr            0x2000'17b0     0x4  Data  Gb  flash_sector.o [1]
exit                     0x800'8487     0x4  Code  Gb  exit.o [2]
fb                      0x2000'0170  0x1000  Data  Gb  bl_spi_flash.o [1]
file_tail16hex           0x800'1f35   0x13e  Code  Gb  bootloader_main.o [1]
flash                   0x2000'0000    0x1c  Data  Gb  bl_spi_flash.o [1]
flash_sector_init        0x800'7301    0x9c  Code  Gb  flash_sector.o [1]
fputc                    0x800'2b45    0x28  Code  Gb  bootloader_main.o [1]
gdwUnixTimeMax           0x800'87b4     0x4  Data  Gb  bsp_rtc.o [1]
gdwUnixTimeStampYear     0x800'7a1c   0x190  Data  Gb  bsp_rtc.o [1]
get_week                 0x800'73bd    0x5c  Code  Gb  bsp_rtc.o [1]
gwUnixTimeStampMonth     0x800'8504    0x18  Data  Gb  bsp_rtc.o [1]
halSpi                  0x2000'0050    0x14  Data  Gb  hal_spi.o [1]
hal_rtc_read             0x800'3807    0x4a  Code  Gb  rtc.o [1]
hal_rtc_set              0x800'3851    0x66  Code  Gb  rtc.o [1]
hal_spi_init             0x800'7d45     0x2  Code  Gb  hal_spi.o [1]
hal_spi_send_and_receive_buffer
                         0x800'7dcd    0x18  Code  Gb  hal_spi.o [1]
hal_spi_send_and_receive_byte
                         0x800'7da7    0x26  Code  Gb  hal_spi.o [1]
hal_spi_set_cs           0x800'7d63    0x44  Code  Gb  hal_spi.o [1]
hal_spi_set_gpio         0x800'7d47    0x1c  Code  Gb  hal_spi.o [1]
hiwdg                   0x2000'1780    0x10  Data  Gb  iwdg.o [1]
hrtc                    0x2000'173c    0x24  Data  Gb  rtc.o [1]
hspi1                   0x2000'1580    0x64  Data  Gb  spi.o [1]
hspi2                   0x2000'15e4    0x64  Data  Gb  spi.o [1]
hspi3                   0x2000'1648    0x64  Data  Gb  spi.o [1]
htim                    0x2000'16fc    0x40  Data  Gb  tim.o [1]
huart1                  0x2000'140c    0x7c  Data  Gb  usart.o [1]
huart2                  0x2000'1488    0x7c  Data  Gb  usart.o [1]
huart3                  0x2000'1504    0x7c  Data  Gb  usart.o [1]
huart4                  0x2000'1314    0x7c  Data  Gb  usart.o [1]
huart5                  0x2000'1390    0x7c  Data  Gb  usart.o [1]
is_leap_year             0x800'739d    0x20  Code  Gb  bsp_rtc.o [1]
jump_application         0x800'2819    0xaa  Code  Gb  bootloader_main.o [1]
ldexp                    0x800'1855          Code  Gb  ldexp.o [3]
ldexpl                   0x800'1855          Code  Gb  ldexp.o [3]
leap_year                0x800'865c     0xc  Data  Lc  bsp_rtc.o [1]
localeconv               0x800'11b5     0x4  Code  Gb  xlocale_c.o [2]
log_arry                 0x800'2cdb    0x92  Code  Gb  unit.o [1]
main                     0x800'28d5   0x132  Code  Gb  bootloader_main.o [1]
memchr                   0x800'12a5          Code  Gb  memchr.o [4]
no_leap_year             0x800'8650     0xc  Data  Lc  bsp_rtc.o [1]
obuf                    0x2000'16ac    0x50  Data  Lc  xfiles.o [2]
openLogDataAddr         0x2000'17ac     0x4  Data  Gb  flash_sector.o [1]
osGetCPUUsage            0x800'2c39     0x4  Code  Gb  bootloader_main.o [1]
ota_ver_file             0x800'2073    0x9a  Code  Gb  bootloader_main.o [1]
pFlash                  0x2000'1760    0x20  Data  Gb  stm32l4xx_hal_flash.o [1]
permiListBootAddr       0x2000'17a4     0x4  Data  Gb  flash_sector.o [1]
permiListDataAddr       0x2000'17a8     0x4  Data  Gb  flash_sector.o [1]
printf                   0x800'2c41    0x28  Code  Gb  printf.o [2]
printf_time              0x800'2ca3    0x38  Code  Gb  unit.o [1]
putchar                  0x800'8535     0xc  Code  Gb  putchar.o [2]
read_sys_cfg             0x800'2177   0x138  Code  Gb  bootloader_main.o [1]
rtc                     0x2000'0020    0x18  Data  Gb  bsp_rtc.o [1]
rtcTimerEnable          0x2000'17bc     0x1  Data  Gb  freertos.o [1]
rtc_read_stamp           0x800'761d    0x18  Code  Gb  bsp_rtc.o [1]
rtc_read_time            0x800'7635    0x2c  Code  Gb  bsp_rtc.o [1]
rtc_set_time             0x800'7601    0x1c  Code  Gb  bsp_rtc.o [1]
rtc_set_time_form_stamp
                         0x800'778d    0x36  Code  Gb  bsp_rtc.o [1]
rtc_stamp_to_time        0x800'76e1    0x38  Code  Gb  bsp_rtc.o [1]
rtc_time_to_stamp        0x800'7661    0x80  Code  Gb  bsp_rtc.o [1]
scalbln                  0x800'1855          Code  Gb  ldexp.o [3]
scalblnl                 0x800'1855          Code  Gb  ldexp.o [3]
scalbn                   0x800'1855          Code  Gb  ldexp.o [3]
scalbnl                  0x800'1855          Code  Gb  ldexp.o [3]
scale                    0x800'095f    0x46  Code  Lc  xprintffull.o [2]
sec_hand                0x2000'17b8     0x4  Data  Lc  xfail_s.o [2]
serial                  0x2000'008c    0x10  Data  Gb  serial.o [1]
serial_console_init      0x800'1f09    0x2a  Code  Gb  bootloader_main.o [1]
serial_init              0x800'7ed5    0x10  Code  Lc  serial.o [1]
serial_open              0x800'7f03    0x34  Code  Gb  serial.o [1]
serial_putc              0x800'7ee5    0x10  Code  Lc  serial.o [1]
serial_puts              0x800'7ef5     0xe  Code  Lc  serial.o [1]
serial_t                0x2000'0064    0x28  Data  Gb  serial.o [1]
spiFlashPort            0x2000'1790     0x4  Data  Lc  bl_spi_flash.o [1]
spi_flash_erase          0x800'42ef     0xe  Code  Lc  bl_spi_flash.o [1]
spi_flash_erase_sector   0x800'3ffd    0x50  Code  Lc  bl_spi_flash.o [1]
spi_flash_init           0x800'42fd    0x20  Code  Gb  bl_spi_flash.o [1]
spi_flash_read           0x800'42cf    0x10  Code  Lc  bl_spi_flash.o [1]
spi_flash_read_buffer    0x800'41e3    0x62  Code  Lc  bl_spi_flash.o [1]
spi_flash_read_chip_id   0x800'4245    0x8a  Code  Lc  bl_spi_flash.o [1]
spi_flash_wait_for_write_end
                         0x800'3fcd    0x30  Code  Lc  bl_spi_flash.o [1]
spi_flash_write          0x800'42df    0x10  Code  Lc  bl_spi_flash.o [1]
spi_flash_write_buffer   0x800'40af   0x134  Code  Lc  bl_spi_flash.o [1]
spi_flash_write_enable   0x800'3fad    0x20  Code  Lc  bl_spi_flash.o [1]
spi_flash_write_page     0x800'404d    0x62  Code  Lc  bl_spi_flash.o [1]
spi_open                 0x800'7de5    0x34  Code  Gb  hal_spi.o [1]
spi_t                   0x2000'0038    0x18  Data  Gb  hal_spi.o [1]
stamp_to_time            0x800'74a7   0x15a  Code  Gb  bsp_rtc.o [1]
strchr                   0x800'11c1          Code  Gb  strchr.o [4]
strcmp                   0x800'7e2d          Code  Gb  strcmp.o [4]
strlen                   0x800'1251          Code  Gb  strlen.o [4]
sysCfgAddr              0x2000'17a0     0x4  Data  Gb  flash_sector.o [1]
sysCfg_save              0x800'2135    0x42  Code  Gb  bootloader_main.o [1]
sysDebugFlag            0x2000'009c     0x4  Data  Gb  unit.o [1]
sys_cfg_read             0x800'210d    0x14  Code  Gb  bootloader_main.o [1]
sys_cfg_write            0x800'2121    0x14  Code  Gb  bootloader_main.o [1]
time_to_stamp            0x800'7419    0x8e  Code  Gb  bsp_rtc.o [1]
timer_isr                0x800'1f33     0x2  Code  Gb  bootloader_main.o [1]
uwTick                  0x2000'17b4     0x4  Data  Gb  stm32l4xx_hal.o [1]


[1] = D:\TSBrowserDownloads\JD-TOUCH\bootloader\Debug\Obj
[2] = dl7M_tlf.a
[3] = m7M_tls.a
[4] = rt7M_tl.a
[5] = shb_l.a

  32 236 bytes of readonly  code memory
   3 011 bytes of readonly  data memory
  10 173 bytes of readwrite data memory

Errors: none
Warnings: none
